******************************************************************************
               TMS320C6x Linker PC v7.4.4                      
******************************************************************************
>> Linked Sat Apr 11 11:26:41 2026

OUTPUT FILE NAME:   <IFD_0410_RAM.out>
ENTRY POINT SYMBOL: "_c_int00"  address: 850a0200


MEMORY CONFIGURATION

         name            origin    length      used     unused   attr    fill
----------------------  --------  ---------  --------  --------  ----  --------
  L2SRAM                00800000   00080000  00001000  0007f000  RW X
  MSMCSRAM              0c000000   00400000  0000061c  003ff9e4  RW X
  DDR3                  80000000   20000000  05123878  1aedc788  RWIX


SEGMENT ALLOCATION MAP

run origin  load origin   length   init length attrs members
----------  ----------- ---------- ----------- ----- -------
00800000    00800000    00001000   00000000    rw-
  00800000    00800000    00001000   00000000    rw- .stack
0c000000    0c000000    00000184   00000184    rw-
  0c000000    0c000000    00000184   00000184    rw- .shared_msmc
0c000200    0c000200    00000498   00000498    rw-
  0c000200    0c000200    00000498   00000498    rw- .nimu_eth_ll2
80000000    80000000    04de876c   00000000    rw-
  80000000    80000000    04000000   00000000    rw- systemHeap
  84000000    84000000    008d4000   00000000    rw- .filter_temp
  848d4000    848d4000    0051476c   00000000    rw- .filter_per_core
84de8770    84de8770    0025f37c   0025f37c    rw-
  84de8770    84de8770    0014f378   0014f378    rw- .far
  84f37ae8    84f37ae8    00110004   00110004    rw- .filter_const
85047af0    85047af0    00000010   00000010    r--
  85047af0    85047af0    00000010   00000010    r-- .const.1
85047b00    85047b00    00062680   00062680    r-x
  85047b00    85047b00    00062620   00062620    r-x .text
  850aa120    850aa120    00000060   00000060    r-- .const.2
850aa180    850aa180    0005ecc0   00000000    rw-
  850aa180    850aa180    00052b00   00000000    rw- .far:NDK_PACKETMEM
  850fcc80    850fcc80    0000c1c0   00000000    rw- .far:NDK_MMBUFFER
85108e40    85108e40    0000ab7a   0000ab7a    r--
  85108e40    85108e40    0000ab7a   0000ab7a    r-- .const.3
851139c0    851139c0    00000040   00000040    rw-
  851139c0    851139c0    00000040   00000040    rw- .fardata.1
85113a00    85113a00    0000a400   00000000    rw-
  85113a00    85113a00    00008000   00000000    rw- .resmgr_memregion
  8511ba00    8511ba00    00002400   00000000    rw- .qmss
8511de00    8511de00    00001caa   00001caa    rw-
  8511de00    8511de00    00001caa   00001caa    rw- .fardata.2
8511fab0    8511fab0    00001488   00000000    rw-
  8511fab0    8511fab0    00001488   00000000    rw- .resmgr_pa
85120f40    85120f40    00000600   00000000    rw-
  85120f40    85120f40    00000600   00000000    rw- .far:NDK_OBJMEM
85121540    85121540    000002bc   000002bc    r--
  85121540    85121540    000002bc   000002bc    r-- .switch.1
85121800    85121800    000003d4   000003d4    r-x
  85121800    85121800    00000200   00000200    r-x .vecs
  85121a00    85121a00    000001d4   000001d4    r-- .switch.2
85121c00    85121c00    0000025c   00000000    rw-
  85121c00    85121c00    00000200   00000000    rw- .cppi
  85121e00    85121e00    0000005c   00000000    rw- .bss
85121e5c    85121e5c    0000017d   0000017d    rw-
  85121e5c    85121e5c    0000017d   0000017d    rw- .neardata
85121fdc    85121fdc    0000003c   0000003c    r--
  85121fdc    85121fdc    0000003c   0000003c    r-- .rodata
85122018    85122018    00000120   00000000    rw-
  85122018    85122018    00000120   00000000    rw- .cio
85122140    85122140    000000a0   00000000    rw-
  85122140    85122140    000000a0   00000000    rw- .resmgr_handles
851221e0    851221e0    000016ec   000016ec    r--
  851221e0    851221e0    000016ec   000016ec    r-- .cinit


SECTION ALLOCATION MAP

 output                                  attributes/
section   page    origin      length       input sections
--------  ----  ----------  ----------   ----------------
.init_array 
*          0    80000000    00000000     UNINITIALIZED

.stack     0    00800000    00001000     UNINITIALIZED
                  00800000    00000008     boot.ae66 : boot.oe66 (.stack)
                  00800008    00000ff8     --HOLE--

.shared_msmc 
*          0    0c000000    00000184     
                  0c000000    00000040     srio.obj (.shared_msmc:uninit) [fill = 0]
                  0c000040    00000010     protocol.obj (.shared_msmc)
                  0c000050    00000010     adaptive_filter.obj (.shared_msmc:uninit) [fill = 0]
                  0c000060    00000004     collect_result_task.obj (.shared_msmc:init)
                  0c000064    00000004     collect_result_task.obj (.shared_msmc:uninit) [fill = 0]
                  0c000068    00000018     --HOLE-- [fill = 0]
                  0c000080    00000018     adaptive_filter.obj (.shared_msmc:init)
                  0c000098    00000068     --HOLE-- [fill = 0]
                  0c000100    00000018     srio.obj (.shared_msmc:init)
                  0c000118    00000068     --HOLE-- [fill = 0]
                  0c000180    00000004     main.obj (.shared_msmc)

.nimu_eth_ll2 
*          0    0c000200    00000498     
                  0c000200    00000488     nimu_eth_c667x.obj (.nimu_eth_ll2:uninit) [fill = 0]
                  0c000688    00000010     nimu_eth_c667x.obj (.nimu_eth_ll2:init)

xdc.meta   0    80000000    000000f0     COPY SECTION
                  80000000    000000f0     IFD_pe66.oe66 (xdc.meta)

systemHeap 
*          0    80000000    04000000     UNINITIALIZED
                  80000000    04000000     IFD_pe66.oe66 (systemHeap)

.filter_temp 
*          0    84000000    008d4000     UNINITIALIZED
                  84000000    008d4000     adaptive_filter.obj (.filter_temp)

.filter_per_core 
*          0    848d4000    0051476c     UNINITIALIZED
                  848d4000    0051476c     adaptive_filter.obj (.filter_per_core)

.far       0    84de8770    0014f378     
                  84de8770    00140150     adaptive_filter.obj (.far) [fill = 0]
                  84f288c0    00006000     IFD_pe66.oe66 (.far:taskStackSection) [fill = 0]
                  84f2e8c0    00005848     net_init.obj (.far) [fill = 0]
                  84f34108    00001018     nand_op.obj (.far) [fill = 0]
                  84f35120    00000840     c66x_nand.obj (.far) [fill = 0]
                  84f35960    00000820     IFD_pe66.oe66 (.far) [fill = 0]
                  84f36180    000007f8     collect_result_task.obj (.far) [fill = 0]
                  84f36978    00000008     rts6600_elf.lib : trgdrv.obj (.far) [fill = 0]
                  84f36980    00000660     nettool.ae66 : daemon.oe66 (.far) [fill = 0]
                  84f36fe0    00000140     rts6600_elf.lib : defs.obj (.far) [fill = 0]
                  84f37120    00000120     ti.drv.qmss.ae66 : qmss_drv.oe66 (.far) [fill = 0]
                  84f37240    00000110     stk6_ppp_pppoe.ae66 : igmp.oe66 (.far) [fill = 0]
                  84f37350    00000100     c66x_uart.obj (.far) [fill = 0]
                  84f37450    000000d8     netctrl.ae66 : netsrv.oe66 (.far) [fill = 0]
                  84f37528    000000c8     stk6_ppp_pppoe.ae66 : ipv6.oe66 (.far) [fill = 0]
                  84f375f0    000000c4                         : tcp.oe66 (.far) [fill = 0]
                  84f376b4    000000b8                         : tcp6in.oe66 (.far) [fill = 0]
                  84f3776c    00000004     srio.obj (.far) [fill = 0]
                  84f37770    0000009c     stk6_ppp_pppoe.ae66 : icmp.oe66 (.far) [fill = 0]
                  84f3780c    00000004                         : rawethsock_pcb.oe66 (.far) [fill = 0]
                  84f37810    0000007c     os.ae66 : mem.oe66 (.far) [fill = 0]
                  84f3788c    00000068     stk6_ppp_pppoe.ae66 : ip.oe66 (.far) [fill = 0]
                  84f378f4    00000064                         : nimu.oe66 (.far) [fill = 0]
                  84f37958    00000048     nimu_eth_c667x.obj (.far) [fill = 0]
                  84f379a0    00000030     stk6_ppp_pppoe.ae66 : udp.oe66 (.far) [fill = 0]
                  84f379d0    00000028                         : vlan.oe66 (.far) [fill = 0]
                  84f379f8    00000024                         : udp6.oe66 (.far) [fill = 0]
                  84f37a1c    00000004     --HOLE--
                  84f37a20    00000020     resourcemgr.obj (.far) [fill = 0]
                  84f37a40    0000001c     os.ae66 : mem_data.oe66 (.far:NDK_MMBUFFER1)
                  84f37a5c    00000018     stk6_ppp_pppoe.ae66 : icmpv6.oe66 (.far) [fill = 0]
                  84f37a74    0000000c                         : pbm.oe66 (.far) [fill = 0]
                  84f37a80    00000014                         : rtc.oe66 (.far) [fill = 0]
                  84f37a94    00000010     netctrl.ae66 : netctrl.oe66 (.far) [fill = 0]
                  84f37aa4    00000004     --HOLE--
                  84f37aa8    00000010     protocol.obj (.far) [fill = 0]
                  84f37ab8    00000010     stk6_ppp_pppoe.ae66 : raw.oe66 (.far) [fill = 0]
                  84f37ac8    00000010                         : raw6.oe66 (.far) [fill = 0]
                  84f37ad8    00000010                         : raweth.oe66 (.far) [fill = 0]

.filter_const 
*          0    84f37ae8    00110004     
                  84f37ae8    00110000     adaptive_filter.obj (.filter_const:uninit) [fill = 0]
                  85047ae8    00000004     adaptive_filter.obj (.filter_const:init)

.const.1   0    85047af0    00000010     
                  85047af0    00000010     adaptive_filter.obj (.const:$P$T0$1)

.text      0    85047b00    00062620     
                  85047b00    00003220     nimu_eth_c667x.obj (.text)
                  8504ad20    00002400     adaptive_filter.obj (.text)
                  8504d120    00001d40     srio.obj (.text)
                  8504ee60    00001a40     net_init.obj (.text)
                  850508a0    00001a00     stk6_ppp_pppoe.ae66 : tcpin.oe66 (.text:TcpInput)
                  850522a0    000019a0                         : tcp6in.oe66 (.text:TCP6Input)
                  85053c40    00001520     protocol.obj (.text)
                  85055160    00001240     stk6_ppp_pppoe.ae66 : tcpout.oe66 (.text:TcpOutput)
                  850563a0    00001180                         : tcp6out.oe66 (.text:TCP6Output)
                  85057520    00000fe0     c66x_nand.obj (.text)
                  85058500    00000d00     resourcemgr.obj (.text)
                  85059200    00000b80     stk6_ppp_pppoe.ae66 : ipin.oe66 (.text:IPRxPacket)
                  85059d80    00000aa0                         : md5.oe66 (.text:MD5Transform)
                  8505a820    000009c0                         : ipout.oe66 (.text:IPTxPacket)
                  8505b1e0    000009a0                         : lcp.oe66 (.text:lcpInput)
                  8505bb80    000009a0     ti.targets.rts6000.ae66 : System.oe66 (.text:xdc_runtime_System_doPrint__I)
                  8505c520    000008a0     nettool.ae66 : httpclie.oe66 (.text:httpClientProcess)
                  8505cdc0    00000840     dsplib.ae66 : DSPF_sp_ifftSPxSP.obj (.text:optimized)
                  8505d600    000007e0     ti.drv.qmss.ae66 : qmss_drv.oe66 (.text:Qmss_insertMemoryRegion)
                  8505dde0    000007e0     stk6_ppp_pppoe.ae66 : ipcp.oe66 (.text:ipcpInput)
                  8505e5c0    000007c0     nettool.ae66 : httpsend.oe66 (.text:SetContentType)
                  8505ed80    000007c0     stk6_ppp_pppoe.ae66 : sock.oe66 (.text:SockSet)
                  8505f540    000007c0     nand_op.obj (.text)
                  8505fd00    000007a0     stk6_ppp_pppoe.ae66 : fileuser.oe66 (.text:fdPoll)
                  850604a0    000007a0     dsplib.ae66 : DSPF_sp_fftSPxSP.obj (.text:optimized)
                  85060c40    00000780     sysbios.lib : BIOS.obj (.text:ti_sysbios_family_c64p_Exception_handler__I)
                  850613c0    00000720     ti.drv.pa.ae66 : pa.oe66 (.text:Pa_addMac)
                  85061ae0    000006c0     nettool.ae66 : telnetd.oe66 (.text:telnet_netdata)
                  850621a0    000006a0     stk6_ppp_pppoe.ae66 : sock.oe66 (.text:SockGet)
                  85062840    00000680                         : icmpv6_ndisc.oe66 (.text:ICMPv6RecvRA)
                  85062ec0    00000660     ti.drv.cppi.ae66 : cppi_drv.oe66 (.text:Cppi_configureRxFlow)
                  85063520    00000660     sysbios.lib : BIOS.obj (.text:ti_sysbios_heaps_HeapMem_free__E)
                  85063b80    00000640     collect_result_task.obj (.text)
                  850641c0    00000620     stk6_ppp_pppoe.ae66 : route6.oe66 (.text:Rt6Create)
                  850647e0    00000620     sysbios.lib : BIOS.obj (.text:ti_sysbios_heaps_HeapMem_alloc__E)
                  85064e00    000005c0     stk6_ppp_pppoe.ae66 : ipfrag.oe66 (.text:IPReasm)
                  850653c0    000005c0     rts6600_elf.lib : divd.obj (.text:__c6xabi_divd)
                  85065980    000005c0                     : _printfi.obj (.text:_getarg_diouxp)
                  85065f40    000005c0     sysbios.lib : BIOS.obj (.text:ti_sysbios_timers_timer64_Timer_Module_startup__F)
                  85066500    000005a0     stk6_ppp_pppoe.ae66 : icmpin.oe66 (.text:ICMPInput)
                  85066aa0    00000580                         : nimuppp.oe66 (.text:pppEvent)
                  85067020    00000560                         : ipv6.oe66 (.text:IPv6IPAddressToString)
                  85067580    00000520                         : sock.oe66 (.text:SockNew)
                  85067aa0    00000520     sysbios.lib : BIOS.obj (.text:ti_sysbios_utils_Load_update__E)
                  85067fc0    00000500                 : BIOS.obj (.text:ti_sysbios_knl_Task_Instance_finalize__F)
                  850684c0    000004e0     stk6_ppp_pppoe.ae66 : udp.oe66 (.text:UdpInput)
                  850689a0    000004e0                         : nimupppoe.oe66 (.text:pppoeInputS)
                  85068e80    000004c0     ti.drv.cppi.ae66 : cppi_drv.oe66 (.text:Cppi_txChannelOpen)
                  85069340    000004c0     stk6_ppp_pppoe.ae66 : sock6.oe66 (.text:Sock6Connect)
                  85069800    000004c0                         : sock6.oe66 (.text:Sock6Set)
                  85069cc0    000004a0                         : bind6.oe66 (.text:Bind6New)
                  8506a160    000004a0                         : lliin.oe66 (.text:LLIRxPacket)
                  8506a600    000004a0                         : sock6.oe66 (.text:Sock6Recv)
                  8506aaa0    000004a0                         : sock.oe66 (.text:SockRecv)
                  8506af40    00000480     sysbios.lib : BIOS.obj (.text:ti_sysbios_utils_Load_logLoads__I)
                  8506b3c0    00000460     rts6600_elf.lib : _printfi.obj (.text:_printfi)
                  8506b820    00000460                     : _printfi.obj (.text:_setfield)
                  8506bc80    00000460     stk6_ppp_pppoe.ae66 : nimuppp.oe66 (.text:pppNew)
                  8506c0e0    00000440     ti.drv.cppi.ae66 : cppi_drv.oe66 (.text:Cppi_rxChannelOpen)
                  8506c520    00000440     stk6_ppp_pppoe.ae66 : sock6.oe66 (.text:Sock6New)
                  8506c960    00000440                         : auth.oe66 (.text:chapInput)
                  8506cda0    00000440                         : fileuser.oe66 (.text:fdSelect)
                  8506d1e0    00000440                         : nimupppoe.oe66 (.text:pppoeInputC)
                  8506d620    00000420     c66x_uart.obj (.text)
                  8506da40    00000420     nettool.ae66 : daemon.oe66 (.text:daemon)
                  8506de60    00000420     ti.drv.pa.ae66 : pa.oe66 (.text:pa_conv_routing_info)
                  8506e280    00000400     stk6_ppp_pppoe.ae66 : sock6.oe66 (.text:Sock6Get)
                  8506e680    00000400                         : sock6.oe66 (.text:Sock6Send)
                  8506ea80    00000400     os.ae66 : efs.oe66 (.text:efs_filecheck)
                  8506ee80    00000400     sysbios.lib : BIOS.obj (.text:ti_sysbios_knl_Semaphore_pend__E)
                  8506f280    000003e0     stk6_ppp_pppoe.ae66 : ipv6_frag.oe66 (.text:IPv6TxFragPacket)
                  8506f660    000003e0     platform.obj (.text)
                  8506fa40    000003c0     ti.drv.cppi.ae66 : cppi_desc.oe66 (.text:Cppi_initDescriptor)
                  8506fe00    000003c0     stk6_ppp_pppoe.ae66 : ipv6out.oe66 (.text:IPv6TxPacket)
                  850701c0    000003c0                         : lli6.oe66 (.text:LLI6TimerCheck)
                  85070580    000003c0                         : sock.oe66 (.text:SockSend)
                  85070940    000003c0                         : tcp6.oe66 (.text:TCP6TimeoutCheck)
                  85070d00    000003c0                         : tcp.oe66 (.text:TcpTimeoutCheck)
                  850710c0    000003c0     main.obj (.text)
                  85071480    000003c0     sysbios.lib : BIOS.obj (.text:ti_sysbios_knl_Task_Instance_init__F)
                  85071840    000003c0                 : BIOS.obj (.text:ti_sysbios_knl_Task_setPri__E)
                  85071c00    000003a0     stk6_ppp_pppoe.ae66 : nimu.oe66 (.text:NIMUIoctl)
                  85071fa0    000003a0                         : route.oe66 (.text:RtCreate)
                  85072340    000003a0                         : sb.oe66 (.text:SBRead)
                  850726e0    000003a0     os.ae66 : mem.oe66 (.text:_mmCheck)
                  85072a80    000003a0     rts6600_elf.lib : fputs.obj (.text:fputs)
                  85072e20    000003a0     stk6_ppp_pppoe.ae66 : auth.oe66 (.text:papInput)
                  850731c0    00000380                         : icmpv6in.oe66 (.text:ICMPv6RxPacket)
                  85073540    00000380                         : igmp.oe66 (.text:IGMPInput)
                  850738c0    00000380                         : sock6int.oe66 (.text:Sock6Notify)
                  85073c40    00000380                         : sock.oe66 (.text:SockConnect)
                  85073fc0    00000380                         : sockint.oe66 (.text:SockNotify)
                  85074340    00000380     nettool.ae66 : dhcppkt.oe66 (.text:dhcpPacketProcess)
                  850746c0    00000360     stk6_ppp_pppoe.ae66 : icmpv6out.oe66 (.text:ICMPv6SendParameterProblem)
                  85074a20    00000360                         : ipv6_frag.oe66 (.text:IPv6FragReasm)
                  85074d80    00000360                         : lliout.oe66 (.text:LLITxIpPacket)
                  850750e0    00000360     IFD_pe66.oe66 (.text:xdc_runtime_System_printfExtend__I)
                  85075440    00000340     ti.drv.pa.ae66 : painit.oe66 (.text:Pa_create)
                  85075780    00000340     ti.drv.qmss.ae66 : qmss_drv.oe66 (.text:Qmss_init)
                  85075ac0    00000340     os.ae66 : mem.oe66 (.text:mmAlloc)
                  85075e00    00000340     stk6_ppp_pppoe.ae66 : nimupppoe.oe66 (.text:pppoeSI)
                  85076140    00000320     nettool.ae66 : config.oe66 (.text:CfgAddEntry)
                  85076460    00000320     stk6_ppp_pppoe.ae66 : icmpv6_ndisc.oe66 (.text:ICMPv6RecvRedirect)
                  85076780    00000320                         : nimupppoe.oe66 (.text:SendServerMsg)
                  85076aa0    00000320     rts6600_elf.lib : _printfi.obj (.text:_pproc_fge)
                  85076dc0    00000320     nettool.ae66 : telnetd.oe66 (.text:telnet_engine)
                  850770e0    00000300     stk6_ppp_pppoe.ae66 : icmpv6_ndisc.oe66 (.text:ICMPv6RecvNS)
                  850773e0    00000300                         : icmpv6out.oe66 (.text:ICMPv6SendDstUnreachable)
                  850776e0    00000300                         : icmpv6out.oe66 (.text:ICMPv6SendTimeExceeded)
                  850779e0    00000300     netctrl.ae66 : netctrl.oe66 (.text:NetScheduler)
                  85077ce0    00000300     stk6_ppp_pppoe.ae66 : sock6pcb.oe66 (.text:Sock6PcbBind)
                  85077fe0    00000300                         : udp6.oe66 (.text:Udp6Input)
                  850782e0    00000300     nettool.ae66 : inetaddr.oe66 (.text:inet_aton)
                  850785e0    00000300     platform_osal.obj (.text)
                  850788e0    00000300     sysbios.lib : BIOS.obj (.text:ti_sysbios_family_c64p_Hwi_dispatchC__I)
                  85078be0    000002e0     stk6_ppp_pppoe.ae66 : ipv6_frag.oe66 (.text:IPv6FragQEnqueueFrag)
                  85078ec0    000002e0     ti.drv.pa.ae66 : pa.oe66 (.text:Pa_forwardResult)
                  850791a0    000002e0     stk6_ppp_pppoe.ae66 : route6.oe66 (.text:Rt6Find)
                  85079480    000002e0                         : nimupppoe.oe66 (.text:SendClientMsg)
                  85079760    000002e0                         : udp.oe66 (.text:UdpOutput)
                  85079a40    000002e0     rts6600_elf.lib : _printfi.obj (.text:_pproc_fwp)
                  85079d20    000002e0     sysbios.lib : BIOS.obj (.text:ti_sysbios_knl_Task_Module_startup__F)
                  8507a000    000002c0     stk6_ppp_pppoe.ae66 : bind.oe66 (.text:BindNew)
                  8507a2c0    000002c0                         : sb6.oe66 (.text:SB6Read)
                  8507a580    000002c0                         : sock6pcb.oe66 (.text:Sock6PcbResolve)
                  8507a840    000002c0                         : udp6.oe66 (.text:Udp6Output)
                  8507ab00    000002c0     rts6600_elf.lib : cos.obj (.text:cos)
                  8507adc0    000002c0     stk6_ppp_pppoe.ae66 : nimuppp.oe66 (.text:pppInput)
                  8507b080    000002a0                         : ipv6_exthdrs.oe66 (.text:IPv6ParseExtnHeaders)
                  8507b320    000002a0                         : node.oe66 (.text:NodeAdd)
                  8507b5c0    000002a0                         : route6.oe66 (.text:Rt6Free)
                  8507b860    000002a0                         : rtable.oe66 (.text:RtFind)
                  8507bb00    000002a0                         : sock6pcb.oe66 (.text:Sock6PcbFind)
                  8507bda0    000002a0                         : sock.oe66 (.text:SockClose)
                  8507c040    000002a0                         : tcp6prot.oe66 (.text:TCP6PrSetOption)
                  8507c2e0    000002a0                         : tcpprot.oe66 (.text:TcpPrSetOption)
                  8507c580    000002a0     rts6600_elf.lib : _printfi.obj (.text:fcvt)
                  8507c820    000002a0     sysbios.lib : BIOS.obj (.text:ti_sysbios_family_c66_tci66xx_CpIntc_Module_startup__F)
                  8507cac0    000002a0                 : BIOS.obj (.text:ti_sysbios_knl_Clock_workFunc__E)
                  8507cd60    000002a0                 : BIOS.obj (.text:ti_sysbios_knl_Task_sleep__E)
                  8507d000    00000280     nettool.ae66 : dhcpmain.oe66 (.text:DHCPOpen)
                  8507d280    00000280     stk6_ppp_pppoe.ae66 : icmp.oe66 (.text:ICMPGenPacket)
                  8507d500    00000280                         : icmpv6in.oe66 (.text:ICMPv6RecvEchoRequest)
                  8507d780    00000280                         : lli6.oe66 (.text:LLI6NeighUnreachStateMachine)
                  8507da00    00000280                         : sockpcb.oe66 (.text:SockPcbResolve)
                  8507dc80    00000280                         : tcp6out.oe66 (.text:TCP6GenPacket)
                  8507df00    00000280     rts6600_elf.lib : divf.obj (.text:__c6xabi_divf)
                  8507e180    00000280     sysbios.lib : BIOS.obj (.text:deviceConfig$44)
                  8507e400    00000280     rts6600_elf.lib : _printfi.obj (.text:ecvt)
                  8507e680    00000280     stk6_ppp_pppoe.ae66 : ipcp.oe66 (.text:ipcpSendCfg)
                  8507e900    00000280                         : lcp.oe66 (.text:lcpSendCfg)
                  8507eb80    00000280     rts6600_elf.lib : sin.obj (.text:sin)
                  8507ee00    00000280     sysbios.lib : BIOS.obj (.text:ti_sysbios_knl_Clock_Instance_init__F)
                  8507f080    00000280                 : BIOS.obj (.text:ti_sysbios_knl_Task_exit__E)
                  8507f300    00000280     ti.targets.rts6000.ae66 : Core-mem.oe66 (.text:xdc_runtime_Core_createObject__I)
                  8507f580    00000280                             : Error.oe66 (.text:xdc_runtime_Error_raiseX__F)
                  8507f800    00000260     stk6_ppp_pppoe.ae66 : icmpv6_ndisc.oe66 (.text:ICMPv6SendNA)
                  8507fa60    00000260                         : icmpv6_ndisc.oe66 (.text:ICMPv6SendNS)
                  8507fcc0    00000260                         : lli6.oe66 (.text:LLI6TxIPPacket)
                  8507ff20    00000260                         : nimu.oe66 (.text:NIMUReceivePacket)
                  85080180    00000260                         : rawethsock.oe66 (.text:RawEthSockSet)
                  850803e0    00000260                         : sb6.oe66 (.text:SB6Write)
                  85080640    00000260                         : sb.oe66 (.text:SBWrite)
                  850808a0    00000260                         : sock6.oe66 (.text:Sock6Close)
                  85080b00    00000260                         : sockpcb.oe66 (.text:SockPcbBind)
                  85080d60    00000260     nettool.ae66 : httppars.oe66 (.text:httpParseRecv)
                  85080fc0    00000260     ti.targets.rts6000.ae66 : Startup.oe66 (.text:xdc_runtime_Startup_startMods__I)
                  85081220    00000240     ti.drv.cppi.ae66 : cppi_drv.oe66 (.text:Cppi_open)
                  85081460    00000240     nettool.ae66 : daemon.oe66 (.text:DaemonNew)
                  850816a0    00000240     ti.drv.pa.ae66 : pa.oe66 (.text:Pa_resetControl)
                  850818e0    00000240     stk6_ppp_pppoe.ae66 : pipe.oe66 (.text:PipeRecv)
                  85081b20    00000240                         : raw.oe66 (.text:RawInput)
                  85081d60    00000240     rts6600_elf.lib : imath64.obj (.text:__c6xabi_divull)
                  85081fa0    00000240                     : _printfi.obj (.text:_pconv_e)
                  850821e0    00000240                     : _printfi.obj (.text:_pproc_diouxp)
                  85082420    00000240     nettool.ae66 : dhcpsm.oe66 (.text:dhcpIPAdd)
                  85082660    00000240                  : dhcpsm.oe66 (.text:dhcpState)
                  850828a0    00000240     sysbios.lib : BIOS.obj (.text:ti_sysbios_family_c64p_Exception_internalHandler__I)
                  85082ae0    00000240                 : BIOS.obj (.text:ti_sysbios_knl_Semaphore_post__E)
                  85082d20    00000240                 : BIOS.obj (.text:ti_sysbios_utils_Load_taskDeleteHook__E)
                  85082f60    00000240     ti.targets.rts6000.ae66 : LoggerBuf.oe66 (.text:xdc_runtime_LoggerBuf_write8__F)
                  850831a0    00000220     stk6_ppp_pppoe.ae66 : bind6.oe66 (.text:Bind6RunDAD)
                  850833c0    00000220                         : icmpv6_ndisc.oe66 (.text:ICMPv6RecvNA)
                  850835e0    00000220                         : igmp.oe66 (.text:IGMPJoinHostGroup)
                  85083800    00000220                         : ipv6in.oe66 (.text:IPv6RxPacket)
                  85083a20    00000220                         : rawethsock.oe66 (.text:RawEthSockNew)
                  85083c40    00000220                         : sockpcb.oe66 (.text:SockPcbFind)
                  85083e60    00000220     rts6600_elf.lib : _printfi.obj (.text:_pproc_str)
                  85084080    00000220     nettool.ae66 : dhcppkt.oe66 (.text:dhcpVerifyMessage)
                  850842a0    00000220     rts6600_elf.lib : fputc.obj (.text:fputc)
                  850844c0    00000220     nettool.ae66 : httpclie.oe66 (.text:httpGetAuthParams)
                  850846e0    00000220     sysbios.lib : BIOS.obj (.text:ti_sysbios_family_c64p_Hwi_reconfig__E)
                  85084900    00000220                 : BIOS.obj (.text:ti_sysbios_knl_Swi_run__I)
                  85084b20    00000220                 : BIOS.obj (.text:ti_sysbios_knl_Task_schedule__I)
                  85084d40    00000220                 : BIOS.obj (.text:ti_sysbios_knl_Task_startup__E)
                  85084f60    00000200     stk6_ppp_pppoe.ae66 : ipv6_frag.oe66 (.text:IPv6ParseFragHdr)
                  85085160    00000200                         : lli6.oe66 (.text:LLI6New)
                  85085360    00000200     ti.drv.qmss.ae66 : qmss_drv.oe66 (.text:Qmss_internalQueueOpen)
                  85085560    00000200                      : qmss_acc.oe66 (.text:Qmss_programAccumulator)
                  85085760    00000200     stk6_ppp_pppoe.ae66 : rtc.oe66 (.text:RTCReport)
                  85085960    00000200                         : raw6.oe66 (.text:Raw6Output)
                  85085b60    00000200                         : rawethsock.oe66 (.text:RawEthSockGet)
                  85085d60    00000200     rts6600_elf.lib : _printfi.obj (.text:_pconv_g)
                  85085f60    00000200     sysbios.lib : c64p_Hwi_disp_always.obj (.text:_ti_sysbios_family_c64p_Hwi_dispatchAlways)
                  85086160    00000200     stk6_ppp_pppoe.ae66 : socket.oe66 (.text:accept)
                  85086360    00000200     sysbios.lib : BIOS.obj (.text:block$56)
                  85086560    00000200     ti.drv.cppi.ae66 : cppi_heap.oe66 (.text:cppi_internal_heap_add)
                  85086760    00000200     stk6_ppp_pppoe.ae66 : nimupppoe.oe66 (.text:pppoeCtrlMsg)
                  85086960    00000200     rts6600_elf.lib : setvbuf.obj (.text:setvbuf)
                  85086b60    000001e0     stk6_ppp_pppoe.ae66 : igmp.oe66 (.text:IGMPSendReply)
                  85086d40    000001e0                         : route6.oe66 (.text:Rt6Modify)
                  85086f20    000001e0                         : sock6pcb.oe66 (.text:Sock6PcbFindRaw)
                  85087100    000001e0                         : tcpout.oe66 (.text:TcpGenPacket)
                  850872e0    000001e0                         : auth.oe66 (.text:chapSendMsg)
                  850874c0    000001e0     nettool.ae66 : dhcpsock.oe66 (.text:dhcpSocketOpen)
                  850876a0    000001e0     dsplib.ae66 : DSPF_sp_iir.obj (.text:optimized)
                  85087880    000001e0     stk6_ppp_pppoe.ae66 : socket.oe66 (.text:sendto)
                  85087a60    000001e0     sysbios.lib : BIOS.obj (.text:ti_sysbios_knl_Task_postInit__I)
                  85087c40    000001e0                 : BIOS.obj (.text:ti_sysbios_timers_timer64_Timer_getFreq__E)
                  85087e20    000001e0                 : BIOS.obj (.text:ti_sysbios_utils_Load_idleFxn__E)
                  85088000    000001c0     nettool.ae66 : config.oe66 (.text:CfgExecute)
                  850881c0    000001c0     ti.drv.cppi.ae66 : cppi_drv.oe66 (.text:Cppi_channelClose)
                  85088380    000001c0                      : cppi_drv.oe66 (.text:Cppi_initCfg)
                  85088540    000001c0     stk6_ppp_pppoe.ae66 : ip.oe66 (.text:IPGetRoute)
                  85088700    000001c0                         : ipv6_exthdrs.oe66 (.text:IPv6ParseHopOptions)
                  850888c0    000001c0                         : lliout.oe66 (.text:LLIGenArpPacket)
                  85088a80    000001c0     ti.drv.qmss.ae66 : qmss_drv.oe66 (.text:Qmss_internaldownloadFirmware)
                  85088c40    000001c0     netctrl.ae66 : netsrv.oe66 (.text:SPIpNet)
                  85088e00    000001c0     stk6_ppp_pppoe.ae66 : tcptime.oe66 (.text:TcpTimeoutRexmt)
                  85088fc0    000001c0                         : lli.oe66 (.text:_LLITimeoutCheck)
                  85089180    000001c0     rts6600_elf.lib : _printfi.obj (.text:_mcpy)
                  85089340    000001c0                     : atan.obj (.text:atan)
                  85089500    000001c0     nettool.ae66 : dhcpbild.oe66 (.text:dhcpBuildHeader)
                  850896c0    000001c0     stk6_ppp_pppoe.ae66 : fileuser.oe66 (.text:fdClose)
                  85089880    000001c0                         : socket.oe66 (.text:recvfrom)
                  85089a40    000001c0     sysbios.lib : BIOS.obj (.text:ti_sysbios_knl_Task_checkStacks__E)
                  85089c00    000001c0                 : BIOS.obj (.text:ti_sysbios_timers_timer64_Timer_setPeriodMicroSecs__E)
                  85089dc0    000001a0     stk6_ppp_pppoe.ae66 : bind6.oe66 (.text:Bind6Msg)
                  85089f60    000001a0     nettool.ae66 : config.oe66 (.text:CfgRemoveEntry)
                  8508a100    000001a0     rts6600_elf.lib : trgdrv.obj (.text:HOSTrename)
                  8508a2a0    000001a0     stk6_ppp_pppoe.ae66 : icmpin.oe66 (.text:ICMPRevSrcRoute)
                  8508a440    000001a0                         : ipv6_frag.oe66 (.text:IPv6FragMsg)
                  8508a5e0    000001a0                         : ipv6_exthdrs.oe66 (.text:IPv6ParseRoutingHdr)
                  8508a780    000001a0     netctrl.ae66 : netctrl.oe66 (.text:NC_NetStart)
                  8508a920    000001a0     stk6_ppp_pppoe.ae66 : node.oe66 (.text:NodeTreeFree)
                  8508aac0    000001a0     ti.drv.pa.ae66 : pa.oe66 (.text:Pa_downloadImage)
                  8508ac60    000001a0     stk6_ppp_pppoe.ae66 : raw6.oe66 (.text:Raw6Input)
                  8508ae00    000001a0                         : route6.oe66 (.text:Route6LifetimeMgmt)
                  8508afa0    000001a0                         : sockint.oe66 (.text:SockCreatePacket)
                  8508b140    000001a0     nettool.ae66 : dhcpsm.oe66 (.text:StateRenewRebind)
                  8508b2e0    000001a0     stk6_ppp_pppoe.ae66 : tcp6time.oe66 (.text:TCP6TimeoutRexmt)
                  8508b480    000001a0     rts6600_elf.lib : imath40.obj (.text:__c6xabi_divul)
                  8508b620    000001a0     nettool.ae66 : dhcptags.oe66 (.text:dhcpBuildOptions)
                  8508b7c0    000001a0     stk6_ppp_pppoe.ae66 : socket.oe66 (.text:getpeername)
                  8508b960    000001a0     nettool.ae66 : telnetd.oe66 (.text:telnet_termdata)
                  8508bb00    000001a0     sysbios.lib : BIOS.obj (.text:ti_sysbios_family_c66_tci66xx_CpIntc_dispatch__F)
                  8508bca0    000001a0                 : BIOS.obj (.text:ti_sysbios_gates_GateMutex_enter__E)
                  8508be40    000001a0                 : BIOS.obj (.text:ti_sysbios_timers_timer64_Timer_start__E)
                  8508bfe0    000001a0     ti.targets.rts6000.ae66 : LoggerBuf.oe66 (.text:xdc_runtime_LoggerBuf_write4__F)
                  8508c180    00000180     stk6_ppp_pppoe.ae66 : bind6.oe66 (.text:Bind6GetGlobalAddress)
                  8508c300    00000180                         : igmp.oe66 (.text:IGMPMsg)
                  8508c480    00000180                         : nimu.oe66 (.text:NIMURegister)
                  8508c600    00000180     netctrl.ae66 : netsrv.oe66 (.text:ServiceScan)
                  8508c780    00000180                  : netsrv.oe66 (.text:ServiceSpawn)
                  8508c900    00000180     nettool.ae66 : dhcpsm.oe66 (.text:StateBound)
                  8508ca80    00000180     rts6600_elf.lib : copy_decompress_rle.obj (.text:__TI_decompress_rle_core)
                  8508cc00    00000180                     : atan2.obj (.text:atan2)
                  8508cd80    00000180     stk6_ppp_pppoe.ae66 : socket.oe66 (.text:bind)
                  8508cf00    00000180     nettool.ae66 : dhcpbild.oe66 (.text:dhcpBuildRequest)
                  8508d080    00000180     rts6600_elf.lib : frexp.obj (.text:frexp)
                  8508d200    00000180     os.ae66 : task.oe66 (.text:llEnter)
                  8508d380    00000180     stk6_ppp_pppoe.ae66 : auth.oe66 (.text:papSendCfg)
                  8508d500    00000180     sysbios.lib : c64p_Exception_asm.obj (.text)
                  8508d680    00000180                 : BIOS.obj (.text:ti_sysbios_heaps_HeapBuf_Module_startup__F)
                  8508d800    00000180                 : BIOS.obj (.text:ti_sysbios_heaps_HeapMem_Instance_init__F)
                  8508d980    00000180                 : BIOS.obj (.text:ti_sysbios_knl_Swi_schedule__I)
                  8508db00    00000180                 : BIOS.obj (.text:ti_sysbios_knl_Task_unblockI__E)
                  8508dc80    00000180     ti.targets.rts6000.ae66 : Text.oe66 (.text:xdc_runtime_Text_putSite__F)
                  8508de00    00000160     nettool.ae66 : config.oe66 (.text:CfgGetEntry)
                  8508df60    00000160                  : config.oe66 (.text:CfgGetNextEntry)
                  8508e0c0    00000160     os.ae66 : ossys.oe66 (.text:DbgPrintf)
                  8508e220    00000160     stk6_ppp_pppoe.ae66 : igmp.oe66 (.text:IGMPDoMCast)
                  8508e380    00000160                         : nimu.oe66 (.text:NIMUIoctlSpecialCmd)
                  8508e4e0    00000160                         : pbm.oe66 (.text:PBM_free)
                  8508e640    00000160                         : nimuppp.oe66 (.text:PPPStop)
                  8508e7a0    00000160                         : pipe.oe66 (.text:PipeSend)
                  8508e900    00000160                         : raw.oe66 (.text:RawOutput)
                  8508ea60    00000160                         : rtable.oe66 (.text:RtTimeoutCheck)
                  8508ebc0    00000160                         : rtable.oe66 (.text:RtWalkNext)
                  8508ed20    00000160     netctrl.ae66 : netsrv.oe66 (.text:SPRoute)
                  8508ee80    00000160     stk6_ppp_pppoe.ae66 : sock6.oe66 (.text:Sock6Check)
                  8508efe0    00000160                         : sock6int.oe66 (.text:Sock6CreatePacket)
                  8508f140    00000160                         : sock6pcb.oe66 (.text:Sock6PcbConnect)
                  8508f2a0    00000160                         : sock.oe66 (.text:SockCheck)
                  8508f400    00000160                         : sockpcb.oe66 (.text:SockPcbConnect)
                  8508f560    00000160     nettool.ae66 : dhcpsm.oe66 (.text:StateRequesting)
                  8508f6c0    00000160     stk6_ppp_pppoe.ae66 : tcp6time.oe66 (.text:TCP6TimeoutKeep)
                  8508f820    00000160                         : tcptime.oe66 (.text:TcpTimeoutKeep)
                  8508f980    00000160                         : auth.oe66 (.text:authInit)
                  8508fae0    00000160                         : socket.oe66 (.text:getsockopt)
                  8508fc40    00000160     nettool.ae66 : httpclie.oe66 (.text:httpExtractTag)
                  8508fda0    00000160                  : httpsend.oe66 (.text:httpSendErrorHTML)
                  8508ff00    00000160     stk6_ppp_pppoe.ae66 : socket.oe66 (.text:setsockopt)
                  85090060    00000160     rts6600_elf.lib : sqrt.obj (.text:sqrt)
                  850901c0    00000160     nettool.ae66 : telnetd.oe66 (.text:telnetClientProcess)
                  85090320    00000160     sysbios.lib : BIOS.obj (.text:ti_sysbios_utils_Load_taskCreateHook__E)
                  85090480    00000140     stk6_ppp_pppoe.ae66 : bind6.oe66 (.text:Bind6DADCheck)
                  850905c0    00000140                         : bind6.oe66 (.text:Bind6Free)
                  85090700    00000140     ti.csl.ae66 : csl_chip.oe66 (.text:CSL_chipReadReg)
                  85090840    00000140     stk6_ppp_pppoe.ae66 : exec.oe66 (.text:ExecOpen)
                  85090980    00000140                         : icmp.oe66 (.text:ICMPSendRtAdv)
                  85090ac0    00000140                         : igmp.oe66 (.text:IGMPJoin)
                  85090c00    00000140                         : ipv6.oe66 (.text:IPv6DisplayIPAddress)
                  85090d40    00000140                         : lli6.oe66 (.text:LLI6Find)
                  85090e80    00000140                         : lli.oe66 (.text:LLINew)
                  85090fc0    00000140                         : node.oe66 (.text:NodeFind)
                  85091100    00000140                         : node.oe66 (.text:NodeWalk)
                  85091240    00000140                         : pbm.oe66 (.text:PBM_alloc)
                  85091380    00000140                         : rtable.oe66 (.text:RtFlush)
                  850914c0    00000140                         : sb6.oe66 (.text:SB6New)
                  85091600    00000140     netctrl.ae66 : netsrv.oe66 (.text:ServiceKill)
                  85091740    00000140     stk6_ppp_pppoe.ae66 : sock6.oe66 (.text:Sock6Accept)
                  85091880    00000140                         : sock6.oe66 (.text:Sock6Listen)
                  850919c0    00000140                         : sock.oe66 (.text:SockAccept)
                  85091b00    00000140                         : sock.oe66 (.text:SockListen)
                  85091c40    00000140                         : sockpcb.oe66 (.text:SockPcbCtlError)
                  85091d80    00000140                         : tcp6prot.oe66 (.text:TCP6PrGetOption)
                  85091ec0    00000140                         : tcpprot.oe66 (.text:TcpPrGetOption)
                  85092000    00000140     boot.ae66 : autoinit.oe66 (.text:_auto_init_elf)
                  85092140    00000140     rts6600_elf.lib : _printfi.obj (.text:_pproc_fflags)
                  85092280    00000140     stk6_ppp_pppoe.ae66 : auth.oe66 (.text:authGetPassword)
                  850923c0    00000140     nettool.ae66 : dhcptags.oe66 (.text:dhcpDecodeType)
                  85092500    00000140     rts6600_elf.lib : lowlev.obj (.text:getdevice)
                  85092640    00000140     nettool.ae66 : httpsend.oe66 (.text:httpAuthenticationReq)
                  85092780    00000140     os.ae66 : mem.oe66 (.text:mmCopy)
                  850928c0    00000140     stk6_ppp_pppoe.ae66 : socket.oe66 (.text:recv)
                  85092a00    00000140                         : socket.oe66 (.text:send)
                  85092b40    00000140     sysbios.lib : BIOS.obj (.text:ti_sysbios_family_c64p_Hwi_Module_startup__F)
                  85092c80    00000140                 : BIOS.obj (.text:ti_sysbios_family_c66_Cache_Module_startup__F)
                  85092dc0    00000140                 : BIOS.obj (.text:ti_sysbios_knl_Clock_Instance_finalize__F)
                  85092f00    00000140                 : BIOS.obj (.text:ti_sysbios_knl_Semaphore_Instance_init__F)
                  85093040    00000140                 : BIOS.obj (.text:ti_sysbios_knl_Swi_post__E)
                  85093180    00000140                 : BIOS.obj (.text:ti_sysbios_knl_Task_blockI__E)
                  850932c0    00000140                 : BIOS.obj (.text:ti_sysbios_knl_Task_yield__E)
                  85093400    00000140                 : BIOS.obj (.text:ti_sysbios_utils_Load_addTask__E)
                  85093540    00000120     stk6_ppp_pppoe.ae66 : bind6.oe66 (.text:Bind6LifetimeMgmt)
                  85093660    00000120                         : bind.oe66 (.text:BindFree)
                  85093780    00000120     nettool.ae66 : config.oe66 (.text:CfgFree)
                  850938a0    00000120                  : daemon.oe66 (.text:DaemonFree)
                  850939c0    00000120     stk6_ppp_pppoe.ae66 : file.oe66 (.text:FdWaitEvent)
                  85093ae0    00000120                         : igmp.oe66 (.text:IGMPLeaveHostGroup)
                  85093c00    00000120                         : ip.oe66 (.text:IPMsg)
                  85093d20    00000120                         : ipin.oe66 (.text:IPRouteIP)
                  85093e40    00000120                         : ipv6_frag.oe66 (.text:IPv6CreateFragQ)
                  85093f60    00000120                         : ipv6.oe66 (.text:IPv6Init)
                  85094080    00000120                         : icmpv6out.oe66 (.text:IsICMPv6ErrorPkt)
                  850941a0    00000120                         : md5.oe66 (.text:MD5Update)
                  850942c0    00000120                         : mld.oe66 (.text:MLDJoinGroup)
                  850943e0    00000120     netctrl.ae66 : netctrl.oe66 (.text:NC_SystemOpen)
                  85094500    00000120     stk6_ppp_pppoe.ae66 : nimu.oe66 (.text:NIMUAddEthernetHeader)
                  85094620    00000120     ti.drv.qmss.ae66 : qmss_acc.oe66 (.text:Qmss_disableAccumulator)
                  85094740    00000120     stk6_ppp_pppoe.ae66 : raweth.oe66 (.text:RawEthRxPacket)
                  85094860    00000120                         : raweth.oe66 (.text:RawEthTxPacket)
                  85094980    00000120                         : sb.oe66 (.text:SBNew)
                  85094aa0    00000120     netctrl.ae66 : netsrv.oe66 (.text:SPConfig)
                  85094bc0    00000120                  : netsrv.oe66 (.text:SPService)
                  85094ce0    00000120     stk6_ppp_pppoe.ae66 : sock6.oe66 (.text:Sock6Disconnect)
                  85094e00    00000120                         : sock6.oe66 (.text:Sock6Shutdown)
                  85094f20    00000120                         : sockpcb.oe66 (.text:SockPcbFindRaw)
                  85095040    00000120                         : sock.oe66 (.text:SockShutdown)
                  85095160    00000120                         : tcp6prot.oe66 (.text:TCP6PrAttach)
                  85095280    00000120                         : tcpprot.oe66 (.text:TcpPrAttach)
                  850953a0    00000120     nettool.ae66 : telnetd.oe66 (.text:TelnetOpen)
                  850954c0    00000120     stk6_ppp_pppoe.ae66 : rtable.oe66 (.text:_RtNodeInsert)
                  850955e0    00000120     rts6600_elf.lib : fclose.obj (.text:_closefile)
                  85095700    00000120                     : _printfi.obj (.text:_ltostr)
                  85095820    00000120     os.ae66 : mem.oe66 (.text:_mmInit)
                  85095940    00000120     nettool.ae66 : daemon.oe66 (.text:dchild)
                  85095a60    00000120     stk6_ppp_pppoe.ae66 : fileuser.oe66 (.text:fdOpenSession)
                  85095b80    00000120     rts6600_elf.lib : fseek.obj (.text:fseek)
                  85095ca0    00000120     nettool.ae66 : http.oe66 (.text:httpOpen)
                  85095dc0    00000120                  : httpsend.oe66 (.text:httpSendStatusLine)
                  85095ee0    00000120     stk6_ppp_pppoe.ae66 : lcp.oe66 (.text:lcpOpen)
                  85096000    00000120                         : lcp.oe66 (.text:lcpReject)
                  85096120    00000120     sysbios.lib : BIOS.obj (.text:rtsUnlock$0)
                  85096240    00000120     stk6_ppp_pppoe.ae66 : socket.oe66 (.text:socket)
                  85096360    00000120     rts6600_elf.lib : sqrtf.obj (.text:sqrtf)
                  85096480    00000120     sysbios.lib : BIOS.obj (.text:ti_sysbios_knl_Mailbox_Module_startup__F)
                  850965a0    00000120     ti.targets.rts6000.ae66 : LoggerBuf.oe66 (.text:xdc_runtime_LoggerBuf_setFilterLevel__F)
                  850966c0    00000120                             : Text.oe66 (.text:xdc_runtime_Text_putLab__F)
                  850967e0    00000100     nettool.ae66 : config.oe66 (.text:CfgNew)
                  850968e0    00000100                  : config.oe66 (.text:CfgSetExecuteOrder)
                  850969e0    00000100     rts6600_elf.lib : trgdrv.obj (.text:HOSTlseek)
                  85096ae0    00000100     stk6_ppp_pppoe.ae66 : igmp.oe66 (.text:IGMPTimer)
                  85096be0    00000100                         : ipv6.oe66 (.text:IPv6GetSubnetMaskFromBits)
                  85096ce0    00000100                         : ipv6_frag.oe66 (.text:IPv6ReasmTimeout)
                  85096de0    00000100                         : rtc.oe66 (.text:RTCMsg)
                  85096ee0    00000100                         : rawethsock.oe66 (.text:RawEthSockCheck)
                  85096fe0    00000100                         : route.oe66 (.text:RtRedirect)
                  850970e0    00000100                         : sockint.oe66 (.text:SockValidateRoute)
                  850971e0    00000100     nettool.ae66 : dhcpsm.oe66 (.text:StateSelecting)
                  850972e0    00000100     stk6_ppp_pppoe.ae66 : tcp6prot.oe66 (.text:TCP6PrInherit)
                  850973e0    00000100                         : tcp6time.oe66 (.text:TCP6XmitTimer)
                  850974e0    00000100                         : tcpprot.oe66 (.text:TcpPrInherit)
                  850975e0    00000100                         : tcptime.oe66 (.text:TcpXmitTimer)
                  850976e0    00000100                         : rtable.oe66 (.text:_RtNodeRemove)
                  850977e0    00000100     rts6600_elf.lib : _io_perm.obj (.text:_wrt_ok)
                  850978e0    00000100     stk6_ppp_pppoe.ae66 : file.oe66 (.text:fdint_unlockfd)
                  850979e0    00000100     sysbios.lib : BIOS.obj (.text:initDevice$44)
                  85097ae0    00000100     stk6_ppp_pppoe.ae66 : socket.oe66 (.text:listen)
                  85097be0    00000100     os.ae66 : mem.oe66 (.text:mmFree)
                  85097ce0    00000100     stk6_ppp_pppoe.ae66 : nimuppp.oe66 (.text:pppAddClient)
                  85097de0    00000100     sysbios.lib : BIOS.obj (.text:ti_sysbios_family_c64p_EventCombiner_dispatch__F)
                  85097ee0    00000100                 : BIOS.obj (.text:ti_sysbios_knl_Clock_startI__E)
                  85097fe0    00000100                 : BIOS.obj (.text:ti_sysbios_knl_Swi_restoreHwi__E)
                  850980e0    00000100     stk6_ppp_pppoe.ae66 : lliin.oe66 (.text:updateRtTable)
                  850981e0    00000100     ti.targets.rts6000.ae66 : Core-mem.oe66 (.text:xdc_runtime_Core_deleteObject__I)
                  850982e0    00000100                             : LoggerBuf.oe66 (.text:xdc_runtime_LoggerBuf_getFilterLevel__F)
                  850983e0    00000100                             : Startup.oe66 (.text:xdc_runtime_Startup_exec__F)
                  850984e0    00000100                             : Text.oe66 (.text:xdc_runtime_Text_putMod__F)
                  850985e0    00000100                             : Text.oe66 (.text:xdc_runtime_Text_visitRope2__I)
                  850986e0    000000e0     stk6_ppp_pppoe.ae66 : bind6.oe66 (.text:Bind6GetLinkLocalAddress)
                  850987c0    000000e0     nettool.ae66 : config.oe66 (.text:CfgGetEntryCnt)
                  850988a0    000000e0                  : dhcpmain.oe66 (.text:DHCPClose)
                  85098980    000000e0     rts6600_elf.lib : trgdrv.obj (.text:HOSTopen)
                  85098a60    000000e0     stk6_ppp_pppoe.ae66 : igmp.oe66 (.text:IGMPLeave)
                  85098b40    000000e0                         : ipv6_frag.oe66 (.text:IPv6FindFragQ)
                  85098c20    000000e0                         : lli6.oe66 (.text:LLI6Msg)
                  85098d00    000000e0                         : lli6.oe66 (.text:LLI6Update)
                  85098de0    000000e0                         : mld.oe66 (.text:MLDFindMulticastNode)
                  85098ec0    000000e0                         : nimu.oe66 (.text:NIMUAllocateIndex)
                  85098fa0    000000e0                         : nimu.oe66 (.text:NIMUAllocateName)
                  85099080    000000e0                         : node.oe66 (.text:NodeDeRef)
                  85099160    000000e0                         : node.oe66 (.text:NodeNew)
                  85099240    000000e0                         : node.oe66 (.text:NodeTreeNew)
                  85099320    000000e0                         : pbm.oe66 (.text:PBMQ_enq)
                  85099400    000000e0                         : pbm.oe66 (.text:PBM_copy)
                  850994e0    000000e0                         : rawethsock.oe66 (.text:RawEthSockNotify)
                  850995c0    000000e0                         : rawethsock_pcb.oe66 (.text:RawEthSockPcbAttach)
                  850996a0    000000e0                         : rawethsock.oe66 (.text:RawEthSockSend)
                  85099780    000000e0                         : route6.oe66 (.text:Route6Msg)
                  85099860    000000e0                         : route.oe66 (.text:RtDeRef)
                  85099940    000000e0                         : route.oe66 (.text:RtRemove)
                  85099a20    000000e0                         : sb.oe66 (.text:SBSetMax)
                  85099b00    000000e0                         : sock6int.oe66 (.text:Sock6SpawnAbort)
                  85099be0    000000e0                         : sock6int.oe66 (.text:Sock6ValidateRoute)
                  85099cc0    000000e0                         : sock.oe66 (.text:SockDisconnect)
                  85099da0    000000e0                         : sockint.oe66 (.text:SockSpawnAbort)
                  85099e80    000000e0                         : tcp6prot.oe66 (.text:TCP6PrDetach)
                  85099f60    000000e0                         : tcp6prot.oe66 (.text:TCP6PrDisconnect)
                  8509a040    000000e0                         : tcp6prot.oe66 (.text:TCP6ValidateMetrics)
                  8509a120    000000e0                         : tcpprot.oe66 (.text:TcpPrDetach)
                  8509a200    000000e0                         : tcpprot.oe66 (.text:TcpPrDisconnect)
                  8509a2e0    000000e0                         : tcpprot.oe66 (.text:TcpValidateMetrics)
                  8509a3c0    000000e0                         : timer.oe66 (.text:TimerListInsert)
                  8509a4a0    000000e0                         : udp.oe66 (.text:UdpChecksum)
                  8509a580    000000e0                         : vlan.oe66 (.text:VLANDeinit)
                  8509a660    000000e0                         : vlan.oe66 (.text:VLANReceivePacket)
                  8509a740    000000e0     nettool.ae66 : config.oe66 (.text:_CfgEntryScan)
                  8509a820    000000e0     stk6_ppp_pppoe.ae66 : lli.oe66 (.text:_LLIExpListInsert)
                  8509a900    000000e0                         : rtable.oe66 (.text:_RtExpListInsert)
                  8509a9e0    000000e0     rts6600_elf.lib : divi.obj (.text:__divi)
                  8509aac0    000000e0                     : _printfi.obj (.text:_div)
                  8509aba0    000000e0                     : atoi.obj (.text:atoi)
                  8509ac80    000000e0                     : lowlev.obj (.text:close)
                  8509ad60    000000e0                     : copy_zero_init.obj (.text:decompress:ZI:__TI_zero_init)
                  8509ae40    000000e0     os.ae66 : efs.oe66 (.text:efs_internal_remove)
                  8509af20    000000e0     stk6_ppp_pppoe.ae66 : file.oe66 (.text:fdint_lockfd)
                  8509b000    000000e0     rts6600_elf.lib : fflush.obj (.text:fflush)
                  8509b0e0    000000e0     nettool.ae66 : httpclie.oe66 (.text:httpGetMimeBits)
                  8509b1c0    000000e0     os.ae66 : task.oe66 (.text:llExit)
                  8509b2a0    000000e0     rts6600_elf.lib : ltoa.obj (.text:ltoa)
                  8509b380    000000e0                     : memset.obj (.text:memset)
                  8509b460    000000e0     os.ae66 : mem.oe66 (.text:mmBulkAlloc)
                  8509b540    000000e0     stk6_ppp_pppoe.ae66 : nimuppp.oe66 (.text:pppFree)
                  8509b620    000000e0     rts6600_elf.lib : printf.obj (.text:printf)
                  8509b700    000000e0     sysbios.lib : BIOS.obj (.text:ti_sysbios_family_c64p_Hwi_Instance_finalize__F)
                  8509b7e0    000000e0                 : BIOS.obj (.text:ti_sysbios_family_c64p_Hwi_Instance_init__F)
                  8509b8c0    000000e0     IFD_pe66.oe66 (.text:ti_sysbios_family_c64p_Hwi_Object__create__S)
                  8509b9a0    000000e0     IFD_pe66.oe66 (.text:ti_sysbios_hal_Hwi_Object__create__S)
                  8509ba80    000000e0     sysbios.lib : BIOS.obj (.text:ti_sysbios_knl_Clock_start__E)
                  8509bb60    000000e0                 : BIOS.obj (.text:ti_sysbios_timers_timer64_Timer_startup__E)
                  8509bc40    000000e0     ti.targets.rts6000.ae66 : Error.oe66 (.text:xdc_runtime_Error_print__F)
                  8509bd20    000000e0                             : Memory.oe66 (.text:xdc_runtime_Memory_alloc__F)
                  8509be00    000000c0     rts6600_elf.lib : trgdrv.obj (.text:HOSTread)
                  8509bec0    000000c0                     : trgdrv.obj (.text:HOSTunlink)
                  8509bf80    000000c0                     : trgdrv.obj (.text:HOSTwrite)
                  8509c040    000000c0     stk6_ppp_pppoe.ae66 : icmpv6in.oe66 (.text:ICMPv6RecvDstUnreachable)
                  8509c100    000000c0                         : icmpv6in.oe66 (.text:ICMPv6SocketErrorInterface)
                  8509c1c0    000000c0                         : ipv6.oe66 (.text:IPv6Layer4ComputeChecksum)
                  8509c280    000000c0                         : lli.oe66 (.text:LLIGetValidTime)
                  8509c340    000000c0                         : lli.oe66 (.text:LLIMsg)
                  8509c400    000000c0                         : mld.oe66 (.text:MLDCreateMulticastNode)
                  8509c4c0    000000c0                         : mld.oe66 (.text:MLDLeaveGroup)
                  8509c580    000000c0                         : nimu.oe66 (.text:NIMUFindByName)
                  8509c640    000000c0     netctrl.ae66 : netsrv.oe66 (.text:NS_BootTask)
                  8509c700    000000c0     stk6_ppp_pppoe.ae66 : node.oe66 (.text:NodeUpdatePL)
                  8509c7c0    000000c0     nettool.ae66 : ipaddr.oe66 (.text:NtIfIdx2Ip)
                  8509c880    000000c0     ti.drv.qmss.ae66 : qmss_drv.oe66 (.text:Qmss_setEoiVector)
                  8509c940    000000c0     stk6_ppp_pppoe.ae66 : route6.oe66 (.text:Rt6FindDefaultRouter)
                  8509ca00    000000c0                         : rtable.oe66 (.text:RtWalkBegin)
                  8509cac0    000000c0                         : sb6.oe66 (.text:SB6Flush)
                  8509cb80    000000c0                         : sb6.oe66 (.text:SB6SetMax)
                  8509cc40    000000c0                         : sb.oe66 (.text:SBFlush)
                  8509cd00    000000c0                         : sock6.oe66 (.text:Sock6IntAbort)
                  8509cdc0    000000c0                         : sock6pcb.oe66 (.text:Sock6PcbResolveChain)
                  8509ce80    000000c0                         : sock6pcb.oe66 (.text:Sock6PcbRtChange)
                  8509cf40    000000c0                         : sock.oe66 (.text:SockIntAbort)
                  8509d000    000000c0                         : sockpcb.oe66 (.text:SockPcbRtChange)
                  8509d0c0    000000c0                         : tcp6prot.oe66 (.text:TCP6Close)
                  8509d180    000000c0                         : tcp6time.oe66 (.text:TCP6TimeoutSackRexmt)
                  8509d240    000000c0     os.ae66 : task.oe66 (.text:TaskGetEnv)
                  8509d300    000000c0     stk6_ppp_pppoe.ae66 : tcp.oe66 (.text:TcpChecksum)
                  8509d3c0    000000c0                         : tcpprot.oe66 (.text:TcpClose)
                  8509d480    000000c0                         : tcptime.oe66 (.text:TcpTimeoutSackRexmt)
                  8509d540    000000c0                         : bind6.oe66 (.text:_Bind6FindByHostInList)
                  8509d600    000000c0                         : bind6.oe66 (.text:_Bind6FindByNetInList)
                  8509d6c0    000000c0     rts6600_elf.lib : dtor_list.obj (.text:_Z11__TI_atexitPFYvPvES_S_)
                  8509d780    000000c0                     : dtor_list.obj (.text:__cxa_finalize)
                  8509d840    000000c0                     : divu.obj (.text:__divu)
                  8509d900    000000c0                     : remi.obj (.text:__remi)
                  8509d9c0    000000c0                     : fflush.obj (.text:_doflush)
                  8509da80    000000c0     ti.drv.cppi.ae66 : cppi_listlib.oe66 (.text:cppi_list_remove_node)
                  8509db40    000000c0     nettool.ae66 : dhcptags.oe66 (.text:dhcpOptionsClear)
                  8509dc00    000000c0     os.ae66 : efs.oe66 (.text:efs_fopen)
                  8509dcc0    000000c0     rts6600_elf.lib : exit.obj (.text:exit)
                  8509dd80    000000c0     nettool.ae66 : httpsend.oe66 (.text:httpSendFullResponse)
                  8509de40    000000c0     os.ae66 : mem.oe66 (.text:mmZeroInit)
                  8509df00    000000c0     stk6_ppp_pppoe.ae66 : nimuppp.oe66 (.text:pppAddIP)
                  8509dfc0    000000c0     sysbios.lib : BIOS.obj (.text:ti_sysbios_BIOS_errorRaiseHook__I)
                  8509e080    000000c0                 : BIOS.obj (.text:ti_sysbios_heaps_HeapMem_getStats__E)
                  8509e140    000000c0                 : BIOS.obj (.text:ti_sysbios_knl_Clock_logTick__E)
                  8509e200    000000c0     IFD_pe66.oe66 (.text:ti_sysbios_knl_Task_Object__create__S)
                  8509e2c0    000000c0     sysbios.lib : BIOS.obj (.text:ti_sysbios_timers_timer64_Timer_stop__E)
                  8509e380    000000c0                 : BIOS.obj (.text:ti_sysbios_utils_Load_taskSwitchHook__E)
                  8509e440    000000c0     ti.targets.rts6000.ae66 : LoggerBuf.oe66 (.text:xdc_runtime_LoggerBuf_Instance_init__F)
                  8509e500    000000c0     IFD_pe66.oe66 (.text:xdc_runtime_LoggerBuf_Object__create__S)
                  8509e5c0    000000c0     ti.targets.rts6000.ae66 : System.oe66 (.text:xdc_runtime_System_formatNum__I)
                  8509e680    000000a0     nettool.ae66 : config.oe66 (.text:CfgEntryDeRef)
                  8509e720    000000a0                  : config.oe66 (.text:CfgEntryGetData)
                  8509e7c0    000000a0                  : config.oe66 (.text:CfgGetImmediate)
                  8509e860    000000a0                  : telnetd.oe66 (.text:CmdWriteBytes)
                  8509e900    000000a0                  : telnetd.oe66 (.text:CmdWriteCmd)
                  8509e9a0    000000a0     ti.drv.cppi.ae66 : cppi_drv.oe66 (.text:Cppi_channelEnable)
                  8509ea40    000000a0     stk6_ppp_pppoe.ae66 : file.oe66 (.text:FdSignalEvent)
                  8509eae0    000000a0     rts6600_elf.lib : trgdrv.obj (.text:HOSTclose)
                  8509eb80    000000a0     stk6_ppp_pppoe.ae66 : ipfrag.oe66 (.text:IPReasmFree)
                  8509ec20    000000a0                         : ipfrag.oe66 (.text:IPReasmTimeout)
                  8509ecc0    000000a0                         : ipv6.oe66 (.text:IPv6CompareAddress)
                  8509ed60    000000a0                         : lliin.oe66 (.text:LLIValidateRoute)
                  8509ee00    000000a0                         : md5.oe66 (.text:MD5Final)
                  8509eea0    000000a0                         : nimu.oe66 (.text:NIMUShutdown)
                  8509ef40    000000a0                         : nimu.oe66 (.text:NIMUUnregister)
                  8509efe0    000000a0     nettool.ae66 : ipaddr.oe66 (.text:NtAddNetwork)
                  8509f080    000000a0     stk6_ppp_pppoe.ae66 : pbm.oe66 (.text:PBM_open)
                  8509f120    000000a0                         : pipe.oe66 (.text:PipeCheck)
                  8509f1c0    000000a0     ti.drv.qmss.ae66 : qmss_drv.oe66 (.text:Qmss_queueClose)
                  8509f260    000000a0                      : qmss_drv.oe66 (.text:Qmss_startCfg)
                  8509f300    000000a0     stk6_ppp_pppoe.ae66 : rtable.oe66 (.text:RouteMsg)
                  8509f3a0    000000a0                         : route.oe66 (.text:RtNew)
                  8509f440    000000a0                         : sb6.oe66 (.text:SB6Free)
                  8509f4e0    000000a0                         : sb.oe66 (.text:SBFree)
                  8509f580    000000a0     os.ae66 : semaphore.oe66 (.text:SemCreate)
                  8509f620    000000a0     stk6_ppp_pppoe.ae66 : sock6pcb.oe66 (.text:Sock6CleanPcb)
                  8509f6c0    000000a0                         : sock6.oe66 (.text:Sock6GetName)
                  8509f760    000000a0                         : sock.oe66 (.text:SockBind)
                  8509f800    000000a0                         : sockpcb.oe66 (.text:SockCleanPcb)
                  8509f8a0    000000a0                         : sockpcb.oe66 (.text:SockPcbResolveChain)
                  8509f940    000000a0                         : tcp6prot.oe66 (.text:TCP6Drop)
                  8509f9e0    000000a0                         : tcp6prot.oe66 (.text:TCP6PrCtlError)
                  8509fa80    000000a0                         : tcp6prot.oe66 (.text:TCP6PrSend)
                  8509fb20    000000a0                         : tcp6prot.oe66 (.text:TCP6PrSendOOB)
                  8509fbc0    000000a0     os.ae66 : task.oe66 (.text:TaskCreate)
                  8509fc60    000000a0     stk6_ppp_pppoe.ae66 : tcpprot.oe66 (.text:TcpDrop)
                  8509fd00    000000a0                         : tcpprot.oe66 (.text:TcpPrCtlError)
                  8509fda0    000000a0                         : tcpprot.oe66 (.text:TcpPrSend)
                  8509fe40    000000a0                         : tcpprot.oe66 (.text:TcpPrSendOOB)
                  8509fee0    000000a0                         : timer.oe66 (.text:TimerNew)
                  8509ff80    000000a0     nettool.ae66 : config.oe66 (.text:_CfgRelease)
                  850a0020    000000a0     stk6_ppp_pppoe.ae66 : lli.oe66 (.text:_LLITimeoutFlush)
                  850a00c0    000000a0     rts6600_elf.lib : round.obj (.text:__c6xabi_nround)
                  850a0160    000000a0                     : remu.obj (.text:__remu)
                  850a0200    000000a0     boot.ae66 : boot.oe66 (.text:_c_int00)
                  850a02a0    000000a0     rts6600_elf.lib : fopen.obj (.text:_cleanup)
                  850a0340    000000a0                     : _printfi.obj (.text:_ecpy)
                  850a03e0    000000a0                     : _printfi.obj (.text:_fcpy)
                  850a0480    000000a0                     : _printfi.obj (.text:_pconv_f)
                  850a0520    000000a0     sysbios.lib : c64p_Hwi_asm.obj (.text:_ti_sysbios_family_c64p_Hwi_plug__E)
                  850a05c0    000000a0     stk6_ppp_pppoe.ae66 : auth.oe66 (.text:authStart)
                  850a0660    000000a0     ti.drv.cppi.ae66 : cppi_heap.oe66 (.text:cppi_internal_heap_malloc)
                  850a0700    000000a0                      : cppi_listlib.oe66 (.text:cppi_list_cat)
                  850a07a0    000000a0     nettool.ae66 : dhcpbild.oe66 (.text:dhcpBuildDecline)
                  850a0840    000000a0                  : dhcpsm.oe66 (.text:dhcpIPRemove)
                  850a08e0    000000a0     os.ae66 : efs.oe66 (.text:efs_filesend)
                  850a0980    000000a0     stk6_ppp_pppoe.ae66 : fileuser.oe66 (.text:fdCloseSession)
                  850a0a20    000000a0     rts6600_elf.lib : lowlev.obj (.text:finddevice)
                  850a0ac0    000000a0     stk6_ppp_pppoe.ae66 : lcp.oe66 (.text:lcpInit)
                  850a0b60    000000a0                         : lcp.oe66 (.text:lcpSendTerm)
                  850a0c00    000000a0     hal_timer_bios.ae66 : lltimer.oe66 (.text:llTimerTick)
                  850a0ca0    000000a0     rts6600_elf.lib : lowlev.obj (.text:lseek)
                  850a0d40    000000a0                     : memcpy64.obj (.text:memcpy)
                  850a0de0    000000a0     os.ae66 : mem.oe66 (.text:mmBulkFree)
                  850a0e80    000000a0             : mem.oe66 (.text:mmInitPage)
                  850a0f20    000000a0     rts6600_elf.lib : modf.obj (.text:modf)
                  850a0fc0    000000a0     ti.drv.pa.ae66 : pa.oe66 (.text:pa_format_fcmd_header)
                  850a1060    000000a0                    : pa.oe66 (.text:pa_pdsp_run)
                  850a1100    000000a0     rts6600_elf.lib : strerror.obj (.text:strerror)
                  850a11a0    000000a0     os.ae66 : ossys.oe66 (.text:stricmp)
                  850a1240    000000a0     rts6600_elf.lib : strstr.obj (.text:strstr)
                  850a12e0    000000a0     sysbios.lib : BIOS.obj (.text:ti_sysbios_heaps_HeapMem_init__I)
                  850a1380    000000a0     rts6600_elf.lib : lowlev.obj (.text:write)
                  850a1420    000000a0     ti.targets.rts6000.ae66 : Assert.oe66 (.text:xdc_runtime_Assert_raise__I)
                  850a14c0    000000a0                             : LoggerBuf.oe66 (.text:xdc_runtime_LoggerBuf_Module_startup__F)
                  850a1560    000000a0     IFD_pe66.oe66 (.text:xdc_runtime_LoggerBuf_write8__E)
                  850a1600    00000080     ti.drv.cppi.ae66 : cppi_drv.oe66 (.text:Cppi_setCpdmaLoopback)
                  850a1680    00000080     stk6_ppp_pppoe.ae66 : md5.oe66 (.text:Decode)
                  850a1700    00000080                         : icmp.oe66 (.text:ICMPChecksum)
                  850a1780    00000080                         : icmpv6in.oe66 (.text:ICMPv6RecvParamProblem)
                  850a1800    00000080                         : icmpv6_ndisc.oe66 (.text:ICMPv6RecvRS)
                  850a1880    00000080                         : icmpv6in.oe66 (.text:ICMPv6RecvTimeExceeded)
                  850a1900    00000080                         : ipv6out.oe66 (.text:IPv6GetRoute)
                  850a1980    00000080                         : lli6.oe66 (.text:LLI6Free)
                  850a1a00    00000080                         : lli6.oe66 (.text:LLI6IsRouterStatMachine)
                  850a1a80    00000080     netctrl.ae66 : netctrl.oe66 (.text:NC_SystemClose)
                  850a1b00    00000080     stk6_ppp_pppoe.ae66 : nimu.oe66 (.text:NIMUInit)
                  850a1b80    00000080                         : pbm.oe66 (.text:PBMQ_deq)
                  850a1c00    00000080                         : nimuppp.oe66 (.text:PPPSend)
                  850a1c80    00000080     ti.drv.pa.ae66 : painit.oe66 (.text:Pa_getBufferReq)
                  850a1d00    00000080     stk6_ppp_pppoe.ae66 : pipe.oe66 (.text:PipeClose)
                  850a1d80    00000080     ti.drv.qmss.ae66 : qmss_drv.oe66 (.text:Qmss_getMemRegQueueHandle)
                  850a1e00    00000080                      : qmss_drv.oe66 (.text:Qmss_queueOpen)
                  850a1e80    00000080     stk6_ppp_pppoe.ae66 : rawethsock.oe66 (.text:RawEthSockClose)
                  850a1f00    00000080                         : rawethsock_pcb.oe66 (.text:RawEthSockPcbDetach)
                  850a1f80    00000080                         : route6.oe66 (.text:Rt6Update)
                  850a2000    00000080                         : route.oe66 (.text:RtSetFailure)
                  850a2080    00000080                         : route.oe66 (.text:RtSetTimeout)
                  850a2100    00000080                         : sock6.oe66 (.text:Sock6Bind)
                  850a2180    00000080                         : sock6pcb.oe66 (.text:Sock6PcbCleanup)
                  850a2200    00000080                         : sock.oe66 (.text:SockGetName)
                  850a2280    00000080                         : sockpcb.oe66 (.text:SockPcbCleanup)
                  850a2300    00000080                         : sockpcb.oe66 (.text:SockPcbDetach)
                  850a2380    00000080                         : tcp6prot.oe66 (.text:TCP6PrListen)
                  850a2400    00000080     os.ae66 : task.oe66 (.text:TaskSetEnv)
                  850a2480    00000080     stk6_ppp_pppoe.ae66 : tcpprot.oe66 (.text:TcpPrListen)
                  850a2500    00000080                         : timer.oe66 (.text:TimerHSTick)
                  850a2580    00000080                         : timer.oe66 (.text:TimerListRemove)
                  850a2600    00000080     nettool.ae66 : config.oe66 (.text:_CfgAcquire)
                  850a2680    00000080     stk6_ppp_pppoe.ae66 : lli.oe66 (.text:_LLIExpListRemove)
                  850a2700    00000080                         : rtc.oe66 (.text:_RTCSendRtAdv)
                  850a2780    00000080                         : rtable.oe66 (.text:_RtExpListRemove)
                  850a2800    00000080     rts6600_elf.lib : fixfu.obj (.text:__c6xabi_fixfu)
                  850a2880    00000080                     : llshift.obj (.text:__c6xabi_llshl)
                  850a2900    00000080     sysbios.lib : c62_TaskSupport_asm.obj (.text:_ti_sysbios_family_c62_TaskSupport_swap__E)
                  850a2980    00000080     ti.drv.cppi.ae66 : cppi_heap.oe66 (.text:cppi_internal_heap_cache_begin)
                  850a2a00    00000080                      : cppi_listlib.oe66 (.text:cppi_list_remove)
                  850a2a80    00000080     nettool.ae66 : dhcpsock.oe66 (.text:dhcpSocketClose)
                  850a2b00    00000080     os.ae66 : efs.oe66 (.text:efs_fclose)
                  850a2b80    00000080             : efs.oe66 (.text:efs_findfile)
                  850a2c00    00000080     stk6_ppp_pppoe.ae66 : file.oe66 (.text:fdint_waitevent)
                  850a2c80    00000080     nettool.ae66 : httpsend.oe66 (.text:httpSendEntityLength)
                  850a2d00    00000080                  : httpsend.oe66 (.text:httpSendErrorResponse)
                  850a2d80    00000080     hal_timer_bios.ae66 : lltimer.oe66 (.text:llTimerGetTime)
                  850a2e00    00000080     IFD_pe66.oe66 (.text:malloc)
                  850a2e80    00000080     ti.drv.pa.ae66 : pa.oe66 (.text:pa_uint8_match)
                  850a2f00    00000080     rts6600_elf.lib : trgmsg.obj (.text:readmsg)
                  850a2f80    00000080     nettool.ae66 : httpsend.oe66 (.text:strcat)
                  850a3000    00000080     ti.drv.pa.ae66 : pa.oe66 (.text:swizFcmd)
                  850a3080    00000080     sysbios.lib : BIOS.obj (.text:ti_sysbios_family_c62_TaskSupport_start__E)
                  850a3100    00000080                 : BIOS.obj (.text:ti_sysbios_family_c64p_Exception_Module_startup__F)
                  850a3180    00000080                 : BIOS.obj (.text:ti_sysbios_family_c64p_Hwi_eventMap__E)
                  850a3200    00000080                 : BIOS.obj (.text:ti_sysbios_family_c66_Cache_invL1pAll__E)
                  850a3280    00000080                 : BIOS.obj (.text:ti_sysbios_family_c66_tci66xx_CpIntc_getEventId__F)
                  850a3300    00000080                 : BIOS.obj (.text:ti_sysbios_family_c66_tci66xx_CpIntc_mapSysIntToHostInt__F)
                  850a3380    00000080     IFD_pe66.oe66 (.text:ti_sysbios_gates_GateHwi_Object__create__S)
                  850a3400    00000080     IFD_pe66.oe66 (.text:ti_sysbios_gates_GateMutex_Object__create__S)
                  850a3480    00000080     sysbios.lib : BIOS.obj (.text:ti_sysbios_hal_Hwi_checkStack:ti_sysbios_hal_Hwi_checkStack)
                  850a3500    00000080     IFD_pe66.oe66 (.text:ti_sysbios_heaps_HeapMem_Object__create__S)
                  850a3580    00000080     sysbios.lib : BIOS.obj (.text:ti_sysbios_knl_Clock_Module_startup__F)
                  850a3600    00000080     IFD_pe66.oe66 (.text:ti_sysbios_knl_Clock_Object__create__S)
                  850a3680    00000080     sysbios.lib : BIOS.obj (.text:ti_sysbios_knl_Clock_getTicks__E)
                  850a3700    00000080                 : BIOS.obj (.text:ti_sysbios_knl_Idle_loop__E)
                  850a3780    00000080     IFD_pe66.oe66 (.text:ti_sysbios_knl_Queue_Object__create__S)
                  850a3800    00000080     IFD_pe66.oe66 (.text:ti_sysbios_knl_Semaphore_Object__create__S)
                  850a3880    00000080     sysbios.lib : BIOS.obj (.text:ti_sysbios_knl_Semaphore_pendTimeout__I)
                  850a3900    00000080                 : BIOS.obj (.text:ti_sysbios_knl_Swi_startup__E)
                  850a3980    00000080                 : BIOS.obj (.text:ti_sysbios_knl_Task_deleteTerminatedTasksFunc__I)
                  850a3a00    00000080                 : BIOS.obj (.text:ti_sysbios_knl_Task_restore__E)
                  850a3a80    00000080                 : BIOS.obj (.text:ti_sysbios_timers_timer64_Timer_getCount__E)
                  850a3b00    00000080                 : BIOS.obj (.text:ti_sysbios_timers_timer64_Timer_getPeriod__E)
                  850a3b80    00000080     rts6600_elf.lib : lowlev.obj (.text:unlink)
                  850a3c00    00000080     ti.targets.rts6000.ae66 : Core-label.oe66 (.text:xdc_runtime_Core_assignLabel__I)
                  850a3c80    00000080                             : Core-params.oe66 (.text:xdc_runtime_Core_assignParams__I)
                  850a3d00    00000080                             : LoggerBuf.oe66 (.text:xdc_runtime_LoggerBuf_filterOutEvent__I)
                  850a3d80    00000080                             : System.oe66 (.text:xdc_runtime_System_atexit__F)
                  850a3e00    00000080                             : System.oe66 (.text:xdc_runtime_System_rtsExit__I)
                  850a3e80    00000080                             : Text.oe66 (.text:xdc_runtime_Text_printVisFxn__I)
                  850a3f00    00000080                             : Text.oe66 (.text:xdc_runtime_Text_xprintf__I)
                  850a3f80    00000060     stk6_ppp_pppoe.ae66 : bind6.oe66 (.text:Bind6FindByIF)
                  850a3fe0    00000060                         : bind6.oe66 (.text:Bind6IF2IPHost)
                  850a4040    00000060                         : bind.oe66 (.text:BindFindByHost)
                  850a40a0    00000060                         : bind.oe66 (.text:BindFindByIF)
                  850a4100    00000060                         : bind.oe66 (.text:BindFindByNet)
                  850a4160    00000060                         : bind.oe66 (.text:BindGetIFByDBCast)
                  850a41c0    00000060                         : bind.oe66 (.text:BindIF2IPHost)
                  850a4220    00000060     nettool.ae66 : config.oe66 (.text:CfgEntryInfo)
                  850a4280    00000060                  : config.oe66 (.text:CfgSetService)
                  850a42e0    00000060     stk6_ppp_pppoe.ae66 : md5.oe66 (.text:Encode)
                  850a4340    00000060                         : exec.oe66 (.text:ExecBroadcast)
                  850a43a0    00000060                         : igmp.oe66 (.text:IGMPTestGroup)
                  850a4400    00000060                         : ip.oe66 (.text:IPChecksum)
                  850a4460    00000060                         : lli.oe66 (.text:LLIFree)
                  850a44c0    00000060                         : nimu.oe66 (.text:NIMUAddHeader)
                  850a4520    00000060                         : nimu.oe66 (.text:NIMUCreatePacket)
                  850a4580    00000060                         : nimu.oe66 (.text:NIMUFindByIndex)
                  850a45e0    00000060                         : nimu.oe66 (.text:NIMUPacketService)
[...]
851132e8   ti_sysbios_knl_Semaphore_Object__DESC__C
85113308   ti_sysbios_knl_Task_Object__DESC__C
85113328   xdc_runtime_LoggerBuf_Object__DESC__C
851133a2   ti_sysbios_knl_Clock_Module__id__C
851133a4   ti_sysbios_family_c62_TaskSupport_stackAlignment__C
851133a8   ti_sysbios_family_c66_tci66xx_CpIntc_eventId__A
851133c2   ti_sysbios_knl_Clock_Module__loggerDefined__C
851133c4   ti_sysbios_family_c64p_EventCombiner_E_unpluggedEvent__C
851133c8   ti_sysbios_family_c66_tci66xx_CpIntc_hostIntToEventId_0__A
851133e2   ti_sysbios_knl_Semaphore_Module__id__C
851133e4   ti_sysbios_family_c64p_Exception_E_exceptionMin__C
851133e8   ti_sysbios_family_c66_tci66xx_CpIntc_hostIntToEventId_1__A
85113402   ti_sysbios_knl_Semaphore_Module__loggerDefined__C
85113404   ti_sysbios_family_c64p_Exception_exceptionHook__C
85113408   ti_sysbios_family_c66_tci66xx_CpIntc_hostIntToEventId_2__A
85113422   ti_sysbios_knl_Swi_Module__id__C
85113424   ti_sysbios_family_c64p_Exception_externalHook__C
85113428   ti_sysbios_family_c66_tci66xx_CpIntc_hostIntToEventId_3__A
85113442   ti_sysbios_knl_Swi_Module__loggerDefined__C
85113444   ti_sysbios_family_c64p_Exception_internalHook__C
85113448   ti_sysbios_family_c66_tci66xx_CpIntc_hostIntToEventId_4__A
85113462   ti_sysbios_knl_Task_Module__id__C
85113464   ti_sysbios_family_c64p_Exception_nmiHook__C
85113468   ti_sysbios_family_c66_tci66xx_CpIntc_hostIntToEventId_5__A
85113482   ti_sysbios_knl_Task_Module__loggerDefined__C
85113484   ti_sysbios_family_c64p_Hwi_E_alreadyDefined__C
85113488   ti_sysbios_family_c66_tci66xx_CpIntc_hostIntToEventId_6__A
851134a2   ti_sysbios_knl_Task_deleteTerminatedTasks__C
851134a4   ti_sysbios_family_c64p_Hwi_E_handleNotFound__C
851134a8   ti_sysbios_family_c66_tci66xx_CpIntc_hostIntToEventId_7__A
851134c2   ti_sysbios_knl_Task_initStackFlag__C
851134c4   ti_sysbios_family_c64p_Hwi_LD_end__C
85113510   ti_sysbios_family_c64p_MemoryProtect_dmcCtrl__C
85113528   ti_sysbios_family_c64p_MemoryProtect_pmcCtrl__C
85113540   ti_sysbios_family_c64p_MemoryProtect_umcCtrl__C
85113558   ti_sysbios_gates_GateHwi_Object__PARAMS__C
85113570   ti_sysbios_gates_GateMutex_Object__PARAMS__C
85113588   ti_sysbios_knl_Queue_Object__PARAMS__C
85113622   ti_sysbios_timers_timer64_Timer_Module__id__C
85113624   ti_sysbios_family_c64p_Hwi_LM_begin__C
85113628   paMemAligns
85113638   CSR_LOCAL_DEVICEID_16BIT
8511363c   CSR_LOCAL_DEVICEID_8BIT
85113640   REMOTE_DEVICEID_16BIT
85113644   REMOTE_DEVICEID_8BIT
85113648   ti_sysbios_family_c64p_EventCombiner_EVTMASK__C
85113666   ti_sysbios_timers_timer64_Timer_startupNeeded__C
85113674   ti_sysbios_family_c66_Cache_initSize__C
85113680   ti_sysbios_knl_Idle_funcList__A
851136a8   ti_sysbios_knl_Idle_funcList__C
851136b0   ti_sysbios_knl_Task_hooks__C
851136b8   xdc_runtime_Startup_firstFxns__A
851136c0   xdc_runtime_Startup_firstFxns__C
851136c8   xdc_runtime_Startup_lastFxns__C
851136d6   ti_sysbios_utils_Load_Module__id__C
851136de   ti_sysbios_utils_Load_Module__loggerDefined__C
851136e6   ti_sysbios_utils_Load_autoAddTasks__C
851136e8   ti_sysbios_family_c64p_Hwi_Module__diagsEnabled__C
851136ec   ti_sysbios_family_c64p_Hwi_Module__diagsIncluded__C
851136f0   ti_sysbios_family_c64p_Hwi_Module__diagsMask__C
851136f4   ti_sysbios_family_c64p_Hwi_Module__loggerFxn1__C
851136f8   ti_sysbios_family_c64p_Hwi_Module__loggerFxn8__C
851136fc   ti_sysbios_family_c64p_Hwi_Module__loggerObj__C
85113700   ti_sysbios_family_c66_Cache_atomicBlockSize__C
85113704   ti_sysbios_family_c66_tci66xx_CpIntc_E_unpluggedSysInt__C
85113708   ti_sysbios_family_c66_tci66xx_CpIntc_eventId__C
8511370c   ti_sysbios_family_c66_tci66xx_CpIntc_hostIntToEventId__C
85113710   ti_sysbios_family_c66_tci66xx_CpIntc_numEvents__C
85113714   ti_sysbios_family_c66_tci66xx_CpIntc_numStatusRegs__C
85113718   ti_sysbios_family_c66_tci66xx_CpIntc_numSysInts__C
8511371c   ti_sysbios_family_c66_tci66xx_CpIntc_sysIntToHostInt__C
85113720   ti_sysbios_gates_GateMutex_A_badContext__C
85113724   ti_sysbios_gates_GateMutex_Instance_State_sem__O
85113728   ti_sysbios_gates_GateMutex_Module__diagsEnabled__C
8511372c   ti_sysbios_gates_GateMutex_Module__diagsIncluded__C
85113730   ti_sysbios_gates_GateMutex_Module__diagsMask__C
85113734   ti_sysbios_hal_Hwi_E_stackOverflow__C
85113738   ti_sysbios_heaps_HeapBuf_Instance_State_freeList__O
8511373c   ti_sysbios_heaps_HeapBuf_Object__count__C
85113740   ti_sysbios_heaps_HeapBuf_Object__table__C
85113744   ti_sysbios_heaps_HeapBuf_numConstructedHeaps__C
85113748   ti_sysbios_heaps_HeapMem_A_align__C
8511374c   ti_sysbios_heaps_HeapMem_A_heapSize__C
85113750   ti_sysbios_heaps_HeapMem_A_invalidFree__C
85113754   ti_sysbios_heaps_HeapMem_A_zeroBlock__C
85113758   ti_sysbios_heaps_HeapMem_E_memory__C
8511375c   ti_sysbios_heaps_HeapMem_Module__diagsEnabled__C
85113760   ti_sysbios_heaps_HeapMem_Module__diagsIncluded__C
85113764   ti_sysbios_heaps_HeapMem_Module__diagsMask__C
85113768   ti_sysbios_heaps_HeapMem_Module__gateObj__C
8511376c   ti_sysbios_heaps_HeapMem_Object__count__C
85113770   ti_sysbios_heaps_HeapMem_Object__table__C
85113774   ti_sysbios_heaps_HeapMem_reqAlignMask__C
85113778   ti_sysbios_heaps_HeapMem_reqAlign__C
8511377c   ti_sysbios_knl_Clock_A_badThreadType__C
85113780   ti_sysbios_knl_Clock_LM_begin__C
85113784   ti_sysbios_knl_Clock_LM_tick__C
85113788   ti_sysbios_knl_Clock_LW_delayed__C
8511378c   ti_sysbios_knl_Clock_Module_State_clockQ__O
85113790   ti_sysbios_knl_Clock_Module__diagsEnabled__C
85113794   ti_sysbios_knl_Clock_Module__diagsIncluded__C
85113798   ti_sysbios_knl_Clock_Module__diagsMask__C
8511379c   ti_sysbios_knl_Clock_Module__loggerFxn1__C
851137a0   ti_sysbios_knl_Clock_Module__loggerFxn2__C
851137a4   ti_sysbios_knl_Clock_Module__loggerObj__C
851137a8   ti_sysbios_knl_Clock_tickMode__C
851137ac   ti_sysbios_knl_Clock_tickSource__C
851137b0   ti_sysbios_knl_Mailbox_Instance_State_freeQue__O
851137b4   ti_sysbios_knl_Mailbox_Object__count__C
851137b8   ti_sysbios_knl_Mailbox_Object__table__C
851137bc   ti_sysbios_knl_Queue_Object__count__C
851137c0   ti_sysbios_knl_Queue_Object__table__C
851137c4   ti_sysbios_knl_Semaphore_A_badContext__C
851137c8   ti_sysbios_knl_Semaphore_A_noEvents__C
851137cc   ti_sysbios_knl_Semaphore_A_overflow__C
851137d0   ti_sysbios_knl_Semaphore_Instance_State_pendQ__O
851137d4   ti_sysbios_knl_Semaphore_LM_pend__C
851137d8   ti_sysbios_knl_Semaphore_LM_post__C
851137dc   ti_sysbios_knl_Semaphore_Module__diagsEnabled__C
851137e0   ti_sysbios_knl_Semaphore_Module__diagsIncluded__C
851137e4   ti_sysbios_knl_Semaphore_Module__diagsMask__C
851137e8   ti_sysbios_knl_Semaphore_Module__loggerFxn2__C
851137ec   ti_sysbios_knl_Semaphore_Module__loggerFxn4__C
851137f0   ti_sysbios_knl_Semaphore_Module__loggerObj__C
851137f4   ti_sysbios_knl_Swi_LD_end__C
851137f8   ti_sysbios_knl_Swi_LM_begin__C
851137fc   ti_sysbios_knl_Swi_LM_post__C
85113800   ti_sysbios_knl_Swi_Module__diagsEnabled__C
85113804   ti_sysbios_knl_Swi_Module__diagsIncluded__C
85113808   ti_sysbios_knl_Swi_Module__diagsMask__C
8511380c   ti_sysbios_knl_Swi_Module__loggerFxn1__C
85113810   ti_sysbios_knl_Swi_Module__loggerFxn4__C
85113814   ti_sysbios_knl_Swi_Module__loggerObj__C
85113818   ti_sysbios_knl_Swi_Object__count__C
8511381c   ti_sysbios_knl_Swi_Object__table__C
85113820   ti_sysbios_knl_Task_A_badPriority__C
85113824   ti_sysbios_knl_Task_A_badTaskState__C
85113828   ti_sysbios_knl_Task_A_badThreadType__C
8511382c   ti_sysbios_knl_Task_A_badTimeout__C
85113830   ti_sysbios_knl_Task_A_noPendElem__C
85113834   ti_sysbios_knl_Task_E_spOutOfBounds__C
85113838   ti_sysbios_knl_Task_E_stackOverflow__C
8511383c   ti_sysbios_knl_Task_LD_block__C
85113840   ti_sysbios_knl_Task_LD_exit__C
85113844   ti_sysbios_knl_Task_LD_ready__C
85113848   ti_sysbios_knl_Task_LM_setPri__C
8511384c   ti_sysbios_knl_Task_LM_sleep__C
85113850   ti_sysbios_knl_Task_LM_switch__C
85113854   ti_sysbios_knl_Task_LM_yield__C
85113858   ti_sysbios_knl_Task_Module_State_inactiveQ__O
8511385c   ti_sysbios_knl_Task_Module_State_terminatedQ__O
85113860   ti_sysbios_knl_Task_Module__diagsEnabled__C
85113864   ti_sysbios_knl_Task_Module__diagsIncluded__C
85113868   ti_sysbios_knl_Task_Module__diagsMask__C
8511386c   ti_sysbios_knl_Task_Module__loggerFxn2__C
85113870   ti_sysbios_knl_Task_Module__loggerFxn4__C
85113874   ti_sysbios_knl_Task_Module__loggerObj__C
85113878   ti_sysbios_knl_Task_Object__count__C
8511387c   ti_sysbios_knl_Task_Object__heap__C
85113880   ti_sysbios_knl_Task_Object__table__C
85113884   ti_sysbios_knl_Task_allBlockedFunc__C
85113888   ti_sysbios_knl_Task_defaultStackHeap__C
8511388c   ti_sysbios_knl_Task_defaultStackSize__C
85113890   ti_sysbios_knl_Task_numConstructedTasks__C
85113894   ti_sysbios_knl_Task_numPriorities__C
85113898   ti_sysbios_timers_timer64_Timer_A_notAvailable__C
8511389c   ti_sysbios_timers_timer64_Timer_E_cannotSupport__C
851138a0   ti_sysbios_timers_timer64_Timer_Module__diagsEnabled__C
851138a4   ti_sysbios_timers_timer64_Timer_Module__diagsIncluded__C
851138a8   ti_sysbios_timers_timer64_Timer_Module__diagsMask__C
851138ac   ti_sysbios_timers_timer64_Timer_anyMask__C
851138b0   ti_sysbios_timers_timer64_Timer_freqDivisor__C
851138b4   ti_sysbios_timers_timer64_Timer_numLocalTimers__C
851138b8   ti_sysbios_timers_timer64_Timer_numTimerDevices__C
851138bc   ti_sysbios_utils_Load_LS_cpuLoad__C
851138c0   ti_sysbios_utils_Load_LS_hwiLoad__C
851138c4   ti_sysbios_utils_Load_LS_swiLoad__C
851138c8   ti_sysbios_utils_Load_LS_taskLoad__C
851138cc   ti_sysbios_utils_Load_Module_State_gate__O
851138d0   ti_sysbios_utils_Load_Module_State_taskList__O
851138d4   ti_sysbios_utils_Load_Module__diagsEnabled__C
851138d8   ti_sysbios_utils_Load_Module__diagsIncluded__C
851138dc   ti_sysbios_utils_Load_Module__diagsMask__C
851138e0   ti_sysbios_utils_Load_Module__loggerFxn1__C
851138e4   ti_sysbios_utils_Load_Module__loggerFxn2__C
851138e8   ti_sysbios_utils_Load_Module__loggerFxn4__C
851138ec   ti_sysbios_utils_Load_Module__loggerObj__C
851138f0   ti_sysbios_utils_Load_postUpdate__C
851138f4   ti_sysbios_utils_Load_windowInMs__C
851138f8   xdc_runtime_Assert_E_assertFailed__C
851138fc   xdc_runtime_Core_A_initializedParams__C
85113900   xdc_runtime_Core_Module__diagsEnabled__C
85113904   xdc_runtime_Core_Module__diagsIncluded__C
85113908   xdc_runtime_Core_Module__diagsMask__C
8511390c   xdc_runtime_Error_E_generic__C
85113910   xdc_runtime_Error_E_memory__C
85113914   xdc_runtime_Error_Module__diagsEnabled__C
85113918   xdc_runtime_Error_Module__diagsIncluded__C
8511391c   xdc_runtime_Error_Module__diagsMask__C
85113920   xdc_runtime_Error_Module__loggerFxn8__C
85113924   xdc_runtime_Error_Module__loggerObj__C
85113928   xdc_runtime_Error_policy__C
8511392c   xdc_runtime_Error_raiseHook__C
85113930   xdc_runtime_IFilterLogger_Interface__BASE__C
85113934   xdc_runtime_IGateProvider_Interface__BASE__C
85113938   xdc_runtime_IHeap_Interface__BASE__C
8511393c   xdc_runtime_ILogger_Interface__BASE__C
85113940   xdc_runtime_IModule_Interface__BASE__C
85113944   xdc_runtime_Log_L_error__C
85113948   xdc_runtime_LoggerBuf_E_badLevel__C
8511394c   xdc_runtime_LoggerBuf_Module__gateObj__C
85113950   xdc_runtime_LoggerBuf_Object__count__C
85113954   xdc_runtime_LoggerBuf_Object__table__C
85113958   xdc_runtime_LoggerBuf_statusLogger__C
8511395c   xdc_runtime_Memory_defaultHeapInstance__C
85113960   xdc_runtime_Startup_execImpl__C
85113964   xdc_runtime_Startup_maxPasses__C
85113968   xdc_runtime_Startup_lastFxns__A
8511396c   xdc_runtime_Startup_sfxnRts__C
85113970   xdc_runtime_Startup_sfxnTab__C
85113974   xdc_runtime_Startup_startModsFxn__C
85113978   xdc_runtime_System_Module__gateObj__C
8511397c   xdc_runtime_System_extendFxn__C
85113980   xdc_runtime_System_maxAtexitHandlers__C
85113984   xdc_runtime_Text_charTab__C
85113988   xdc_runtime_Text_nameEmpty__C
8511398c   xdc_runtime_Text_nameStatic__C
85113990   xdc_runtime_Text_nameUnknown__C
85113994   xdc_runtime_Text_nodeTab__C
85113998   xdc_runtime_Text_visitRopeFxn__C
8511399c   ti_sysbios_utils_Load_hwiEnabled__C
8511399e   ti_sysbios_utils_Load_swiEnabled__C
851139a2   ti_sysbios_utils_Load_taskEnabled__C
851139a4   ti_sysbios_utils_Load_updateInIdle__C
851139a6   xdc_runtime_Core_Module__id__C
851139a8   xdc_runtime_Error_Module__loggerDefined__C
851139aa   xdc_runtime_Error_maxDepth__C
851139ac   xdc_runtime_LoggerBuf_Module__id__C
851139ae   xdc_runtime_LoggerBuf_filterByLevel__C
851139b0   xdc_runtime_Memory_Module__id__C
851139b2   xdc_runtime_Text_charCnt__C
851139b4   xdc_runtime_Text_isLoaded__C
851139b6   xdc_runtime_Text_registryModsLastId__C
851139b8   xdc_runtime_Text_unnamedModsLastId__C
85113a00   gHostDesc
8511ba00   queueFree
8511da00   qmssGObj
8511de00   ti_sdo_utils_MultiProc_Module__state__V
8511de04   ti_sdo_utils_NameServerRemoteNull_Module__root__V
8511de0c   ti_sysbios_BIOS_Module__state__V
8511de28   ti_sysbios_family_c64p_EventCombiner_Module__state__V
8511e228   ti_sysbios_family_c64p_Exception_Module__state__V
8511e254   ti_sysbios_family_c64p_Hwi_Module__root__V
8511e25c   ti_sysbios_family_c64p_Hwi_Module__state__V
8511e2c4   ti_sysbios_family_c64p_MemoryProtect_Module__state__V
8511e2c8   ti_sysbios_family_c66_tci66xx_CpIntc_Module__state__V
8511e2d8   ti_sysbios_gates_GateHwi_Module__root__V
8511e2e0   ti_sysbios_gates_GateMutex_Module__root__V
8511e2e8   ti_sysbios_hal_Hwi_Module__root__V
8511e2f0   ti_sysbios_hal_Timer_Module__root__V
8511e2f8   ti_sysbios_heaps_HeapBuf_Module__root__V
8511e300   ti_sysbios_heaps_HeapBuf_Module__state__V
8511e304   ti_sysbios_heaps_HeapMem_Module__root__V
8511e30c   ti_sysbios_knl_Clock_Module__root__V
8511e314   ti_sysbios_knl_Clock_Module__state__V
8511e340   ti_sysbios_knl_Event_Module__root__V
8511e348   ti_sysbios_knl_Mailbox_Module__root__V
8511e350   ti_sysbios_knl_Queue_Module__root__V
8511e358   ti_sysbios_knl_Semaphore_Module__root__V
8511e360   ti_sysbios_knl_Swi_Module__root__V
8511e368   ti_sysbios_knl_Swi_Module__state__V
8511e384   ti_sysbios_knl_Task_Module__root__V
8511e38c   ti_sysbios_knl_Task_Module__state__V
8511e3c0   ti_sysbios_timers_timer64_Timer_Module__root__V
8511e3c8   ti_sysbios_timers_timer64_Timer_Module__state__V
8511e3dc   ti_sysbios_utils_Load_Module__state__V
8511e478   xdc_runtime_Error_Module__state__V
8511e47c   xdc_runtime_LoggerBuf_Module__root__V
8511e484   xdc_runtime_LoggerBuf_Module__state__V
8511e48c   xdc_runtime_Memory_Module__state__V
8511e490   xdc_runtime_Registry_Module__state__V
8511e498   xdc_runtime_Startup_Module__state__V
8511e4a0   xdc_runtime_System_Module__state__V
8511e4ac   xdc_runtime_Text_Module__state__V
8511e4b4   __xdc__init__addr
8511e4b8   ti_sysbios_family_c66_tci66xx_CpIntc_Module_State_0_dispatchTab__A
8511e9b8   _ftable
8511eb98   ti_sysbios_timers_timer64_Timer_Module_State_0_device__A
8511ed18   qmssGblCfgParams
8511ee38   _ipcfg
8511ef90   ti_sysbios_knl_Task_Object__table__V
8511efd8   TSK_idle
8511f020   ti_sysbios_knl_Swi_Module_State_0_readyQ__A
8511f0a0   ti_sysbios_knl_Task_Module_State_0_readyQ__A
8511f120   ti_sysbios_timers_timer64_Timer_Module_State_0_gctrl__A
8511f1a0   ti_sysbios_timers_timer64_Timer_Module_State_0_handles__A
8511f220   ti_sysbios_timers_timer64_Timer_Module_State_0_intFreqs__A
8511f318   cppiGblCfgParams
8511f390   ti_sysbios_family_c64p_Hwi_Object__table__V
8511f4b0   ti_sysbios_family_c66_tci66xx_CpIntc_Module_State_0_hostIntToSysInt__A
8511f4fc   _ft_end
8511f500   ti_sysbios_timers_timer64_Timer_Object__table__V
8511f54c   devParams
8511f590   isrCounter
8511f594   _cleanup_ptr
8511f598   _dtors_ptr
8511f59c   __TI_enable_exit_profile_output
8511f6e0   brev
8511f760   ti_sysbios_gates_GateMutex_Object__table__V
8511f7a0   axis_payload_len
8511f7a4   HostName
8511f7a8   LocalIPAddr
8511f7ac   LocalIPMask
8511f7b0   GatewayIP
8511f7b4   DomainName
8511f7b8   DNSServer
8511f7bc   VerStr
8511f7c0   hEcho
8511f7c4   hEchoUdp
8511f818   newParams
8511f81c   __errno
8511f81c   errno
8511f854   cppiLObj
8511f858   ti_sysbios_knl_Swi_Object__table__V
8511f888   _oscfg
8511f8ac   paLObj
8511f8b0   xdc_runtime_LoggerBuf_Object__table__V
8511f8f8   Qmss_highEoiVector
8511f918   _lock
8511f91c   _unlock
8511f920   pstrMsgName
8511f940   xdc_runtime_System_Module_State_0_atexitHandlers__A
8511f960   TaskName
8511f978   ReportStr
8511f990   StatusStr
8511f9a8   ti_sysbios_hal_Hwi_Object__table__V
8511f9c8   ti_sysbios_hal_Timer_Object__table__V
8511f9e8   ti_sysbios_family_c66_tci66xx_CpIntc_Module_State_0_initSIER__A
8511fa00   ti_sysbios_heaps_HeapMem_Object__table__V
8511fa18   Qmss_lowEoiVector
8511fa28   ti_sysbios_family_c64p_MemoryProtect_Module_State_0_controllers__A
8511fa38   ti_sysbios_family_c66_tci66xx_CpIntc_Module_State_0_controller__A
8511fa48   NIMUDeviceTable
8511fa54   factor
8511fa58   mad_result_counter
8511fa88   fft_result_counter
8511fa98   lms_result_counter
8511faa0   ti_sysbios_gates_GateHwi_Object__table__V
8511faa8   Qmss_cdmaEoiVector
8511fab0   gPAInst
8511fbb0   gMemL2Ram
8511ff98   gMemL3Ram
85120f40   DebugLog
85121800   ti_sysbios_family_c64p_Hwi0
85121820   ti_sysbios_family_c64p_Hwi1
85121840   ti_sysbios_family_c64p_Hwi2
85121860   ti_sysbios_family_c64p_Hwi3
85121880   ti_sysbios_family_c64p_Hwi4
851218a0   ti_sysbios_family_c64p_Hwi5
851218c0   ti_sysbios_family_c64p_Hwi6
851218e0   ti_sysbios_family_c64p_Hwi7
85121900   ti_sysbios_family_c64p_Hwi8
85121920   ti_sysbios_family_c64p_Hwi9
85121940   ti_sysbios_family_c64p_Hwi10
85121960   ti_sysbios_family_c64p_Hwi11
85121980   ti_sysbios_family_c64p_Hwi12
851219a0   ti_sysbios_family_c64p_Hwi13
851219c0   ti_sysbios_family_c64p_Hwi14
851219e0   ti_sysbios_family_c64p_Hwi15
85121c00   cppiObject
85121e00   __TI_STATIC_BASE
85121e18   _IGMPInDiscard
85121e1c   _IGMPInQuery
85121e20   _IGMPInQueryGroup
85121e24   _IGMPInResponse
85121e28   _IGMPOutResponse
85121e5c   CONTENT_TYPE_APPLET
85121e60   CONTENT_TYPE_AU
85121e64   CONTENT_TYPE_CSS
85121e68   CONTENT_TYPE_DOC
85121e6c   CONTENT_TYPE_GIF
85121e70   CONTENT_TYPE_HTML
85121e74   CONTENT_TYPE_JPG
85121e78   CONTENT_TYPE_MPEG
85121e7c   CONTENT_TYPE_PDF
85121e80   CONTENT_TYPE_WAV
85121e84   CONTENT_TYPE_ZIP
85121e88   CONTENT_TYPE
85121e8c   CONTENT_LENGTH
85121e90   CRLF
85121e94   DEFAULT_NAME
85121e98   HTTP_VER
85121e9c   SPACE
85121ea0   PITCount
85121ea4   PITUsed
85121ea8   PITHigh
85121f30   _IGMPForceVersion1
85121f44   DebugLogSize
85121f48   DebugCritError
85121f54   _ICMPInErrors
85121f58   _ICMPOutErrors
85121f5c   _IPExecuting
85121f6c   gFragQList
85121f8c   tcp_iss
85121f90   ptTimeFirst
85121f94   pt6TimeFirst
85121f98   tcp6_iss
85121fb0   httpErrorResponseHook
85121fbc   _IPReasmPtr
85121fc4   gMLDNodeList
85121fd8   qmssLObjIsValid
85121fdc   IPV6_MAX_MULTICAST_SOLICIT
85121fe0   IPV6_MAX_UNICAST_SOLICIT
85121fe4   IPV6_RETRANS_TIME
85121fe8   IPV6_DELAY_FIRST_PROBE_TIME
85121fec   IPV6_REACHABLE_TIME
85121ff0   IPV6_MAX_RTR_SOLICITATION_DELAY
85121ff4   IPV6_RTR_SOLICITATION_INTERVAL
85121ff8   IPV6_MAX_RTR_SOLICITATIONS
85121ffc   INFINITE_LT
85122000   ti_ndk_config_Global_rawPageSize
85122004   ti_ndk_config_Global_rawPageCount
85122008   ti_ndk_config_Global_smallest
8512200c   ti_ndk_config_Global_largest
85122010   ti_ndk_config_Global_numFrameBuf
85122014   ti_ndk_config_Global_sizeFrameBuf
85122018   __CIOBUF_
85122140   gGlobalFreeQHnd
85122148   gPassCpdmaTxChanHnd
85122170   gPassCpdmaRxChanHnd
851221d0   gPassCpdmaHnd
851221d4   gPAInstHnd
851221d8   gQPopErrorCounter
851221dc   gQPushErrorCounter
851237bc   __TI_Handler_Table_Base
851237c8   __TI_Handler_Table_Limit
85123834   __TI_CINIT_Base
851238cc   __TI_CINIT_Limit
ffffffff   __TI_pprof_out_hndl
ffffffff   __TI_prof_data_size
ffffffff   __TI_prof_data_start
ffffffff   __binit__
ffffffff   __c_args__
ffffffff   binit
UNDEFED    CSL_CppiReset
UNDEFED    CSL_PaReset
UNDEFED    QMSS_reset
UNDEFED    __TI_INITARRAY_Base
UNDEFED    __TI_INITARRAY_Limit

[1757 symbols]
