******************************************************************************
               TMS320C6x Linker PC v7.4.4                      
******************************************************************************
>> Linked Tue Apr 14 17:49:35 2026

OUTPUT FILE NAME:   <IFD_0410_RAM.out>
ENTRY POINT SYMBOL: "_c_int00"  address: 850a4360


MEMORY CONFIGURATION

         name            origin    length      used     unused   attr    fill
----------------------  --------  ---------  --------  --------  ----  --------
  L2SRAM                00800000   00080000  00010000  00070000  RW X
  MSMCSRAM              0c000000   00400000  0000061c  003ff9e4  RW X
  DDR3                  80000000   20000000  0512797e  1aed8682  RWIX


SEGMENT ALLOCATION MAP

run origin  load origin   length   init length attrs members
----------  ----------- ---------- ----------- ----- -------
00800000    00800000    00010000   00000000    rw-
  00800000    00800000    00010000   00000000    rw- .stack
0c000000    0c000000    00000184   00000184    rw-
  0c000000    0c000000    00000184   00000184    rw- .shared_msmc
0c000200    0c000200    00000498   00000498    rw-
  0c000200    0c000200    00000498   00000498    rw- .nimu_eth_ll2
80000000    80000000    04de876c   00000000    rw-
  80000000    80000000    04000000   00000000    rw- systemHeap
  84000000    84000000    008d4000   00000000    rw- .filter_temp
  848d4000    848d4000    0051476c   00000000    rw- .filter_per_core
84de8770    84de8770    00263b3c   00263b3c    rw-
  84de8770    84de8770    00153b38   00153b38    rw- .far
  84f3c2a8    84f3c2a8    00110004   00110004    rw- .filter_const
8504c2b0    8504c2b0    00000010   00000010    r--
  8504c2b0    8504c2b0    00000010   00000010    r-- .const.1
8504c2c0    8504c2c0    00061e40   00061e40    r-x
  8504c2c0    8504c2c0    00061e40   00061e40    r-x .text
850ae100    850ae100    0005ecc0   00000000    rw-
  850ae100    850ae100    00052b00   00000000    rw- .far:NDK_PACKETMEM
  85100c00    85100c00    0000c1c0   00000000    rw- .far:NDK_MMBUFFER
8510cdc0    8510cdc0    0000add0   0000add0    r--
  8510cdc0    8510cdc0    0000add0   0000add0    r-- .const.2
85117b90    85117b90    00000070   00000070    rw-
  85117b90    85117b90    00000070   00000070    rw- .fardata.1
85117c00    85117c00    0000a400   00000000    rw-
  85117c00    85117c00    00008000   00000000    rw- .resmgr_memregion
  8511fc00    8511fc00    00002400   00000000    rw- .qmss
85122000    85122000    00001be2   00001be2    rw-
  85122000    85122000    00001be2   00001be2    rw- .fardata.2
85123be8    85123be8    00001488   00000000    rw-
  85123be8    85123be8    00001488   00000000    rw- .resmgr_pa
85125070    85125070    00000600   00000000    rw-
  85125070    85125070    00000600   00000000    rw- .far:NDK_OBJMEM
85125670    85125670    00000190   00000190    r--
  85125670    85125670    00000190   00000190    r-- .switch.1
85125800    85125800    00000500   00000500    r-x
  85125800    85125800    00000200   00000200    r-x .vecs
  85125a00    85125a00    00000300   00000300    r-- .switch.2
85125d00    85125d00    0000025c   00000000    rw-
  85125d00    85125d00    00000200   00000000    rw- .cppi
  85125f00    85125f00    0000005c   00000000    rw- .bss
85125f5c    85125f5c    0000017d   0000017d    rw-
  85125f5c    85125f5c    0000017d   0000017d    rw- .neardata
851260dc    851260dc    0000003c   0000003c    r--
  851260dc    851260dc    0000003c   0000003c    r-- .rodata
85126118    85126118    00000120   00000000    rw-
  85126118    85126118    00000120   00000000    rw- .cio
85126240    85126240    000000a0   00000000    rw-
  85126240    85126240    000000a0   00000000    rw- .resmgr_handles
851262e0    851262e0    000016b4   000016b4    r--
  851262e0    851262e0    000016b4   000016b4    r-- .cinit


SECTION ALLOCATION MAP

 output                                  attributes/
section   page    origin      length       input sections
--------  ----  ----------  ----------   ----------------
.init_array 
*          0    80000000    00000000     UNINITIALIZED

.stack     0    00800000    00010000     UNINITIALIZED
                  00800000    00000008     boot.ae66 : boot.oe66 (.stack)
                  00800008    0000fff8     --HOLE--

.shared_msmc 
*          0    0c000000    00000184     
                  0c000000    00000040     srio.obj (.shared_msmc:uninit) [fill = 0]
                  0c000040    00000010     protocol.obj (.shared_msmc)
                  0c000050    00000010     adaptive_filter.obj (.shared_msmc:uninit) [fill = 0]
                  0c000060    00000004     collect_result_task.obj (.shared_msmc:init)
                  0c000064    00000004     collect_result_task.obj (.shared_msmc:uninit) [fill = 0]
                  0c000068    00000018     --HOLE-- [fill = 0]
                  0c000080    00000018     adaptive_filter.obj (.shared_msmc:init)
                  0c000098    00000068     --HOLE-- [fill = 0]
                  0c000100    00000018     srio.obj (.shared_msmc:init)
                  0c000118    00000068     --HOLE-- [fill = 0]
                  0c000180    00000004     main.obj (.shared_msmc)

.nimu_eth_ll2 
*          0    0c000200    00000498     
                  0c000200    00000488     nimu_eth_c667x.obj (.nimu_eth_ll2:uninit) [fill = 0]
                  0c000688    00000010     nimu_eth_c667x.obj (.nimu_eth_ll2:init)

xdc.meta   0    80000000    000000f0     COPY SECTION
                  80000000    000000f0     IFD_pe66.oe66 (xdc.meta)

systemHeap 
*          0    80000000    04000000     UNINITIALIZED
                  80000000    04000000     IFD_pe66.oe66 (systemHeap)

.filter_temp 
*          0    84000000    008d4000     UNINITIALIZED
                  84000000    008d4000     adaptive_filter.obj (.filter_temp)

.filter_per_core 
*          0    848d4000    0051476c     UNINITIALIZED
                  848d4000    0051476c     adaptive_filter.obj (.filter_per_core)

.far       0    84de8770    00153b38     
                  84de8770    00140150     adaptive_filter.obj (.far) [fill = 0]
                  84f288c0    0000a000     IFD_pe66.oe66 (.far:taskStackSection) [fill = 0]
                  84f328c0    00006008     net_init.obj (.far) [fill = 0]
                  84f388c8    00001018     nand_op.obj (.far) [fill = 0]
                  84f398e0    00000840     c66x_nand.obj (.far) [fill = 0]
                  84f3a120    00000820     IFD_pe66.oe66 (.far) [fill = 0]
                  84f3a940    000007f8     collect_result_task.obj (.far) [fill = 0]
                  84f3b138    00000008     rts6600_elf.lib : trgdrv.obj (.far) [fill = 0]
                  84f3b140    00000660     nettool.ae66 : daemon.oe66 (.far) [fill = 0]
                  84f3b7a0    00000140     rts6600_elf.lib : defs.obj (.far) [fill = 0]
                  84f3b8e0    00000120     ti.drv.qmss.ae66 : qmss_drv.oe66 (.far) [fill = 0]
                  84f3ba00    00000110     stk6_ppp_pppoe.ae66 : igmp.oe66 (.far) [fill = 0]
                  84f3bb10    00000100     c66x_uart.obj (.far) [fill = 0]
                  84f3bc10    000000d8     netctrl.ae66 : netsrv.oe66 (.far) [fill = 0]
                  84f3bce8    000000c8     stk6_ppp_pppoe.ae66 : ipv6.oe66 (.far) [fill = 0]
                  84f3bdb0    000000c4                         : tcp.oe66 (.far) [fill = 0]
                  84f3be74    000000b8                         : tcp6in.oe66 (.far) [fill = 0]
                  84f3bf2c    00000004     srio.obj (.far) [fill = 0]
                  84f3bf30    0000009c     stk6_ppp_pppoe.ae66 : icmp.oe66 (.far) [fill = 0]
                  84f3bfcc    00000004                         : rawethsock_pcb.oe66 (.far) [fill = 0]
                  84f3bfd0    0000007c     os.ae66 : mem.oe66 (.far) [fill = 0]
                  84f3c04c    00000068     stk6_ppp_pppoe.ae66 : ip.oe66 (.far) [fill = 0]
                  84f3c0b4    00000064                         : nimu.oe66 (.far) [fill = 0]
                  84f3c118    00000048     nimu_eth_c667x.obj (.far) [fill = 0]
                  84f3c160    00000030     stk6_ppp_pppoe.ae66 : udp.oe66 (.far) [fill = 0]
                  84f3c190    00000028                         : vlan.oe66 (.far) [fill = 0]
                  84f3c1b8    00000024                         : udp6.oe66 (.far) [fill = 0]
                  84f3c1dc    00000004     --HOLE--
                  84f3c1e0    00000020     resourcemgr.obj (.far) [fill = 0]
                  84f3c200    0000001c     os.ae66 : mem_data.oe66 (.far:NDK_MMBUFFER1)
                  84f3c21c    00000018     stk6_ppp_pppoe.ae66 : icmpv6.oe66 (.far) [fill = 0]
                  84f3c234    0000000c                         : pbm.oe66 (.far) [fill = 0]
                  84f3c240    00000014                         : rtc.oe66 (.far) [fill = 0]
                  84f3c254    00000010     netctrl.ae66 : netctrl.oe66 (.far) [fill = 0]
                  84f3c264    00000004     --HOLE--
                  84f3c268    00000010     protocol.obj (.far) [fill = 0]
                  84f3c278    00000010     stk6_ppp_pppoe.ae66 : raw.oe66 (.far) [fill = 0]
                  84f3c288    00000010                         : raw6.oe66 (.far) [fill = 0]
                  84f3c298    00000010                         : raweth.oe66 (.far) [fill = 0]

.filter_const 
*          0    84f3c2a8    00110004     
                  84f3c2a8    00110000     adaptive_filter.obj (.filter_const:uninit) [fill = 0]
                  8504c2a8    00000004     adaptive_filter.obj (.filter_const:init)

.const.1   0    8504c2b0    00000010     
                  8504c2b0    00000010     adaptive_filter.obj (.const:$P$T0$1)

.text      0    8504c2c0    00061e40     
                  8504c2c0    00003220     nimu_eth_c667x.obj (.text)
                  8504f4e0    000024e0     adaptive_filter.obj (.text)
                  850519c0    00001d40     srio.obj (.text)
                  85053700    00001ae0     net_init.obj (.text)
                  850551e0    00001a80     protocol.obj (.text)
                  85056c60    00001a00     stk6_ppp_pppoe.ae66 : tcpin.oe66 (.text:TcpInput)
                  85058660    000019a0                         : tcp6in.oe66 (.text:TCP6Input)
                  8505a000    00001240                         : tcpout.oe66 (.text:TcpOutput)
                  8505b240    00001180                         : tcp6out.oe66 (.text:TCP6Output)
                  8505c3c0    00000fe0     c66x_nand.obj (.text)
                  8505d3a0    00000d00     resourcemgr.obj (.text)
                  8505e0a0    00000b80     stk6_ppp_pppoe.ae66 : ipin.oe66 (.text:IPRxPacket)
                  8505ec20    00000b20     nand_op.obj (.text)
                  8505f740    00000aa0     stk6_ppp_pppoe.ae66 : md5.oe66 (.text:MD5Transform)
                  850601e0    000009c0                         : ipout.oe66 (.text:IPTxPacket)
                  85060ba0    000009a0                         : lcp.oe66 (.text:lcpInput)
                  85061540    000009a0     ti.targets.rts6000.ae66 : System.oe66 (.text:xdc_runtime_System_doPrint__I)
                  85061ee0    000008a0     nettool.ae66 : httpclie.oe66 (.text:httpClientProcess)
                  85062780    00000840     dsplib.ae66 : DSPF_sp_ifftSPxSP.obj (.text:optimized)
                  85062fc0    000007e0     ti.drv.qmss.ae66 : qmss_drv.oe66 (.text:Qmss_insertMemoryRegion)
                  850637a0    000007e0     stk6_ppp_pppoe.ae66 : ipcp.oe66 (.text:ipcpInput)
                  85063f80    000007c0     nettool.ae66 : httpsend.oe66 (.text:SetContentType)
                  85064740    000007c0     stk6_ppp_pppoe.ae66 : sock.oe66 (.text:SockSet)
                  85064f00    000007a0                         : fileuser.oe66 (.text:fdPoll)
                  850656a0    000007a0     dsplib.ae66 : DSPF_sp_fftSPxSP.obj (.text:optimized)
                  85065e40    00000780     sysbios.lib : BIOS.obj (.text:ti_sysbios_family_c64p_Exception_handler__I)
                  850665c0    00000720     ti.drv.pa.ae66 : pa.oe66 (.text:Pa_addMac)
                  85066ce0    000006c0     collect_result_task.obj (.text)
                  850673a0    000006c0     nettool.ae66 : telnetd.oe66 (.text:telnet_netdata)
                  85067a60    000006a0     stk6_ppp_pppoe.ae66 : sock.oe66 (.text:SockGet)
                  85068100    00000680                         : icmpv6_ndisc.oe66 (.text:ICMPv6RecvRA)
                  85068780    00000660     ti.drv.cppi.ae66 : cppi_drv.oe66 (.text:Cppi_configureRxFlow)
                  85068de0    00000660     sysbios.lib : BIOS.obj (.text:ti_sysbios_heaps_HeapMem_free__E)
                  85069440    00000620     stk6_ppp_pppoe.ae66 : route6.oe66 (.text:Rt6Create)
                  85069a60    00000620     sysbios.lib : BIOS.obj (.text:ti_sysbios_heaps_HeapMem_alloc__E)
                  8506a080    000005c0     stk6_ppp_pppoe.ae66 : ipfrag.oe66 (.text:IPReasm)
                  8506a640    000005c0     rts6600_elf.lib : divd.obj (.text:__c6xabi_divd)
                  8506ac00    000005c0                     : _printfi.obj (.text:_getarg_diouxp)
                  8506b1c0    000005c0     sysbios.lib : BIOS.obj (.text:ti_sysbios_timers_timer64_Timer_Module_startup__F)
                  8506b780    000005a0     stk6_ppp_pppoe.ae66 : icmpin.oe66 (.text:ICMPInput)
                  8506bd20    00000580                         : nimuppp.oe66 (.text:pppEvent)
                  8506c2a0    00000560                         : ipv6.oe66 (.text:IPv6IPAddressToString)
                  8506c800    00000520                         : sock.oe66 (.text:SockNew)
                  8506cd20    00000500     sysbios.lib : BIOS.obj (.text:ti_sysbios_knl_Task_Instance_finalize__F)
                  8506d220    000004e0     stk6_ppp_pppoe.ae66 : udp.oe66 (.text:UdpInput)
                  8506d700    000004e0                         : nimupppoe.oe66 (.text:pppoeInputS)
                  8506dbe0    000004c0     ti.drv.cppi.ae66 : cppi_drv.oe66 (.text:Cppi_txChannelOpen)
                  8506e0a0    000004c0     stk6_ppp_pppoe.ae66 : sock6.oe66 (.text:Sock6Connect)
                  8506e560    000004c0                         : sock6.oe66 (.text:Sock6Set)
                  8506ea20    000004a0                         : bind6.oe66 (.text:Bind6New)
                  8506eec0    000004a0                         : lliin.oe66 (.text:LLIRxPacket)
                  8506f360    000004a0                         : sock6.oe66 (.text:Sock6Recv)
                  8506f800    000004a0                         : sock.oe66 (.text:SockRecv)
                  8506fca0    00000460     rts6600_elf.lib : _printfi.obj (.text:_printfi)
                  85070100    00000460                     : _printfi.obj (.text:_setfield)
                  85070560    00000460     stk6_ppp_pppoe.ae66 : nimuppp.oe66 (.text:pppNew)
                  850709c0    00000440     ti.drv.cppi.ae66 : cppi_drv.oe66 (.text:Cppi_rxChannelOpen)
                  85070e00    00000440     stk6_ppp_pppoe.ae66 : sock6.oe66 (.text:Sock6New)
                  85071240    00000440                         : auth.oe66 (.text:chapInput)
                  85071680    00000440                         : fileuser.oe66 (.text:fdSelect)
                  85071ac0    00000440                         : nimupppoe.oe66 (.text:pppoeInputC)
                  85071f00    00000420     c66x_uart.obj (.text)
                  85072320    00000420     nettool.ae66 : daemon.oe66 (.text:daemon)
                  85072740    00000420     ti.drv.pa.ae66 : pa.oe66 (.text:pa_conv_routing_info)
                  85072b60    00000400     stk6_ppp_pppoe.ae66 : sock6.oe66 (.text:Sock6Get)
                  85072f60    00000400                         : sock6.oe66 (.text:Sock6Send)
                  85073360    00000400     os.ae66 : efs.oe66 (.text:efs_filecheck)
                  85073760    00000400     sysbios.lib : BIOS.obj (.text:ti_sysbios_knl_Semaphore_pend__E)
                  85073b60    000003e0     stk6_ppp_pppoe.ae66 : ipv6_frag.oe66 (.text:IPv6TxFragPacket)
                  85073f40    000003e0     platform.obj (.text)
                  85074320    000003c0     ti.drv.cppi.ae66 : cppi_desc.oe66 (.text:Cppi_initDescriptor)
                  850746e0    000003c0     stk6_ppp_pppoe.ae66 : ipv6out.oe66 (.text:IPv6TxPacket)
                  85074aa0    000003c0                         : lli6.oe66 (.text:LLI6TimerCheck)
                  85074e60    000003c0                         : sock.oe66 (.text:SockSend)
                  85075220    000003c0                         : tcp6.oe66 (.text:TCP6TimeoutCheck)
                  850755e0    000003c0                         : tcp.oe66 (.text:TcpTimeoutCheck)
                  850759a0    000003c0     main.obj (.text)
                  85075d60    000003c0     sysbios.lib : BIOS.obj (.text:ti_sysbios_knl_Task_Instance_init__F)
                  85076120    000003c0                 : BIOS.obj (.text:ti_sysbios_knl_Task_setPri__E)
                  850764e0    000003a0     stk6_ppp_pppoe.ae66 : nimu.oe66 (.text:NIMUIoctl)
                  85076880    000003a0                         : route.oe66 (.text:RtCreate)
                  85076c20    000003a0                         : sb.oe66 (.text:SBRead)
                  85076fc0    000003a0     os.ae66 : mem.oe66 (.text:_mmCheck)
                  85077360    000003a0     rts6600_elf.lib : fputs.obj (.text:fputs)
                  85077700    000003a0     stk6_ppp_pppoe.ae66 : auth.oe66 (.text:papInput)
                  85077aa0    00000380                         : icmpv6in.oe66 (.text:ICMPv6RxPacket)
                  85077e20    00000380                         : igmp.oe66 (.text:IGMPInput)
                  850781a0    00000380                         : sock6int.oe66 (.text:Sock6Notify)
                  85078520    00000380                         : sock.oe66 (.text:SockConnect)
                  850788a0    00000380                         : sockint.oe66 (.text:SockNotify)
                  85078c20    00000380     nettool.ae66 : dhcppkt.oe66 (.text:dhcpPacketProcess)
                  85078fa0    00000360     stk6_ppp_pppoe.ae66 : icmpv6out.oe66 (.text:ICMPv6SendParameterProblem)
                  85079300    00000360                         : ipv6_frag.oe66 (.text:IPv6FragReasm)
                  85079660    00000360                         : lliout.oe66 (.text:LLITxIpPacket)
                  850799c0    00000360     IFD_pe66.oe66 (.text:xdc_runtime_System_printfExtend__I)
                  85079d20    00000340     ti.drv.pa.ae66 : painit.oe66 (.text:Pa_create)
                  8507a060    00000340     ti.drv.qmss.ae66 : qmss_drv.oe66 (.text:Qmss_init)
                  8507a3a0    00000340     os.ae66 : mem.oe66 (.text:mmAlloc)
                  8507a6e0    00000340     stk6_ppp_pppoe.ae66 : nimupppoe.oe66 (.text:pppoeSI)
                  8507aa20    00000320     nettool.ae66 : config.oe66 (.text:CfgAddEntry)
                  8507ad40    00000320     stk6_ppp_pppoe.ae66 : icmpv6_ndisc.oe66 (.text:ICMPv6RecvRedirect)
                  8507b060    00000320                         : nimupppoe.oe66 (.text:SendServerMsg)
                  8507b380    00000320     rts6600_elf.lib : _printfi.obj (.text:_pproc_fge)
                  8507b6a0    00000320     nettool.ae66 : telnetd.oe66 (.text:telnet_engine)
                  8507b9c0    00000300     stk6_ppp_pppoe.ae66 : icmpv6_ndisc.oe66 (.text:ICMPv6RecvNS)
                  8507bcc0    00000300                         : icmpv6out.oe66 (.text:ICMPv6SendDstUnreachable)
                  8507bfc0    00000300                         : icmpv6out.oe66 (.text:ICMPv6SendTimeExceeded)
                  8507c2c0    00000300     netctrl.ae66 : netctrl.oe66 (.text:NetScheduler)
                  8507c5c0    00000300     stk6_ppp_pppoe.ae66 : sock6pcb.oe66 (.text:Sock6PcbBind)
                  8507c8c0    00000300                         : udp6.oe66 (.text:Udp6Input)
                  8507cbc0    00000300     nettool.ae66 : inetaddr.oe66 (.text:inet_aton)
                  8507cec0    00000300     platform_osal.obj (.text)
                  8507d1c0    00000300     sysbios.lib : BIOS.obj (.text:ti_sysbios_family_c64p_Hwi_dispatchC__I)
                  8507d4c0    000002e0     stk6_ppp_pppoe.ae66 : ipv6_frag.oe66 (.text:IPv6FragQEnqueueFrag)
                  8507d7a0    000002e0     ti.drv.pa.ae66 : pa.oe66 (.text:Pa_forwardResult)
                  8507da80    000002e0     stk6_ppp_pppoe.ae66 : route6.oe66 (.text:Rt6Find)
                  8507dd60    000002e0                         : nimupppoe.oe66 (.text:SendClientMsg)
                  8507e040    000002e0                         : udp.oe66 (.text:UdpOutput)
                  8507e320    000002e0     rts6600_elf.lib : _printfi.obj (.text:_pproc_fwp)
                  8507e600    000002e0     sysbios.lib : BIOS.obj (.text:ti_sysbios_knl_Task_Module_startup__F)
                  8507e8e0    000002c0     stk6_ppp_pppoe.ae66 : bind.oe66 (.text:BindNew)
                  8507eba0    000002c0                         : sb6.oe66 (.text:SB6Read)
                  8507ee60    000002c0                         : sock6pcb.oe66 (.text:Sock6PcbResolve)
                  8507f120    000002c0                         : udp6.oe66 (.text:Udp6Output)
                  8507f3e0    000002c0     rts6600_elf.lib : cos.obj (.text:cos)
                  8507f6a0    000002c0     stk6_ppp_pppoe.ae66 : nimuppp.oe66 (.text:pppInput)
                  8507f960    000002a0                         : ipv6_exthdrs.oe66 (.text:IPv6ParseExtnHeaders)
                  8507fc00    000002a0                         : node.oe66 (.text:NodeAdd)
                  8507fea0    000002a0                         : route6.oe66 (.text:Rt6Free)
                  85080140    000002a0                         : rtable.oe66 (.text:RtFind)
                  850803e0    000002a0                         : sock6pcb.oe66 (.text:Sock6PcbFind)
                  85080680    000002a0                         : sock.oe66 (.text:SockClose)
                  85080920    000002a0                         : tcp6prot.oe66 (.text:TCP6PrSetOption)
                  85080bc0    000002a0                         : tcpprot.oe66 (.text:TcpPrSetOption)
                  85080e60    000002a0     rts6600_elf.lib : _printfi.obj (.text:fcvt)
                  85081100    000002a0     sysbios.lib : BIOS.obj (.text:ti_sysbios_family_c66_tci66xx_CpIntc_Module_startup__F)
                  850813a0    000002a0                 : BIOS.obj (.text:ti_sysbios_knl_Clock_workFunc__E)
                  85081640    000002a0                 : BIOS.obj (.text:ti_sysbios_knl_Task_sleep__E)
                  850818e0    00000280     nettool.ae66 : dhcpmain.oe66 (.text:DHCPOpen)
                  85081b60    00000280     stk6_ppp_pppoe.ae66 : icmp.oe66 (.text:ICMPGenPacket)
                  85081de0    00000280                         : icmpv6in.oe66 (.text:ICMPv6RecvEchoRequest)
                  85082060    00000280                         : lli6.oe66 (.text:LLI6NeighUnreachStateMachine)
                  850822e0    00000280                         : sockpcb.oe66 (.text:SockPcbResolve)
                  85082560    00000280                         : tcp6out.oe66 (.text:TCP6GenPacket)
                  850827e0    00000280     rts6600_elf.lib : divf.obj (.text:__c6xabi_divf)
                  85082a60    00000280     sysbios.lib : BIOS.obj (.text:deviceConfig$44)
                  85082ce0    00000280     rts6600_elf.lib : _printfi.obj (.text:ecvt)
                  85082f60    00000280     stk6_ppp_pppoe.ae66 : ipcp.oe66 (.text:ipcpSendCfg)
                  850831e0    00000280                         : lcp.oe66 (.text:lcpSendCfg)
                  85083460    00000280     rts6600_elf.lib : sin.obj (.text:sin)
                  850836e0    00000280     sysbios.lib : BIOS.obj (.text:ti_sysbios_knl_Clock_Instance_init__F)
                  85083960    00000280                 : BIOS.obj (.text:ti_sysbios_knl_Task_exit__E)
                  85083be0    00000280     ti.targets.rts6000.ae66 : Core-mem.oe66 (.text:xdc_runtime_Core_createObject__I)
                  85083e60    00000280                             : Error.oe66 (.text:xdc_runtime_Error_raiseX__F)
                  850840e0    00000260     stk6_ppp_pppoe.ae66 : icmpv6_ndisc.oe66 (.text:ICMPv6SendNA)
                  85084340    00000260                         : icmpv6_ndisc.oe66 (.text:ICMPv6SendNS)
                  850845a0    00000260                         : lli6.oe66 (.text:LLI6TxIPPacket)
                  85084800    00000260                         : nimu.oe66 (.text:NIMUReceivePacket)
                  85084a60    00000260                         : rawethsock.oe66 (.text:RawEthSockSet)
                  85084cc0    00000260                         : sb6.oe66 (.text:SB6Write)
                  85084f20    00000260                         : sb.oe66 (.text:SBWrite)
                  85085180    00000260                         : sock6.oe66 (.text:Sock6Close)
                  850853e0    00000260                         : sockpcb.oe66 (.text:SockPcbBind)
                  85085640    00000260     nettool.ae66 : httppars.oe66 (.text:httpParseRecv)
                  850858a0    00000260     ti.targets.rts6000.ae66 : Startup.oe66 (.text:xdc_runtime_Startup_startMods__I)
                  85085b00    00000240     ti.drv.cppi.ae66 : cppi_drv.oe66 (.text:Cppi_open)
                  85085d40    00000240     nettool.ae66 : daemon.oe66 (.text:DaemonNew)
                  85085f80    00000240     ti.drv.pa.ae66 : pa.oe66 (.text:Pa_resetControl)
                  850861c0    00000240     stk6_ppp_pppoe.ae66 : pipe.oe66 (.text:PipeRecv)
                  85086400    00000240                         : raw.oe66 (.text:RawInput)
                  85086640    00000240     rts6600_elf.lib : imath64.obj (.text:__c6xabi_divull)
                  85086880    00000240                     : _printfi.obj (.text:_pconv_e)
                  85086ac0    00000240                     : _printfi.obj (.text:_pproc_diouxp)
                  85086d00    00000240     nettool.ae66 : dhcpsm.oe66 (.text:dhcpIPAdd)
                  85086f40    00000240                  : dhcpsm.oe66 (.text:dhcpState)
                  85087180    00000240     sysbios.lib : BIOS.obj (.text:ti_sysbios_family_c64p_Exception_internalHandler__I)
                  850873c0    00000240                 : BIOS.obj (.text:ti_sysbios_knl_Semaphore_post__E)
                  85087600    00000240     ti.targets.rts6000.ae66 : LoggerBuf.oe66 (.text:xdc_runtime_LoggerBuf_write8__F)
                  85087840    00000220     stk6_ppp_pppoe.ae66 : bind6.oe66 (.text:Bind6RunDAD)
                  85087a60    00000220                         : icmpv6_ndisc.oe66 (.text:ICMPv6RecvNA)
                  85087c80    00000220                         : igmp.oe66 (.text:IGMPJoinHostGroup)
                  85087ea0    00000220                         : ipv6in.oe66 (.text:IPv6RxPacket)
                  850880c0    00000220                         : rawethsock.oe66 (.text:RawEthSockNew)
                  850882e0    00000220                         : sockpcb.oe66 (.text:SockPcbFind)
                  85088500    00000220     rts6600_elf.lib : _printfi.obj (.text:_pproc_str)
                  85088720    00000220     nettool.ae66 : dhcppkt.oe66 (.text:dhcpVerifyMessage)
                  85088940    00000220     rts6600_elf.lib : fputc.obj (.text:fputc)
                  85088b60    00000220     nettool.ae66 : httpclie.oe66 (.text:httpGetAuthParams)
                  85088d80    00000220     sysbios.lib : BIOS.obj (.text:ti_sysbios_family_c64p_Hwi_reconfig__E)
                  85088fa0    00000220                 : BIOS.obj (.text:ti_sysbios_knl_Swi_run__I)
                  850891c0    00000220                 : BIOS.obj (.text:ti_sysbios_knl_Task_schedule__I)
                  850893e0    00000220                 : BIOS.obj (.text:ti_sysbios_knl_Task_startup__E)
                  85089600    00000200     stk6_ppp_pppoe.ae66 : ipv6_frag.oe66 (.text:IPv6ParseFragHdr)
                  85089800    00000200                         : lli6.oe66 (.text:LLI6New)
                  85089a00    00000200     ti.drv.qmss.ae66 : qmss_drv.oe66 (.text:Qmss_internalQueueOpen)
                  85089c00    00000200                      : qmss_acc.oe66 (.text:Qmss_programAccumulator)
                  85089e00    00000200     stk6_ppp_pppoe.ae66 : rtc.oe66 (.text:RTCReport)
                  8508a000    00000200                         : raw6.oe66 (.text:Raw6Output)
                  8508a200    00000200                         : rawethsock.oe66 (.text:RawEthSockGet)
                  8508a400    00000200     rts6600_elf.lib : _printfi.obj (.text:_pconv_g)
                  8508a600    00000200     sysbios.lib : c64p_Hwi_disp_always.obj (.text:_ti_sysbios_family_c64p_Hwi_dispatchAlways)
                  8508a800    00000200     stk6_ppp_pppoe.ae66 : socket.oe66 (.text:accept)
                  8508aa00    00000200     sysbios.lib : BIOS.obj (.text:block$56)
                  8508ac00    00000200     ti.drv.cppi.ae66 : cppi_heap.oe66 (.text:cppi_internal_heap_add)
                  8508ae00    00000200     stk6_ppp_pppoe.ae66 : nimupppoe.oe66 (.text:pppoeCtrlMsg)
                  8508b000    00000200     rts6600_elf.lib : setvbuf.obj (.text:setvbuf)
                  8508b200    000001e0     stk6_ppp_pppoe.ae66 : igmp.oe66 (.text:IGMPSendReply)
                  8508b3e0    000001e0                         : route6.oe66 (.text:Rt6Modify)
                  8508b5c0    000001e0                         : sock6pcb.oe66 (.text:Sock6PcbFindRaw)
                  8508b7a0    000001e0                         : tcpout.oe66 (.text:TcpGenPacket)
                  8508b980    000001e0                         : auth.oe66 (.text:chapSendMsg)
                  8508bb60    000001e0     nettool.ae66 : dhcpsock.oe66 (.text:dhcpSocketOpen)
                  8508bd40    000001e0     dsplib.ae66 : DSPF_sp_iir.obj (.text:optimized)
                  8508bf20    000001e0     stk6_ppp_pppoe.ae66 : socket.oe66 (.text:sendto)
                  8508c100    000001e0     sysbios.lib : BIOS.obj (.text:ti_sysbios_knl_Task_postInit__I)
                  8508c2e0    000001e0                 : BIOS.obj (.text:ti_sysbios_timers_timer64_Timer_getFreq__E)
                  8508c4c0    000001c0     nettool.ae66 : config.oe66 (.text:CfgExecute)
                  8508c680    000001c0     ti.drv.cppi.ae66 : cppi_drv.oe66 (.text:Cppi_channelClose)
                  8508c840    000001c0                      : cppi_drv.oe66 (.text:Cppi_initCfg)
                  8508ca00    000001c0     stk6_ppp_pppoe.ae66 : ip.oe66 (.text:IPGetRoute)
                  8508cbc0    000001c0                         : ipv6_exthdrs.oe66 (.text:IPv6ParseHopOptions)
                  8508cd80    000001c0                         : lliout.oe66 (.text:LLIGenArpPacket)
                  8508cf40    000001c0     ti.drv.qmss.ae66 : qmss_drv.oe66 (.text:Qmss_internaldownloadFirmware)
                  8508d100    000001c0     netctrl.ae66 : netsrv.oe66 (.text:SPIpNet)
                  8508d2c0    000001c0     stk6_ppp_pppoe.ae66 : tcptime.oe66 (.text:TcpTimeoutRexmt)
                  8508d480    000001c0                         : lli.oe66 (.text:_LLITimeoutCheck)
                  8508d640    000001c0     rts6600_elf.lib : _printfi.obj (.text:_mcpy)
                  8508d800    000001c0                     : atan.obj (.text:atan)
                  8508d9c0    000001c0     nettool.ae66 : dhcpbild.oe66 (.text:dhcpBuildHeader)
                  8508db80    000001c0     stk6_ppp_pppoe.ae66 : fileuser.oe66 (.text:fdClose)
                  8508dd40    000001c0                         : socket.oe66 (.text:recvfrom)
                  8508df00    000001c0     sysbios.lib : BIOS.obj (.text:ti_sysbios_knl_Task_checkStacks__E)
                  8508e0c0    000001c0                 : BIOS.obj (.text:ti_sysbios_timers_timer64_Timer_setPeriodMicroSecs__E)
                  8508e280    000001a0     stk6_ppp_pppoe.ae66 : bind6.oe66 (.text:Bind6Msg)
                  8508e420    000001a0     nettool.ae66 : config.oe66 (.text:CfgRemoveEntry)
                  8508e5c0    000001a0     rts6600_elf.lib : trgdrv.obj (.text:HOSTrename)
                  8508e760    000001a0     stk6_ppp_pppoe.ae66 : icmpin.oe66 (.text:ICMPRevSrcRoute)
                  8508e900    000001a0                         : ipv6_frag.oe66 (.text:IPv6FragMsg)
                  8508eaa0    000001a0                         : ipv6_exthdrs.oe66 (.text:IPv6ParseRoutingHdr)
                  8508ec40    000001a0     netctrl.ae66 : netctrl.oe66 (.text:NC_NetStart)
                  8508ede0    000001a0     stk6_ppp_pppoe.ae66 : node.oe66 (.text:NodeTreeFree)
                  8508ef80    000001a0     ti.drv.pa.ae66 : pa.oe66 (.text:Pa_downloadImage)
                  8508f120    000001a0     stk6_ppp_pppoe.ae66 : raw6.oe66 (.text:Raw6Input)
                  8508f2c0    000001a0                         : route6.oe66 (.text:Route6LifetimeMgmt)
                  8508f460    000001a0                         : sockint.oe66 (.text:SockCreatePacket)
                  8508f600    000001a0     nettool.ae66 : dhcpsm.oe66 (.text:StateRenewRebind)
                  8508f7a0    000001a0     stk6_ppp_pppoe.ae66 : tcp6time.oe66 (.text:TCP6TimeoutRexmt)
                  8508f940    000001a0     rts6600_elf.lib : imath40.obj (.text:__c6xabi_divul)
                  8508fae0    000001a0     nettool.ae66 : dhcptags.oe66 (.text:dhcpBuildOptions)
                  8508fc80    000001a0     stk6_ppp_pppoe.ae66 : socket.oe66 (.text:getpeername)
                  8508fe20    000001a0     nettool.ae66 : telnetd.oe66 (.text:telnet_termdata)
                  8508ffc0    000001a0     sysbios.lib : BIOS.obj (.text:ti_sysbios_family_c66_tci66xx_CpIntc_dispatch__F)
                  85090160    000001a0                 : BIOS.obj (.text:ti_sysbios_gates_GateMutex_enter__E)
                  85090300    000001a0                 : BIOS.obj (.text:ti_sysbios_timers_timer64_Timer_start__E)
                  850904a0    000001a0     ti.targets.rts6000.ae66 : LoggerBuf.oe66 (.text:xdc_runtime_LoggerBuf_write4__F)
                  85090640    00000180     stk6_ppp_pppoe.ae66 : bind6.oe66 (.text:Bind6GetGlobalAddress)
                  850907c0    00000180                         : igmp.oe66 (.text:IGMPMsg)
                  85090940    00000180                         : nimu.oe66 (.text:NIMURegister)
                  85090ac0    00000180     netctrl.ae66 : netsrv.oe66 (.text:ServiceScan)
                  85090c40    00000180                  : netsrv.oe66 (.text:ServiceSpawn)
                  85090dc0    00000180     nettool.ae66 : dhcpsm.oe66 (.text:StateBound)
                  85090f40    00000180     rts6600_elf.lib : copy_decompress_rle.obj (.text:__TI_decompress_rle_core)
                  850910c0    00000180                     : atan2.obj (.text:atan2)
                  85091240    00000180     stk6_ppp_pppoe.ae66 : socket.oe66 (.text:bind)
                  850913c0    00000180     nettool.ae66 : dhcpbild.oe66 (.text:dhcpBuildRequest)
                  85091540    00000180     rts6600_elf.lib : frexp.obj (.text:frexp)
                  850916c0    00000180     os.ae66 : task.oe66 (.text:llEnter)
                  85091840    00000180     stk6_ppp_pppoe.ae66 : auth.oe66 (.text:papSendCfg)
                  850919c0    00000180     sysbios.lib : c64p_Exception_asm.obj (.text)
                  85091b40    00000180                 : BIOS.obj (.text:ti_sysbios_heaps_HeapBuf_Module_startup__F)
                  85091cc0    00000180                 : BIOS.obj (.text:ti_sysbios_heaps_HeapMem_Instance_init__F)
                  85091e40    00000180                 : BIOS.obj (.text:ti_sysbios_knl_Swi_schedule__I)
                  85091fc0    00000180                 : BIOS.obj (.text:ti_sysbios_knl_Task_unblockI__E)
                  85092140    00000180     ti.targets.rts6000.ae66 : Text.oe66 (.text:xdc_runtime_Text_putSite__F)
                  850922c0    00000160     nettool.ae66 : config.oe66 (.text:CfgGetEntry)
                  85092420    00000160                  : config.oe66 (.text:CfgGetNextEntry)
                  85092580    00000160     os.ae66 : ossys.oe66 (.text:DbgPrintf)
                  850926e0    00000160     stk6_ppp_pppoe.ae66 : igmp.oe66 (.text:IGMPDoMCast)
                  85092840    00000160                         : nimu.oe66 (.text:NIMUIoctlSpecialCmd)
                  850929a0    00000160                         : pbm.oe66 (.text:PBM_free)
                  85092b00    00000160                         : nimuppp.oe66 (.text:PPPStop)
                  85092c60    00000160                         : pipe.oe66 (.text:PipeSend)
                  85092dc0    00000160                         : raw.oe66 (.text:RawOutput)
                  85092f20    00000160                         : rtable.oe66 (.text:RtTimeoutCheck)
                  85093080    00000160                         : rtable.oe66 (.text:RtWalkNext)
                  850931e0    00000160     netctrl.ae66 : netsrv.oe66 (.text:SPRoute)
                  85093340    00000160     stk6_ppp_pppoe.ae66 : sock6.oe66 (.text:Sock6Check)
                  850934a0    00000160                         : sock6int.oe66 (.text:Sock6CreatePacket)
                  85093600    00000160                         : sock6pcb.oe66 (.text:Sock6PcbConnect)
                  85093760    00000160                         : sock.oe66 (.text:SockCheck)
                  850938c0    00000160                         : sockpcb.oe66 (.text:SockPcbConnect)
                  85093a20    00000160     nettool.ae66 : dhcpsm.oe66 (.text:StateRequesting)
                  85093b80    00000160     stk6_ppp_pppoe.ae66 : tcp6time.oe66 (.text:TCP6TimeoutKeep)
                  85093ce0    00000160                         : tcptime.oe66 (.text:TcpTimeoutKeep)
                  85093e40    00000160                         : auth.oe66 (.text:authInit)
                  85093fa0    00000160                         : socket.oe66 (.text:getsockopt)
                  85094100    00000160     nettool.ae66 : httpclie.oe66 (.text:httpExtractTag)
                  85094260    00000160                  : httpsend.oe66 (.text:httpSendErrorHTML)
                  850943c0    00000160     stk6_ppp_pppoe.ae66 : socket.oe66 (.text:setsockopt)
                  85094520    00000160     rts6600_elf.lib : sqrt.obj (.text:sqrt)
                  85094680    00000160     nettool.ae66 : telnetd.oe66 (.text:telnetClientProcess)
                  850947e0    00000140     stk6_ppp_pppoe.ae66 : bind6.oe66 (.text:Bind6DADCheck)
                  85094920    00000140                         : bind6.oe66 (.text:Bind6Free)
                  85094a60    00000140     ti.csl.ae66 : csl_chip.oe66 (.text:CSL_chipReadReg)
                  85094ba0    00000140     stk6_ppp_pppoe.ae66 : exec.oe66 (.text:ExecOpen)
                  85094ce0    00000140                         : icmp.oe66 (.text:ICMPSendRtAdv)
                  85094e20    00000140                         : igmp.oe66 (.text:IGMPJoin)
                  85094f60    00000140                         : ipv6.oe66 (.text:IPv6DisplayIPAddress)
                  850950a0    00000140                         : lli6.oe66 (.text:LLI6Find)
                  850951e0    00000140                         : lli.oe66 (.text:LLINew)
                  85095320    00000140                         : node.oe66 (.text:NodeFind)
                  85095460    00000140                         : node.oe66 (.text:NodeWalk)
                  850955a0    00000140                         : pbm.oe66 (.text:PBM_alloc)
                  850956e0    00000140                         : rtable.oe66 (.text:RtFlush)
                  85095820    00000140                         : sb6.oe66 (.text:SB6New)
                  85095960    00000140     netctrl.ae66 : netsrv.oe66 (.text:ServiceKill)
                  85095aa0    00000140     stk6_ppp_pppoe.ae66 : sock6.oe66 (.text:Sock6Accept)
                  85095be0    00000140                         : sock6.oe66 (.text:Sock6Listen)
                  85095d20    00000140                         : sock.oe66 (.text:SockAccept)
                  85095e60    00000140                         : sock.oe66 (.text:SockListen)
                  85095fa0    00000140                         : sockpcb.oe66 (.text:SockPcbCtlError)
                  850960e0    00000140                         : tcp6prot.oe66 (.text:TCP6PrGetOption)
                  85096220    00000140                         : tcpprot.oe66 (.text:TcpPrGetOption)
                  85096360    00000140     boot.ae66 : autoinit.oe66 (.text:_auto_init_elf)
                  850964a0    00000140     rts6600_elf.lib : _printfi.obj (.text:_pproc_fflags)
                  850965e0    00000140     stk6_ppp_pppoe.ae66 : auth.oe66 (.text:authGetPassword)
                  85096720    00000140     nettool.ae66 : dhcptags.oe66 (.text:dhcpDecodeType)
                  85096860    00000140     rts6600_elf.lib : lowlev.obj (.text:getdevice)
                  850969a0    00000140     nettool.ae66 : httpsend.oe66 (.text:httpAuthenticationReq)
                  85096ae0    00000140     os.ae66 : mem.oe66 (.text:mmCopy)
                  85096c20    00000140     stk6_ppp_pppoe.ae66 : socket.oe66 (.text:recv)
                  85096d60    00000140                         : socket.oe66 (.text:send)
                  85096ea0    00000140     sysbios.lib : BIOS.obj (.text:ti_sysbios_family_c64p_Hwi_Module_startup__F)
                  85096fe0    00000140                 : BIOS.obj (.text:ti_sysbios_family_c66_Cache_Module_startup__F)
                  85097120    00000140                 : BIOS.obj (.text:ti_sysbios_knl_Clock_Instance_finalize__F)
                  85097260    00000140                 : BIOS.obj (.text:ti_sysbios_knl_Semaphore_Instance_init__F)
                  850973a0    00000140                 : BIOS.obj (.text:ti_sysbios_knl_Swi_post__E)
                  850974e0    00000140                 : BIOS.obj (.text:ti_sysbios_knl_Task_blockI__E)
                  85097620    00000140                 : BIOS.obj (.text:ti_sysbios_knl_Task_yield__E)
                  85097760    00000120     stk6_ppp_pppoe.ae66 : bind6.oe66 (.text:Bind6LifetimeMgmt)
                  85097880    00000120                         : bind.oe66 (.text:BindFree)
                  850979a0    00000120     nettool.ae66 : config.oe66 (.text:CfgFree)
                  85097ac0    00000120                  : daemon.oe66 (.text:DaemonFree)
                  85097be0    00000120     stk6_ppp_pppoe.ae66 : file.oe66 (.text:FdWaitEvent)
                  85097d00    00000120                         : igmp.oe66 (.text:IGMPLeaveHostGroup)
                  85097e20    00000120                         : ip.oe66 (.text:IPMsg)
                  85097f40    00000120                         : ipin.oe66 (.text:IPRouteIP)
                  85098060    00000120                         : ipv6_frag.oe66 (.text:IPv6CreateFragQ)
                  85098180    00000120                         : ipv6.oe66 (.text:IPv6Init)
                  850982a0    00000120                         : icmpv6out.oe66 (.text:IsICMPv6ErrorPkt)
                  850983c0    00000120                         : md5.oe66 (.text:MD5Update)
                  850984e0    00000120                         : mld.oe66 (.text:MLDJoinGroup)
                  85098600    00000120     netctrl.ae66 : netctrl.oe66 (.text:NC_SystemOpen)
                  85098720    00000120     stk6_ppp_pppoe.ae66 : nimu.oe66 (.text:NIMUAddEthernetHeader)
                  85098840    00000120     ti.drv.qmss.ae66 : qmss_acc.oe66 (.text:Qmss_disableAccumulator)
                  85098960    00000120     stk6_ppp_pppoe.ae66 : raweth.oe66 (.text:RawEthRxPacket)
                  85098a80    00000120                         : raweth.oe66 (.text:RawEthTxPacket)
                  85098ba0    00000120                         : sb.oe66 (.text:SBNew)
                  85098cc0    00000120     netctrl.ae66 : netsrv.oe66 (.text:SPConfig)
                  85098de0    00000120                  : netsrv.oe66 (.text:SPService)
                  85098f00    00000120     stk6_ppp_pppoe.ae66 : sock6.oe66 (.text:Sock6Disconnect)
                  85099020    00000120                         : sock6.oe66 (.text:Sock6Shutdown)
                  85099140    00000120                         : sockpcb.oe66 (.text:SockPcbFindRaw)
                  85099260    00000120                         : sock.oe66 (.text:SockShutdown)
                  85099380    00000120                         : tcp6prot.oe66 (.text:TCP6PrAttach)
                  850994a0    00000120                         : tcpprot.oe66 (.text:TcpPrAttach)
                  850995c0    00000120     nettool.ae66 : telnetd.oe66 (.text:TelnetOpen)
                  850996e0    00000120     stk6_ppp_pppoe.ae66 : rtable.oe66 (.text:_RtNodeInsert)
                  85099800    00000120     rts6600_elf.lib : fclose.obj (.text:_closefile)
                  85099920    00000120                     : _printfi.obj (.text:_ltostr)
                  85099a40    00000120     os.ae66 : mem.oe66 (.text:_mmInit)
                  85099b60    00000120     nettool.ae66 : daemon.oe66 (.text:dchild)
                  85099c80    00000120     stk6_ppp_pppoe.ae66 : fileuser.oe66 (.text:fdOpenSession)
                  85099da0    00000120     rts6600_elf.lib : fseek.obj (.text:fseek)
                  85099ec0    00000120     nettool.ae66 : http.oe66 (.text:httpOpen)
                  85099fe0    00000120                  : httpsend.oe66 (.text:httpSendStatusLine)
                  8509a100    00000120     stk6_ppp_pppoe.ae66 : lcp.oe66 (.text:lcpOpen)
                  8509a220    00000120                         : lcp.oe66 (.text:lcpReject)
                  8509a340    00000120     sysbios.lib : BIOS.obj (.text:rtsUnlock$0)
                  8509a460    00000120     stk6_ppp_pppoe.ae66 : socket.oe66 (.text:socket)
                  8509a580    00000120     rts6600_elf.lib : sqrtf.obj (.text:sqrtf)
                  8509a6a0    00000120     sysbios.lib : BIOS.obj (.text:ti_sysbios_knl_Mailbox_Module_startup__F)
                  8509a7c0    00000120     ti.targets.rts6000.ae66 : LoggerBuf.oe66 (.text:xdc_runtime_LoggerBuf_setFilterLevel__F)
                  8509a8e0    00000120                             : Text.oe66 (.text:xdc_runtime_Text_putLab__F)
                  8509aa00    00000100     nettool.ae66 : config.oe66 (.text:CfgNew)
                  8509ab00    00000100                  : config.oe66 (.text:CfgSetExecuteOrder)
                  8509ac00    00000100     rts6600_elf.lib : trgdrv.obj (.text:HOSTlseek)
                  8509ad00    00000100     stk6_ppp_pppoe.ae66 : igmp.oe66 (.text:IGMPTimer)
                  8509ae00    00000100                         : ipv6.oe66 (.text:IPv6GetSubnetMaskFromBits)
                  8509af00    00000100                         : ipv6_frag.oe66 (.text:IPv6ReasmTimeout)
                  8509b000    00000100                         : rtc.oe66 (.text:RTCMsg)
                  8509b100    00000100                         : rawethsock.oe66 (.text:RawEthSockCheck)
                  8509b200    00000100                         : route.oe66 (.text:RtRedirect)
                  8509b300    00000100                         : sockint.oe66 (.text:SockValidateRoute)
                  8509b400    00000100     nettool.ae66 : dhcpsm.oe66 (.text:StateSelecting)
                  8509b500    00000100     stk6_ppp_pppoe.ae66 : tcp6prot.oe66 (.text:TCP6PrInherit)
                  8509b600    00000100                         : tcp6time.oe66 (.text:TCP6XmitTimer)
                  8509b700    00000100                         : tcpprot.oe66 (.text:TcpPrInherit)
                  8509b800    00000100                         : tcptime.oe66 (.text:TcpXmitTimer)
                  8509b900    00000100                         : rtable.oe66 (.text:_RtNodeRemove)
                  8509ba00    00000100     rts6600_elf.lib : _io_perm.obj (.text:_wrt_ok)
                  8509bb00    00000100     stk6_ppp_pppoe.ae66 : file.oe66 (.text:fdint_unlockfd)
                  8509bc00    00000100     sysbios.lib : BIOS.obj (.text:initDevice$44)
                  8509bd00    00000100     stk6_ppp_pppoe.ae66 : socket.oe66 (.text:listen)
                  8509be00    00000100     os.ae66 : mem.oe66 (.text:mmFree)
                  8509bf00    00000100     stk6_ppp_pppoe.ae66 : nimuppp.oe66 (.text:pppAddClient)
                  8509c000    00000100     sysbios.lib : BIOS.obj (.text:ti_sysbios_family_c64p_EventCombiner_dispatch__F)
                  8509c100    00000100                 : BIOS.obj (.text:ti_sysbios_knl_Clock_startI__E)
                  8509c200    00000100                 : BIOS.obj (.text:ti_sysbios_knl_Swi_restoreHwi__E)
                  8509c300    00000100     stk6_ppp_pppoe.ae66 : lliin.oe66 (.text:updateRtTable)
                  8509c400    00000100     ti.targets.rts6000.ae66 : Core-mem.oe66 (.text:xdc_runtime_Core_deleteObject__I)
                  8509c500    00000100                             : LoggerBuf.oe66 (.text:xdc_runtime_LoggerBuf_getFilterLevel__F)
                  8509c600    00000100                             : Startup.oe66 (.text:xdc_runtime_Startup_exec__F)
                  8509c700    00000100                             : Text.oe66 (.text:xdc_runtime_Text_putMod__F)
                  8509c800    00000100                             : Text.oe66 (.text:xdc_runtime_Text_visitRope2__I)
                  8509c900    000000e0     stk6_ppp_pppoe.ae66 : bind6.oe66 (.text:Bind6GetLinkLocalAddress)
                  8509c9e0    000000e0     nettool.ae66 : config.oe66 (.text:CfgGetEntryCnt)
                  8509cac0    000000e0                  : dhcpmain.oe66 (.text:DHCPClose)
                  8509cba0    000000e0     rts6600_elf.lib : trgdrv.obj (.text:HOSTopen)
                  8509cc80    000000e0     stk6_ppp_pppoe.ae66 : igmp.oe66 (.text:IGMPLeave)
                  8509cd60    000000e0                         : ipv6_frag.oe66 (.text:IPv6FindFragQ)
                  8509ce40    000000e0                         : lli6.oe66 (.text:LLI6Msg)
                  8509cf20    000000e0                         : lli6.oe66 (.text:LLI6Update)
                  8509d000    000000e0                         : mld.oe66 (.text:MLDFindMulticastNode)
                  8509d0e0    000000e0                         : nimu.oe66 (.text:NIMUAllocateIndex)
                  8509d1c0    000000e0                         : nimu.oe66 (.text:NIMUAllocateName)
                  8509d2a0    000000e0                         : node.oe66 (.text:NodeDeRef)
                  8509d380    000000e0                         : node.oe66 (.text:NodeNew)
                  8509d460    000000e0                         : node.oe66 (.text:NodeTreeNew)
                  8509d540    000000e0                         : pbm.oe66 (.text:PBMQ_enq)
                  8509d620    000000e0                         : pbm.oe66 (.text:PBM_copy)
                  8509d700    000000e0                         : rawethsock.oe66 (.text:RawEthSockNotify)
                  8509d7e0    000000e0                         : rawethsock_pcb.oe66 (.text:RawEthSockPcbAttach)
                  8509d8c0    000000e0                         : rawethsock.oe66 (.text:RawEthSockSend)
                  8509d9a0    000000e0                         : route6.oe66 (.text:Route6Msg)
                  8509da80    000000e0                         : route.oe66 (.text:RtDeRef)
                  8509db60    000000e0                         : route.oe66 (.text:RtRemove)
                  8509dc40    000000e0                         : sb.oe66 (.text:SBSetMax)
                  8509dd20    000000e0                         : sock6int.oe66 (.text:Sock6SpawnAbort)
                  8509de00    000000e0                         : sock6int.oe66 (.text:Sock6ValidateRoute)
                  8509dee0    000000e0                         : sock.oe66 (.text:SockDisconnect)
                  8509dfc0    000000e0                         : sockint.oe66 (.text:SockSpawnAbort)
                  8509e0a0    000000e0                         : tcp6prot.oe66 (.text:TCP6PrDetach)
                  8509e180    000000e0                         : tcp6prot.oe66 (.text:TCP6PrDisconnect)
                  8509e260    000000e0                         : tcp6prot.oe66 (.text:TCP6ValidateMetrics)
                  8509e340    000000e0                         : tcpprot.oe66 (.text:TcpPrDetach)
                  8509e420    000000e0                         : tcpprot.oe66 (.text:TcpPrDisconnect)
                  8509e500    000000e0                         : tcpprot.oe66 (.text:TcpValidateMetrics)
                  8509e5e0    000000e0                         : timer.oe66 (.text:TimerListInsert)
                  8509e6c0    000000e0                         : udp.oe66 (.text:UdpChecksum)
                  8509e7a0    000000e0                         : vlan.oe66 (.text:VLANDeinit)
                  8509e880    000000e0                         : vlan.oe66 (.text:VLANReceivePacket)
                  8509e960    000000e0     nettool.ae66 : config.oe66 (.text:_CfgEntryScan)
                  8509ea40    000000e0     stk6_ppp_pppoe.ae66 : lli.oe66 (.text:_LLIExpListInsert)
                  8509eb20    000000e0                         : rtable.oe66 (.text:_RtExpListInsert)
                  8509ec00    000000e0     rts6600_elf.lib : divi.obj (.text:__divi)
                  8509ece0    000000e0                     : _printfi.obj (.text:_div)
                  8509edc0    000000e0                     : atoi.obj (.text:atoi)
                  8509eea0    000000e0                     : lowlev.obj (.text:close)
                  8509ef80    000000e0                     : copy_zero_init.obj (.text:decompress:ZI:__TI_zero_init)
                  8509f060    000000e0     os.ae66 : efs.oe66 (.text:efs_internal_remove)
                  8509f140    000000e0     stk6_ppp_pppoe.ae66 : file.oe66 (.text:fdint_lockfd)
                  8509f220    000000e0     rts6600_elf.lib : fflush.obj (.text:fflush)
                  8509f300    000000e0     nettool.ae66 : httpclie.oe66 (.text:httpGetMimeBits)
                  8509f3e0    000000e0     os.ae66 : task.oe66 (.text:llExit)
                  8509f4c0    000000e0     rts6600_elf.lib : ltoa.obj (.text:ltoa)
                  8509f5a0    000000e0                     : memset.obj (.text:memset)
                  8509f680    000000e0     os.ae66 : mem.oe66 (.text:mmBulkAlloc)
                  8509f760    000000e0     stk6_ppp_pppoe.ae66 : nimuppp.oe66 (.text:pppFree)
                  8509f840    000000e0     rts6600_elf.lib : printf.obj (.text:printf)
                  8509f920    000000e0     sysbios.lib : BIOS.obj (.text:ti_sysbios_family_c64p_Hwi_Instance_finalize__F)
                  8509fa00    000000e0                 : BIOS.obj (.text:ti_sysbios_family_c64p_Hwi_Instance_init__F)
                  8509fae0    000000e0     IFD_pe66.oe66 (.text:ti_sysbios_family_c64p_Hwi_Object__create__S)
                  8509fbc0    000000e0     IFD_pe66.oe66 (.text:ti_sysbios_hal_Hwi_Object__create__S)
                  8509fca0    000000e0     sysbios.lib : BIOS.obj (.text:ti_sysbios_knl_Clock_start__E)
                  8509fd80    000000e0                 : BIOS.obj (.text:ti_sysbios_timers_timer64_Timer_startup__E)
                  8509fe60    000000e0     ti.targets.rts6000.ae66 : Error.oe66 (.text:xdc_runtime_Error_print__F)
                  8509ff40    000000e0                             : Memory.oe66 (.text:xdc_runtime_Memory_alloc__F)
                  850a0020    000000c0     rts6600_elf.lib : trgdrv.obj (.text:HOSTread)
                  850a00e0    000000c0                     : trgdrv.obj (.text:HOSTunlink)
                  850a01a0    000000c0                     : trgdrv.obj (.text:HOSTwrite)
                  850a0260    000000c0     stk6_ppp_pppoe.ae66 : icmpv6in.oe66 (.text:ICMPv6RecvDstUnreachable)
                  850a0320    000000c0                         : icmpv6in.oe66 (.text:ICMPv6SocketErrorInterface)
                  850a03e0    000000c0                         : ipv6.oe66 (.text:IPv6Layer4ComputeChecksum)
                  850a04a0    000000c0                         : lli.oe66 (.text:LLIGetValidTime)
                  850a0560    000000c0                         : lli.oe66 (.text:LLIMsg)
                  850a0620    000000c0                         : mld.oe66 (.text:MLDCreateMulticastNode)
                  850a06e0    000000c0                         : mld.oe66 (.text:MLDLeaveGroup)
                  850a07a0    000000c0                         : nimu.oe66 (.text:NIMUFindByName)
                  850a0860    000000c0     netctrl.ae66 : netsrv.oe66 (.text:NS_BootTask)
                  850a0920    000000c0     stk6_ppp_pppoe.ae66 : node.oe66 (.text:NodeUpdatePL)
                  850a09e0    000000c0     nettool.ae66 : ipaddr.oe66 (.text:NtIfIdx2Ip)
                  850a0aa0    000000c0     ti.drv.qmss.ae66 : qmss_drv.oe66 (.text:Qmss_setEoiVector)
                  850a0b60    000000c0     stk6_ppp_pppoe.ae66 : route6.oe66 (.text:Rt6FindDefaultRouter)
                  850a0c20    000000c0                         : rtable.oe66 (.text:RtWalkBegin)
                  850a0ce0    000000c0                         : sb6.oe66 (.text:SB6Flush)
                  850a0da0    000000c0                         : sb6.oe66 (.text:SB6SetMax)
                  850a0e60    000000c0                         : sb.oe66 (.text:SBFlush)
                  850a0f20    000000c0                         : sock6.oe66 (.text:Sock6IntAbort)
                  850a0fe0    000000c0                         : sock6pcb.oe66 (.text:Sock6PcbResolveChain)
                  850a10a0    000000c0                         : sock6pcb.oe66 (.text:Sock6PcbRtChange)
                  850a1160    000000c0                         : sock.oe66 (.text:SockIntAbort)
                  850a1220    000000c0                         : sockpcb.oe66 (.text:SockPcbRtChange)
                  850a12e0    000000c0                         : tcp6prot.oe66 (.text:TCP6Close)
                  850a13a0    000000c0                         : tcp6time.oe66 (.text:TCP6TimeoutSackRexmt)
                  850a1460    000000c0     os.ae66 : task.oe66 (.text:TaskGetEnv)
                  850a1520    000000c0     stk6_ppp_pppoe.ae66 : tcp.oe66 (.text:TcpChecksum)
                  850a15e0    000000c0                         : tcpprot.oe66 (.text:TcpClose)
                  850a16a0    000000c0                         : tcptime.oe66 (.text:TcpTimeoutSackRexmt)
                  850a1760    000000c0                         : bind6.oe66 (.text:_Bind6FindByHostInList)
                  850a1820    000000c0                         : bind6.oe66 (.text:_Bind6FindByNetInList)
                  850a18e0    000000c0     rts6600_elf.lib : dtor_list.obj (.text:_Z11__TI_atexitPFYvPvES_S_)
                  850a19a0    000000c0                     : dtor_list.obj (.text:__cxa_finalize)
                  850a1a60    000000c0                     : divu.obj (.text:__divu)
                  850a1b20    000000c0                     : remi.obj (.text:__remi)
                  850a1be0    000000c0                     : fflush.obj (.text:_doflush)
                  850a1ca0    000000c0     ti.drv.cppi.ae66 : cppi_listlib.oe66 (.text:cppi_list_remove_node)
                  850a1d60    000000c0     nettool.ae66 : dhcptags.oe66 (.text:dhcpOptionsClear)
                  850a1e20    000000c0     os.ae66 : efs.oe66 (.text:efs_fopen)
                  850a1ee0    000000c0     rts6600_elf.lib : exit.obj (.text:exit)
                  850a1fa0    000000c0     nettool.ae66 : httpsend.oe66 (.text:httpSendFullResponse)
                  850a2060    000000c0     os.ae66 : mem.oe66 (.text:mmZeroInit)
                  850a2120    000000c0     stk6_ppp_pppoe.ae66 : nimuppp.oe66 (.text:pppAddIP)
                  850a21e0    000000c0     sysbios.lib : BIOS.obj (.text:ti_sysbios_BIOS_errorRaiseHook__I)
                  850a22a0    000000c0                 : BIOS.obj (.text:ti_sysbios_heaps_HeapMem_getStats__E)
                  850a2360    000000c0                 : BIOS.obj (.text:ti_sysbios_knl_Clock_logTick__E)
                  850a2420    000000c0     IFD_pe66.oe66 (.text:ti_sysbios_knl_Task_Object__create__S)
                  850a24e0    000000c0     sysbios.lib : BIOS.obj (.text:ti_sysbios_timers_timer64_Timer_stop__E)
                  850a25a0    000000c0     ti.targets.rts6000.ae66 : LoggerBuf.oe66 (.text:xdc_runtime_LoggerBuf_Instance_init__F)
                  850a2660    000000c0     IFD_pe66.oe66 (.text:xdc_runtime_LoggerBuf_Object__create__S)
                  850a2720    000000c0     ti.targets.rts6000.ae66 : System.oe66 (.text:xdc_runtime_System_formatNum__I)
                  850a27e0    000000a0     nettool.ae66 : config.oe66 (.text:CfgEntryDeRef)
                  850a2880    000000a0                  : config.oe66 (.text:CfgEntryGetData)
                  850a2920    000000a0                  : config.oe66 (.text:CfgGetImmediate)
                  850a29c0    000000a0                  : telnetd.oe66 (.text:CmdWriteBytes)
                  850a2a60    000000a0                  : telnetd.oe66 (.text:CmdWriteCmd)
                  850a2b00    000000a0     ti.drv.cppi.ae66 : cppi_drv.oe66 (.text:Cppi_channelEnable)
                  850a2ba0    000000a0     stk6_ppp_pppoe.ae66 : file.oe66 (.text:FdSignalEvent)
                  850a2c40    000000a0     rts6600_elf.lib : trgdrv.obj (.text:HOSTclose)
                  850a2ce0    000000a0     stk6_ppp_pppoe.ae66 : ipfrag.oe66 (.text:IPReasmFree)
                  850a2d80    000000a0                         : ipfrag.oe66 (.text:IPReasmTimeout)
                  850a2e20    000000a0                         : ipv6.oe66 (.text:IPv6CompareAddress)
                  850a2ec0    000000a0                         : lliin.oe66 (.text:LLIValidateRoute)
                  850a2f60    000000a0                         : md5.oe66 (.text:MD5Final)
                  850a3000    000000a0                         : nimu.oe66 (.text:NIMUShutdown)
                  850a30a0    000000a0                         : nimu.oe66 (.text:NIMUUnregister)
                  850a3140    000000a0     nettool.ae66 : ipaddr.oe66 (.text:NtAddNetwork)
                  850a31e0    000000a0     stk6_ppp_pppoe.ae66 : pbm.oe66 (.text:PBM_open)
                  850a3280    000000a0                         : pipe.oe66 (.text:PipeCheck)
                  850a3320    000000a0     ti.drv.qmss.ae66 : qmss_drv.oe66 (.text:Qmss_queueClose)
                  850a33c0    000000a0                      : qmss_drv.oe66 (.text:Qmss_startCfg)
                  850a3460    000000a0     stk6_ppp_pppoe.ae66 : rtable.oe66 (.text:RouteMsg)
                  850a3500    000000a0                         : route.oe66 (.text:RtNew)
                  850a35a0    000000a0                         : sb6.oe66 (.text:SB6Free)
                  850a3640    000000a0                         : sb.oe66 (.text:SBFree)
                  850a36e0    000000a0     os.ae66 : semaphore.oe66 (.text:SemCreate)
                  850a3780    000000a0     stk6_ppp_pppoe.ae66 : sock6pcb.oe66 (.text:Sock6CleanPcb)
                  850a3820    000000a0                         : sock6.oe66 (.text:Sock6GetName)
                  850a38c0    000000a0                         : sock.oe66 (.text:SockBind)
                  850a3960    000000a0                         : sockpcb.oe66 (.text:SockCleanPcb)
                  850a3a00    000000a0                         : sockpcb.oe66 (.text:SockPcbResolveChain)
                  850a3aa0    000000a0                         : tcp6prot.oe66 (.text:TCP6Drop)
                  850a3b40    000000a0                         : tcp6prot.oe66 (.text:TCP6PrCtlError)
                  850a3be0    000000a0                         : tcp6prot.oe66 (.text:TCP6PrSend)
                  850a3c80    000000a0                         : tcp6prot.oe66 (.text:TCP6PrSendOOB)
                  850a3d20    000000a0     os.ae66 : task.oe66 (.text:TaskCreate)
                  850a3dc0    000000a0     stk6_ppp_pppoe.ae66 : tcpprot.oe66 (.text:TcpDrop)
                  850a3e60    000000a0                         : tcpprot.oe66 (.text:TcpPrCtlError)
                  850a3f00    000000a0                         : tcpprot.oe66 (.text:TcpPrSend)
                  850a3fa0    000000a0                         : tcpprot.oe66 (.text:TcpPrSendOOB)
                  850a4040    000000a0                         : timer.oe66 (.text:TimerNew)
                  850a40e0    000000a0     nettool.ae66 : config.oe66 (.text:_CfgRelease)
                  850a4180    000000a0     stk6_ppp_pppoe.ae66 : lli.oe66 (.text:_LLITimeoutFlush)
                  850a4220    000000a0     rts6600_elf.lib : round.obj (.text:__c6xabi_nround)
                  850a42c0    000000a0                     : remu.obj (.text:__remu)
                  850a4360    000000a0     boot.ae66 : boot.oe66 (.text:_c_int00)
                  850a4400    000000a0     rts6600_elf.lib : fopen.obj (.text:_cleanup)
                  850a44a0    000000a0                     : _printfi.obj (.text:_ecpy)
                  850a4540    000000a0                     : _printfi.obj (.text:_fcpy)
                  850a45e0    000000a0                     : _printfi.obj (.text:_pconv_f)
                  850a4680    000000a0     sysbios.lib : c64p_Hwi_asm.obj (.text:_ti_sysbios_family_c64p_Hwi_plug__E)
                  850a4720    000000a0     stk6_ppp_pppoe.ae66 : auth.oe66 (.text:authStart)
                  850a47c0    000000a0     ti.drv.cppi.ae66 : cppi_heap.oe66 (.text:cppi_internal_heap_malloc)
                  850a4860    000000a0                      : cppi_listlib.oe66 (.text:cppi_list_cat)
                  850a4900    000000a0     nettool.ae66 : dhcpbild.oe66 (.text:dhcpBuildDecline)
                  850a49a0    000000a0                  : dhcpsm.oe66 (.text:dhcpIPRemove)
                  850a4a40    000000a0     os.ae66 : efs.oe66 (.text:efs_filesend)
                  850a4ae0    000000a0     stk6_ppp_pppoe.ae66 : fileuser.oe66 (.text:fdCloseSession)
                  850a4b80    000000a0     rts6600_elf.lib : lowlev.obj (.text:finddevice)
                  850a4c20    000000a0     stk6_ppp_pppoe.ae66 : lcp.oe66 (.text:lcpInit)
                  850a4cc0    000000a0                         : lcp.oe66 (.text:lcpSendTerm)
                  850a4d60    000000a0     hal_timer_bios.ae66 : lltimer.oe66 (.text:llTimerTick)
                  850a4e00    000000a0     rts6600_elf.lib : lowlev.obj (.text:lseek)
                  850a4ea0    000000a0                     : memcpy64.obj (.text:memcpy)
                  850a4f40    000000a0     os.ae66 : mem.oe66 (.text:mmBulkFree)
                  850a4fe0    000000a0             : mem.oe66 (.text:mmInitPage)
                  850a5080    000000a0     rts6600_elf.lib : modf.obj (.text:modf)
                  850a5120    000000a0     ti.drv.pa.ae66 : pa.oe66 (.text:pa_format_fcmd_header)
                  850a51c0    000000a0                    : pa.oe66 (.text:pa_pdsp_run)
                  850a5260    000000a0     os.ae66 : ossys.oe66 (.text:stricmp)
                  850a5300    000000a0     rts6600_elf.lib : strstr.obj (.text:strstr)
                  850a53a0    000000a0     sysbios.lib : BIOS.obj (.text:ti_sysbios_heaps_HeapMem_init__I)
                  850a5440    000000a0     rts6600_elf.lib : lowlev.obj (.text:write)
                  850a54e0    000000a0     ti.targets.rts6000.ae66 : Assert.oe66 (.text:xdc_runtime_Assert_raise__I)
                  850a5580    000000a0                             : LoggerBuf.oe66 (.text:xdc_runtime_LoggerBuf_Module_startup__F)
                  850a5620    000000a0     IFD_pe66.oe66 (.text:xdc_runtime_LoggerBuf_write8__E)
                  850a56c0    00000080     ti.drv.cppi.ae66 : cppi_drv.oe66 (.text:Cppi_setCpdmaLoopback)
                  850a5740    00000080     stk6_ppp_pppoe.ae66 : md5.oe66 (.text:Decode)
                  850a57c0    00000080                         : icmp.oe66 (.text:ICMPChecksum)
                  850a5840    00000080                         : icmpv6in.oe66 (.text:ICMPv6RecvParamProblem)
                  850a58c0    00000080                         : icmpv6_ndisc.oe66 (.text:ICMPv6RecvRS)
                  850a5940    00000080                         : icmpv6in.oe66 (.text:ICMPv6RecvTimeExceeded)
                  850a59c0    00000080                         : ipv6out.oe66 (.text:IPv6GetRoute)
                  850a5a40    00000080                         : lli6.oe66 (.text:LLI6Free)
                  850a5ac0    00000080                         : lli6.oe66 (.text:LLI6IsRouterStatMachine)
                  850a5b40    00000080     netctrl.ae66 : netctrl.oe66 (.text:NC_SystemClose)
                  850a5bc0    00000080     stk6_ppp_pppoe.ae66 : nimu.oe66 (.text:NIMUInit)
                  850a5c40    00000080                         : pbm.oe66 (.text:PBMQ_deq)
                  850a5cc0    00000080                         : nimuppp.oe66 (.text:PPPSend)
                  850a5d40    00000080     ti.drv.pa.ae66 : painit.oe66 (.text:Pa_getBufferReq)
                  850a5dc0    00000080     stk6_ppp_pppoe.ae66 : pipe.oe66 (.text:PipeClose)
                  850a5e40    00000080     ti.drv.qmss.ae66 : qmss_drv.oe66 (.text:Qmss_getMemRegQueueHandle)
                  850a5ec0    00000080                      : qmss_drv.oe66 (.text:Qmss_queueOpen)
                  850a5f40    00000080     stk6_ppp_pppoe.ae66 : rawethsock.oe66 (.text:RawEthSockClose)
                  850a5fc0    00000080                         : rawethsock_pcb.oe66 (.text:RawEthSockPcbDetach)
                  850a6040    00000080                         : route6.oe66 (.text:Rt6Update)
                  850a60c0    00000080                         : route.oe66 (.text:RtSetFailure)
                  850a6140    00000080                         : route.oe66 (.text:RtSetTimeout)
                  850a61c0    00000080                         : sock6.oe66 (.text:Sock6Bind)
                  850a6240    00000080                         : sock6pcb.oe66 (.text:Sock6PcbCleanup)
                  850a62c0    00000080                         : sock.oe66 (.text:SockGetName)
                  850a6340    00000080                         : sockpcb.oe66 (.text:SockPcbCleanup)
                  850a63c0    00000080                         : sockpcb.oe66 (.text:SockPcbDetach)
                  850a6440    00000080                         : tcp6prot.oe66 (.text:TCP6PrListen)
                  850a64c0    00000080     os.ae66 : task.oe66 (.text:TaskSetEnv)
                  850a6540    00000080     stk6_ppp_pppoe.ae66 : tcpprot.oe66 (.text:TcpPrListen)
                  850a65c0    00000080                         : timer.oe66 (.text:TimerHSTick)
                  850a6640    00000080                         : timer.oe66 (.text:TimerListRemove)
                  850a66c0    00000080     nettool.ae66 : config.oe66 (.text:_CfgAcquire)
                  850a6740    00000080     stk6_ppp_pppoe.ae66 : lli.oe66 (.text:_LLIExpListRemove)
                  850a67c0    00000080                         : rtc.oe66 (.text:_RTCSendRtAdv)
                  850a6840    00000080                         : rtable.oe66 (.text:_RtExpListRemove)
                  850a68c0    00000080     rts6600_elf.lib : fixfu.obj (.text:__c6xabi_fixfu)
                  850a6940    00000080                     : llshift.obj (.text:__c6xabi_llshl)
                  850a69c0    00000080     sysbios.lib : c62_TaskSupport_asm.obj (.text:_ti_sysbios_family_c62_TaskSupport_swap__E)
                  850a6a40    00000080     ti.drv.cppi.ae66 : cppi_heap.oe66 (.text:cppi_internal_heap_cache_begin)
                  850a6ac0    00000080                      : cppi_listlib.oe66 (.text:cppi_list_remove)
                  850a6b40    00000080     nettool.ae66 : dhcpsock.oe66 (.text:dhcpSocketClose)
                  850a6bc0    00000080     os.ae66 : efs.oe66 (.text:efs_fclose)
                  850a6c40    00000080             : efs.oe66 (.text:efs_findfile)
                  850a6cc0    00000080     stk6_ppp_pppoe.ae66 : file.oe66 (.text:fdint_waitevent)
                  850a6d40    00000080     nettool.ae66 : httpsend.oe66 (.text:httpSendEntityLength)
                  850a6dc0    00000080                  : httpsend.oe66 (.text:httpSendErrorResponse)
                  850a6e40    00000080     hal_timer_bios.ae66 : lltimer.oe66 (.text:llTimerGetTime)
                  850a6ec0    00000080     IFD_pe66.oe66 (.text:malloc)
                  850a6f40    00000080     ti.drv.pa.ae66 : pa.oe66 (.text:pa_uint8_match)
                  850a6fc0    00000080     rts6600_elf.lib : trgmsg.obj (.text:readmsg)
                  850a7040    00000080     nettool.ae66 : httpsend.oe66 (.text:strcat)
                  850a70c0    00000080     ti.drv.pa.ae66 : pa.oe66 (.text:swizFcmd)
                  850a7140    00000080     sysbios.lib : BIOS.obj (.text:ti_sysbios_family_c62_TaskSupport_start__E)
                  850a71c0    00000080                 : BIOS.obj (.text:ti_sysbios_family_c64p_Exception_Module_startup__F)
                  850a7240    00000080                 : BIOS.obj (.text:ti_sysbios_family_c64p_Hwi_eventMap__E)
                  850a72c0    00000080                 : BIOS.obj (.text:ti_sysbios_family_c66_Cache_invL1pAll__E)
                  850a7340    00000080                 : BIOS.obj (.text:ti_sysbios_family_c66_tci66xx_CpIntc_getEventId__F)
                  850a73c0    00000080                 : BIOS.obj (.text:ti_sysbios_family_c66_tci66xx_CpIntc_mapSysIntToHostInt__F)
                  850a7440    00000080     IFD_pe66.oe66 (.text:ti_sysbios_gates_GateHwi_Object__create__S)
                  850a74c0    00000080     IFD_pe66.oe66 (.text:ti_sysbios_gates_GateMutex_Object__create__S)
                  850a7540    00000080     sysbios.lib : BIOS.obj (.text:ti_sysbios_hal_Hwi_checkStack:ti_sysbios_hal_Hwi_checkStack)
                  850a75c0    00000080     IFD_pe66.oe66 (.text:ti_sysbios_heaps_HeapMem_Object__create__S)
                  850a7640    00000080     sysbios.lib : BIOS.obj (.text:ti_sysbios_knl_Clock_Module_startup__F)
                  850a76c0    00000080     IFD_pe66.oe66 (.text:ti_sysbios_knl_Clock_Object__create__S)
                  850a7740    00000080     sysbios.lib : BIOS.obj (.text:ti_sysbios_knl_Clock_getTicks__E)
                  850a77c0    00000080                 : BIOS.obj (.text:ti_sysbios_knl_Idle_loop__E)
                  850a7840    00000080     IFD_pe66.oe66 (.text:ti_sysbios_knl_Queue_Object__create__S)
                  850a78c0    00000080     IFD_pe66.oe66 (.text:ti_sysbios_knl_Semaphore_Object__create__S)
                  850a7940    00000080     sysbios.lib : BIOS.obj (.text:ti_sysbios_knl_Semaphore_pendTimeout__I)
                  850a79c0    00000080                 : BIOS.obj (.text:ti_sysbios_knl_Swi_startup__E)
                  850a7a40    00000080                 : BIOS.obj (.text:ti_sysbios_knl_Task_deleteTerminatedTasksFunc__I)
                  850a7ac0    00000080                 : BIOS.obj (.text:ti_sysbios_knl_Task_restore__E)
                  850a7b40    00000080                 : BIOS.obj (.text:ti_sysbios_timers_timer64_Timer_getCount__E)
                  850a7bc0    00000080                 : BIOS.obj (.text:ti_sysbios_timers_timer64_Timer_getPeriod__E)
                  850a7c40    00000080     rts6600_elf.lib : lowlev.obj (.text:unlink)
                  850a7cc0    00000080     ti.targets.rts6000.ae66 : Core-label.oe66 (.text:xdc_runtime_Core_assignLabel__I)
                  850a7d40    00000080                             : Core-params.oe66 (.text:xdc_runtime_Core_assignParams__I)
                  850a7dc0    00000080                             : LoggerBuf.oe66 (.text:xdc_runtime_LoggerBuf_filterOutEvent__I)
                  850a7e40    00000080                             : System.oe66 (.text:xdc_runtime_System_atexit__F)
                  850a7ec0    00000080                             : System.oe66 (.text:xdc_runtime_System_rtsExit__I)
                  850a7f40    00000080                             : Text.oe66 (.text:xdc_runtime_Text_printVisFxn__I)
                  850a7fc0    00000080                             : Text.oe66 (.text:xdc_runtime_Text_xprintf__I)
                  850a8040    00000060     stk6_ppp_pppoe.ae66 : bind6.oe66 (.text:Bind6FindByIF)
                  850a80a0    00000060                         : bind6.oe66 (.text:Bind6IF2IPHost)
                  850a8100    00000060                         : bind.oe66 (.text:BindFindByHost)
                  850a8160    00000060                         : bind.oe66 (.text:BindFindByIF)
                  850a81c0    00000060                         : bind.oe66 (.text:BindFindByNet)
                  850a8220    00000060                         : bind.oe66 (.text:BindGetIFByDBCast)
                  850a8280    00000060                         : bind.oe66 (.text:BindIF2IPHost)
                  850a82e0    00000060     nettool.ae66 : config.oe66 (.text:CfgEntryInfo)
                  850a8340    00000060                  : config.oe66 (.text:CfgSetService)
                  850a83a0    00000060     stk6_ppp_pppoe.ae66 : md5.oe66 (.text:Encode)
                  850a8400    00000060                         : exec.oe66 (.text:ExecBroadcast)
                  850a8460    00000060                         : igmp.oe66 (.text:IGMPTestGroup)
                  850a84c0    00000060                         : ip.oe66 (.text:IPChecksum)
                  850a8520    00000060                         : lli.oe66 (.text:LLIFree)
                  850a8580    00000060                         : nimu.oe66 (.text:NIMUAddHeader)
                  850a85e0    00000060                         : nimu.oe66 (.text:NIMUCreatePacket)
                  850a8640    00000060                         : nimu.oe66 (.text:NIMUFindByIndex)
                  850a86a0    00000060                         : nimu.oe66 (.text:NIMUPacketService)
                  850a8700    00000060                         : nimu.oe66 (.text:NIMUPacketServiceCheck)
                  850a8760    00000060                         : nimu.oe66 (.text:NIMUSendPacket)
                  850a87c0    00000060     netctrl.ae66 : netsrv.oe66 (.text:NS_PreBoot)
                  850a8820    00000060     stk6_ppp_pppoe.ae66 : nimuppp.oe66 (.text:PPPStart)
                  850a8880    00000060                         : rtc.oe66 (.text:RTCAddHook)
                  850a88e0    00000060                         : rtc.oe66 (.text:RTCRemoveHook)
                  850a8940    00000060                         : rawethsock_pcb.oe66 (.text:RawEthSockPcbCleanup)
                  850a89a0    00000060                         : rawethsock_pcb.oe66 (.text:RawEthSockPcbFind)
                  850a8a00    00000060                         : route6.oe66 (.text:Rt6GetNetworkAddr)
                  850a8a60    00000060                         : rtable.oe66 (.text:RtWalkEnd)
[...]
85116f44   xdc_runtime_LoggerBuf_Module__FXNS__C
85116fbc   ti_sysbios_knl_Task_Object__PARAMS__C
851170c2   ti_sysbios_family_c66_tci66xx_CpIntc_Module__id__C
851170f4   ti_sysbios_family_c64p_Hwi_Object__PARAMS__C
85117180   ti_sysbios_hal_Hwi_Object__PARAMS__C
851171ac   ti_sysbios_family_c64p_EventCombiner_E_unpluggedEvent__C
85117250   ti_sysbios_heaps_HeapMem_Module__FXNS__C
85117278   xdc_runtime_LoggerBuf_Object__PARAMS__C
851172c8   c1Size
851172cc   c2Size
851172d0   mSize
851172ec   ti_sysbios_gates_GateHwi_Module__FXNS__C
85117310   ti_sysbios_gates_GateMutex_Module__FXNS__C
85117334   ti_sysbios_knl_Clock_Object__PARAMS__C
85117358   ti_sysbios_knl_Semaphore_Object__PARAMS__C
851173a0   xdc_runtime_Startup_sfxnRts__A
851173c2   ti_sysbios_gates_GateMutex_Module__id__C
851173e4   ti_sysbios_family_c64p_Hwi_Object__DESC__C
85117404   ti_sysbios_family_c64p_Exception_E_exceptionMin__C
85117408   ti_sysbios_family_c66_tci66xx_CpIntc_hostIntToEventId__A
85117428   ti_sysbios_gates_GateHwi_Object__DESC__C
85117448   ti_sysbios_gates_GateMutex_Object__DESC__C
85117468   ti_sysbios_hal_Hwi_Object__DESC__C
85117488   ti_sysbios_heaps_HeapMem_Object__DESC__C
851174a8   ti_sysbios_heaps_HeapMem_Object__PARAMS__C
851174c8   ti_sysbios_knl_Clock_Object__DESC__C
851174e8   ti_sysbios_knl_Queue_Object__DESC__C
85117508   ti_sysbios_knl_Semaphore_Object__DESC__C
85117528   ti_sysbios_knl_Task_Object__DESC__C
85117548   xdc_runtime_LoggerBuf_Object__DESC__C
851175c2   ti_sysbios_hal_Hwi_Module__id__C
851175c4   ti_sysbios_family_c64p_Exception_exceptionHook__C
851175c8   ti_sysbios_family_c66_tci66xx_CpIntc_eventId__A
851175e2   ti_sysbios_heaps_HeapMem_Module__id__C
851175e4   ti_sysbios_family_c64p_Exception_externalHook__C
851175e8   ti_sysbios_family_c66_tci66xx_CpIntc_hostIntToEventId_0__A
85117602   ti_sysbios_knl_Clock_Module__id__C
85117604   ti_sysbios_family_c64p_Exception_internalHook__C
85117608   ti_sysbios_family_c66_tci66xx_CpIntc_hostIntToEventId_1__A
85117622   ti_sysbios_knl_Clock_Module__loggerDefined__C
85117624   ti_sysbios_family_c64p_Exception_nmiHook__C
85117628   ti_sysbios_family_c66_tci66xx_CpIntc_hostIntToEventId_2__A
85117642   ti_sysbios_knl_Semaphore_Module__id__C
85117644   ti_sysbios_family_c64p_Hwi_E_alreadyDefined__C
85117648   ti_sysbios_family_c66_tci66xx_CpIntc_hostIntToEventId_3__A
85117662   ti_sysbios_knl_Semaphore_Module__loggerDefined__C
85117664   ti_sysbios_family_c64p_Hwi_E_handleNotFound__C
85117668   ti_sysbios_family_c66_tci66xx_CpIntc_hostIntToEventId_4__A
85117682   ti_sysbios_knl_Swi_Module__id__C
85117684   ti_sysbios_family_c64p_Hwi_LD_end__C
85117688   ti_sysbios_family_c66_tci66xx_CpIntc_hostIntToEventId_5__A
851176a2   ti_sysbios_knl_Swi_Module__loggerDefined__C
851176a4   ti_sysbios_family_c64p_Hwi_LM_begin__C
851176a8   ti_sysbios_family_c66_tci66xx_CpIntc_hostIntToEventId_6__A
851176c2   ti_sysbios_knl_Task_Module__id__C
851176c4   ti_sysbios_family_c64p_Hwi_Module__diagsEnabled__C
851176c8   ti_sysbios_family_c66_tci66xx_CpIntc_hostIntToEventId_7__A
851176e2   ti_sysbios_knl_Task_Module__loggerDefined__C
851176e4   ti_sysbios_family_c64p_Hwi_Module__diagsIncluded__C
85117730   ti_sysbios_family_c64p_MemoryProtect_dmcCtrl__C
85117748   ti_sysbios_family_c64p_MemoryProtect_pmcCtrl__C
85117760   ti_sysbios_family_c64p_MemoryProtect_umcCtrl__C
85117778   ti_sysbios_gates_GateHwi_Object__PARAMS__C
85117790   ti_sysbios_gates_GateMutex_Object__PARAMS__C
851177a8   ti_sysbios_knl_Queue_Object__PARAMS__C
85117842   ti_sysbios_knl_Task_deleteTerminatedTasks__C
85117844   ti_sysbios_family_c64p_Hwi_Module__diagsMask__C
85117848   paMemAligns
85117858   CSR_LOCAL_DEVICEID_16BIT
8511785c   CSR_LOCAL_DEVICEID_8BIT
85117860   REMOTE_DEVICEID_16BIT
85117864   REMOTE_DEVICEID_8BIT
85117868   ti_sysbios_family_c64p_EventCombiner_EVTMASK__C
85117886   ti_sysbios_knl_Task_initStackFlag__C
851178a0   ti_sysbios_family_c66_Cache_initSize__C
851178c8   ti_sysbios_knl_Idle_funcList__A
851178d0   ti_sysbios_knl_Idle_funcList__C
851178d8   ti_sysbios_knl_Task_hooks__C
851178e0   xdc_runtime_Startup_firstFxns__A
851178e8   xdc_runtime_Startup_firstFxns__C
851178f0   xdc_runtime_Startup_lastFxns__C
851178fe   ti_sysbios_timers_timer64_Timer_Module__id__C
85117906   ti_sysbios_timers_timer64_Timer_startupNeeded__C
8511790e   xdc_runtime_Core_Module__id__C
85117910   ti_sysbios_family_c64p_Hwi_Module__loggerFxn1__C
85117914   ti_sysbios_family_c64p_Hwi_Module__loggerFxn8__C
85117918   ti_sysbios_family_c64p_Hwi_Module__loggerObj__C
8511791c   ti_sysbios_family_c66_Cache_atomicBlockSize__C
85117920   ti_sysbios_family_c66_tci66xx_CpIntc_E_unpluggedSysInt__C
85117924   ti_sysbios_family_c66_tci66xx_CpIntc_eventId__C
85117928   ti_sysbios_family_c66_tci66xx_CpIntc_hostIntToEventId__C
8511792c   ti_sysbios_family_c66_tci66xx_CpIntc_numEvents__C
85117930   ti_sysbios_family_c66_tci66xx_CpIntc_numStatusRegs__C
85117934   ti_sysbios_family_c66_tci66xx_CpIntc_numSysInts__C
85117938   ti_sysbios_family_c66_tci66xx_CpIntc_sysIntToHostInt__C
8511793c   ti_sysbios_gates_GateMutex_A_badContext__C
85117940   ti_sysbios_gates_GateMutex_Instance_State_sem__O
85117944   ti_sysbios_gates_GateMutex_Module__diagsEnabled__C
85117948   ti_sysbios_gates_GateMutex_Module__diagsIncluded__C
8511794c   ti_sysbios_gates_GateMutex_Module__diagsMask__C
85117950   ti_sysbios_hal_Hwi_E_stackOverflow__C
85117954   ti_sysbios_heaps_HeapBuf_Instance_State_freeList__O
85117958   ti_sysbios_heaps_HeapBuf_Object__count__C
8511795c   ti_sysbios_heaps_HeapBuf_Object__table__C
85117960   ti_sysbios_heaps_HeapBuf_numConstructedHeaps__C
85117964   ti_sysbios_heaps_HeapMem_A_align__C
85117968   ti_sysbios_heaps_HeapMem_A_heapSize__C
8511796c   ti_sysbios_heaps_HeapMem_A_invalidFree__C
85117970   ti_sysbios_heaps_HeapMem_A_zeroBlock__C
85117974   ti_sysbios_heaps_HeapMem_E_memory__C
85117978   ti_sysbios_heaps_HeapMem_Module__diagsEnabled__C
8511797c   ti_sysbios_heaps_HeapMem_Module__diagsIncluded__C
85117980   ti_sysbios_heaps_HeapMem_Module__diagsMask__C
85117984   ti_sysbios_heaps_HeapMem_Module__gateObj__C
85117988   ti_sysbios_heaps_HeapMem_Object__count__C
8511798c   ti_sysbios_heaps_HeapMem_Object__table__C
85117990   ti_sysbios_heaps_HeapMem_reqAlignMask__C
85117994   ti_sysbios_heaps_HeapMem_reqAlign__C
85117998   ti_sysbios_knl_Clock_A_badThreadType__C
8511799c   ti_sysbios_knl_Clock_LM_begin__C
851179a0   ti_sysbios_knl_Clock_LM_tick__C
851179a4   ti_sysbios_knl_Clock_LW_delayed__C
851179a8   ti_sysbios_knl_Clock_Module_State_clockQ__O
851179ac   ti_sysbios_knl_Clock_Module__diagsEnabled__C
851179b0   ti_sysbios_knl_Clock_Module__diagsIncluded__C
851179b4   ti_sysbios_knl_Clock_Module__diagsMask__C
851179b8   ti_sysbios_knl_Clock_Module__loggerFxn1__C
851179bc   ti_sysbios_knl_Clock_Module__loggerFxn2__C
851179c0   ti_sysbios_knl_Clock_Module__loggerObj__C
851179c4   ti_sysbios_knl_Clock_tickMode__C
851179c8   ti_sysbios_knl_Clock_tickSource__C
851179cc   ti_sysbios_knl_Mailbox_Instance_State_freeQue__O
851179d0   ti_sysbios_knl_Mailbox_Object__count__C
851179d4   ti_sysbios_knl_Mailbox_Object__table__C
851179d8   ti_sysbios_knl_Queue_Object__count__C
851179dc   ti_sysbios_knl_Queue_Object__table__C
851179e0   ti_sysbios_knl_Semaphore_A_badContext__C
851179e4   ti_sysbios_knl_Semaphore_A_noEvents__C
851179e8   ti_sysbios_knl_Semaphore_A_overflow__C
851179ec   ti_sysbios_knl_Semaphore_Instance_State_pendQ__O
851179f0   ti_sysbios_knl_Semaphore_LM_pend__C
851179f4   ti_sysbios_knl_Semaphore_LM_post__C
851179f8   ti_sysbios_knl_Semaphore_Module__diagsEnabled__C
851179fc   ti_sysbios_knl_Semaphore_Module__diagsIncluded__C
85117a00   ti_sysbios_knl_Semaphore_Module__diagsMask__C
85117a04   ti_sysbios_knl_Semaphore_Module__loggerFxn2__C
85117a08   ti_sysbios_knl_Semaphore_Module__loggerFxn4__C
85117a0c   ti_sysbios_knl_Semaphore_Module__loggerObj__C
85117a10   ti_sysbios_knl_Swi_LD_end__C
85117a14   ti_sysbios_knl_Swi_LM_begin__C
85117a18   ti_sysbios_knl_Swi_LM_post__C
85117a1c   ti_sysbios_knl_Swi_Module__diagsEnabled__C
85117a20   ti_sysbios_knl_Swi_Module__diagsIncluded__C
85117a24   ti_sysbios_knl_Swi_Module__diagsMask__C
85117a28   ti_sysbios_knl_Swi_Module__loggerFxn1__C
85117a2c   ti_sysbios_knl_Swi_Module__loggerFxn4__C
85117a30   ti_sysbios_knl_Swi_Module__loggerObj__C
85117a34   ti_sysbios_knl_Swi_Object__count__C
85117a38   ti_sysbios_knl_Swi_Object__table__C
85117a3c   ti_sysbios_knl_Task_A_badPriority__C
85117a40   ti_sysbios_knl_Task_A_badTaskState__C
85117a44   ti_sysbios_knl_Task_A_badThreadType__C
85117a48   ti_sysbios_knl_Task_A_badTimeout__C
85117a4c   ti_sysbios_knl_Task_A_noPendElem__C
85117a50   ti_sysbios_knl_Task_E_spOutOfBounds__C
85117a54   ti_sysbios_knl_Task_E_stackOverflow__C
85117a58   ti_sysbios_knl_Task_LD_block__C
85117a5c   ti_sysbios_knl_Task_LD_exit__C
85117a60   ti_sysbios_knl_Task_LD_ready__C
85117a64   ti_sysbios_knl_Task_LM_setPri__C
85117a68   ti_sysbios_knl_Task_LM_sleep__C
85117a6c   ti_sysbios_knl_Task_LM_switch__C
85117a70   ti_sysbios_knl_Task_LM_yield__C
85117a74   ti_sysbios_knl_Task_Module_State_inactiveQ__O
85117a78   ti_sysbios_knl_Task_Module_State_terminatedQ__O
85117a7c   ti_sysbios_knl_Task_Module__diagsEnabled__C
85117a80   ti_sysbios_knl_Task_Module__diagsIncluded__C
85117a84   ti_sysbios_knl_Task_Module__diagsMask__C
85117a88   ti_sysbios_knl_Task_Module__loggerFxn2__C
85117a8c   ti_sysbios_knl_Task_Module__loggerFxn4__C
85117a90   ti_sysbios_knl_Task_Module__loggerObj__C
85117a94   ti_sysbios_knl_Task_Object__count__C
85117a98   ti_sysbios_knl_Task_Object__heap__C
85117a9c   ti_sysbios_knl_Task_Object__table__C
85117aa0   ti_sysbios_knl_Task_allBlockedFunc__C
85117aa4   ti_sysbios_knl_Task_defaultStackHeap__C
85117aa8   ti_sysbios_knl_Task_defaultStackSize__C
85117aac   ti_sysbios_knl_Task_numConstructedTasks__C
85117ab0   ti_sysbios_knl_Task_numPriorities__C
85117ab4   ti_sysbios_timers_timer64_Timer_A_notAvailable__C
85117ab8   ti_sysbios_timers_timer64_Timer_E_cannotSupport__C
85117abc   ti_sysbios_timers_timer64_Timer_Module__diagsEnabled__C
85117ac0   ti_sysbios_timers_timer64_Timer_Module__diagsIncluded__C
85117ac4   ti_sysbios_timers_timer64_Timer_Module__diagsMask__C
85117ac8   ti_sysbios_timers_timer64_Timer_anyMask__C
85117acc   ti_sysbios_timers_timer64_Timer_freqDivisor__C
85117ad0   ti_sysbios_timers_timer64_Timer_numLocalTimers__C
85117ad4   ti_sysbios_timers_timer64_Timer_numTimerDevices__C
85117ad8   xdc_runtime_Assert_E_assertFailed__C
85117adc   xdc_runtime_Core_A_initializedParams__C
85117ae0   xdc_runtime_Core_Module__diagsEnabled__C
85117ae4   xdc_runtime_Core_Module__diagsIncluded__C
85117ae8   xdc_runtime_Core_Module__diagsMask__C
85117aec   xdc_runtime_Error_E_generic__C
85117af0   xdc_runtime_Error_E_memory__C
85117af4   xdc_runtime_Error_Module__diagsEnabled__C
85117af8   xdc_runtime_Error_Module__diagsIncluded__C
85117afc   xdc_runtime_Error_Module__diagsMask__C
85117b00   xdc_runtime_Error_Module__loggerFxn8__C
85117b04   xdc_runtime_Error_Module__loggerObj__C
85117b08   xdc_runtime_Error_policy__C
85117b0c   xdc_runtime_Error_raiseHook__C
85117b10   xdc_runtime_IFilterLogger_Interface__BASE__C
85117b14   xdc_runtime_IGateProvider_Interface__BASE__C
85117b18   xdc_runtime_IHeap_Interface__BASE__C
85117b1c   xdc_runtime_ILogger_Interface__BASE__C
85117b20   xdc_runtime_IModule_Interface__BASE__C
85117b24   xdc_runtime_Log_L_error__C
85117b28   xdc_runtime_LoggerBuf_E_badLevel__C
85117b2c   xdc_runtime_LoggerBuf_Module__gateObj__C
85117b30   xdc_runtime_LoggerBuf_Object__count__C
85117b34   xdc_runtime_LoggerBuf_Object__table__C
85117b38   xdc_runtime_LoggerBuf_statusLogger__C
85117b3c   xdc_runtime_Memory_defaultHeapInstance__C
85117b40   xdc_runtime_Startup_execImpl__C
85117b44   xdc_runtime_Startup_maxPasses__C
85117b48   xdc_runtime_Startup_lastFxns__A
85117b4c   xdc_runtime_Startup_sfxnRts__C
85117b50   xdc_runtime_Startup_sfxnTab__C
85117b54   xdc_runtime_Startup_startModsFxn__C
85117b58   xdc_runtime_System_Module__gateObj__C
85117b5c   xdc_runtime_System_extendFxn__C
85117b60   xdc_runtime_System_maxAtexitHandlers__C
85117b64   xdc_runtime_Text_charTab__C
85117b68   xdc_runtime_Text_nameEmpty__C
85117b6c   xdc_runtime_Text_nameStatic__C
85117b70   xdc_runtime_Text_nameUnknown__C
85117b74   xdc_runtime_Text_nodeTab__C
85117b78   xdc_runtime_Text_visitRopeFxn__C
85117b7c   xdc_runtime_Error_Module__loggerDefined__C
85117b7e   xdc_runtime_Error_maxDepth__C
85117b82   xdc_runtime_LoggerBuf_Module__id__C
85117b84   xdc_runtime_LoggerBuf_filterByLevel__C
85117b86   xdc_runtime_Memory_Module__id__C
85117b88   xdc_runtime_Text_charCnt__C
85117b8a   xdc_runtime_Text_isLoaded__C
85117b8c   xdc_runtime_Text_registryModsLastId__C
85117b8e   xdc_runtime_Text_unnamedModsLastId__C
85117c00   gHostDesc
8511fc00   queueFree
85121c00   qmssGObj
85122000   ti_sdo_utils_MultiProc_Module__state__V
85122004   ti_sdo_utils_NameServerRemoteNull_Module__root__V
8512200c   ti_sysbios_BIOS_Module__state__V
85122028   ti_sysbios_family_c64p_EventCombiner_Module__state__V
85122428   ti_sysbios_family_c64p_Exception_Module__state__V
85122454   ti_sysbios_family_c64p_Hwi_Module__root__V
8512245c   ti_sysbios_family_c64p_Hwi_Module__state__V
851224c4   ti_sysbios_family_c64p_MemoryProtect_Module__state__V
851224c8   ti_sysbios_family_c66_tci66xx_CpIntc_Module__state__V
851224d8   ti_sysbios_gates_GateHwi_Module__root__V
851224e0   ti_sysbios_gates_GateMutex_Module__root__V
851224e8   ti_sysbios_hal_Hwi_Module__root__V
851224f0   ti_sysbios_hal_Timer_Module__root__V
851224f8   ti_sysbios_heaps_HeapBuf_Module__root__V
85122500   ti_sysbios_heaps_HeapBuf_Module__state__V
85122504   ti_sysbios_heaps_HeapMem_Module__root__V
8512250c   ti_sysbios_knl_Clock_Module__root__V
85122514   ti_sysbios_knl_Clock_Module__state__V
85122540   ti_sysbios_knl_Event_Module__root__V
85122548   ti_sysbios_knl_Mailbox_Module__root__V
85122550   ti_sysbios_knl_Queue_Module__root__V
85122558   ti_sysbios_knl_Semaphore_Module__root__V
85122560   ti_sysbios_knl_Swi_Module__root__V
85122568   ti_sysbios_knl_Swi_Module__state__V
85122584   ti_sysbios_knl_Task_Module__root__V
8512258c   ti_sysbios_knl_Task_Module__state__V
851225c0   ti_sysbios_timers_timer64_Timer_Module__root__V
851225c8   ti_sysbios_timers_timer64_Timer_Module__state__V
851225dc   xdc_runtime_Error_Module__state__V
851225e0   xdc_runtime_LoggerBuf_Module__root__V
851225e8   xdc_runtime_LoggerBuf_Module__state__V
851225f0   xdc_runtime_Memory_Module__state__V
851225f4   xdc_runtime_Registry_Module__state__V
851225fc   xdc_runtime_Startup_Module__state__V
85122604   xdc_runtime_System_Module__state__V
85122610   xdc_runtime_Text_Module__state__V
85122618   __xdc__init__addr
85122620   ti_sysbios_family_c66_tci66xx_CpIntc_Module_State_0_dispatchTab__A
85122b20   _ftable
85122d00   ti_sysbios_timers_timer64_Timer_Module_State_0_device__A
85122e80   qmssGblCfgParams
85122fa0   _ipcfg
85123054   _ft_end
851230f8   ti_sysbios_knl_Task_Object__table__V
85123140   TSK_idle
85123188   ti_sysbios_knl_Swi_Module_State_0_readyQ__A
85123208   ti_sysbios_knl_Task_Module_State_0_readyQ__A
85123288   ti_sysbios_timers_timer64_Timer_Module_State_0_gctrl__A
85123308   ti_sysbios_timers_timer64_Timer_Module_State_0_handles__A
85123388   ti_sysbios_timers_timer64_Timer_Module_State_0_intFreqs__A
85123480   cppiGblCfgParams
851234f8   ti_sysbios_family_c64p_Hwi_Object__table__V
851235c0   ti_sysbios_family_c66_tci66xx_CpIntc_Module_State_0_hostIntToSysInt__A
85123610   ti_sysbios_timers_timer64_Timer_Object__table__V
8512365c   devParams
851236a0   isrCounter
851236a4   _cleanup_ptr
851236a8   _dtors_ptr
851236ac   __TI_enable_exit_profile_output
85123830   brev
851238b0   ti_sysbios_gates_GateMutex_Object__table__V
851238f0   axis_payload_len
851238f4   HostName
851238f8   LocalIPAddr
851238fc   LocalIPMask
85123900   GatewayIP
85123904   DomainName
85123908   DNSServer
8512390c   VerStr
85123910   hEcho
85123914   hEchoUdp
8512392c   __errno
8512392c   errno
8512396c   cppiLObj
851239a4   paLObj
851239a8   ti_sysbios_knl_Swi_Object__table__V
851239d8   _oscfg
85123a00   xdc_runtime_LoggerBuf_Object__table__V
85123a28   Qmss_highEoiVector
85123a4c   newParams
85123a50   pstrMsgName
85123a70   xdc_runtime_System_Module_State_0_atexitHandlers__A
85123a90   TaskName
85123aa8   ReportStr
85123ac0   StatusStr
85123ad4   _lock
85123ad8   _unlock
85123af8   ti_sysbios_hal_Hwi_Object__table__V
85123b18   ti_sysbios_family_c66_tci66xx_CpIntc_Module_State_0_initSIER__A
85123b30   ti_sysbios_heaps_HeapMem_Object__table__V
85123b48   Qmss_lowEoiVector
85123b58   ti_sysbios_family_c64p_MemoryProtect_Module_State_0_controllers__A
85123b68   ti_sysbios_family_c66_tci66xx_CpIntc_Module_State_0_controller__A
85123b78   NIMUDeviceTable
85123b88   ti_sysbios_hal_Timer_Object__table__V
85123bb8   factor
85123bbc   mad_result_counter
85123bc8   fft_result_counter
85123bd0   lms_result_counter
85123bd8   ti_sysbios_gates_GateHwi_Object__table__V
85123be0   Qmss_cdmaEoiVector
85123be8   gPAInst
85123ce8   gMemL2Ram
851240d0   gMemL3Ram
85125070   DebugLog
85125800   ti_sysbios_family_c64p_Hwi0
85125820   ti_sysbios_family_c64p_Hwi1
85125840   ti_sysbios_family_c64p_Hwi2
85125860   ti_sysbios_family_c64p_Hwi3
85125880   ti_sysbios_family_c64p_Hwi4
851258a0   ti_sysbios_family_c64p_Hwi5
851258c0   ti_sysbios_family_c64p_Hwi6
851258e0   ti_sysbios_family_c64p_Hwi7
85125900   ti_sysbios_family_c64p_Hwi8
85125920   ti_sysbios_family_c64p_Hwi9
85125940   ti_sysbios_family_c64p_Hwi10
85125960   ti_sysbios_family_c64p_Hwi11
85125980   ti_sysbios_family_c64p_Hwi12
851259a0   ti_sysbios_family_c64p_Hwi13
851259c0   ti_sysbios_family_c64p_Hwi14
851259e0   ti_sysbios_family_c64p_Hwi15
85125d00   cppiObject
85125f00   __TI_STATIC_BASE
85125f18   _IGMPInDiscard
85125f1c   _IGMPInQuery
85125f20   _IGMPInQueryGroup
85125f24   _IGMPInResponse
85125f28   _IGMPOutResponse
85125f5c   CONTENT_TYPE_APPLET
85125f60   CONTENT_TYPE_AU
85125f64   CONTENT_TYPE_CSS
85125f68   CONTENT_TYPE_DOC
85125f6c   CONTENT_TYPE_GIF
85125f70   CONTENT_TYPE_HTML
85125f74   CONTENT_TYPE_JPG
85125f78   CONTENT_TYPE_MPEG
85125f7c   CONTENT_TYPE_PDF
85125f80   CONTENT_TYPE_WAV
85125f84   CONTENT_TYPE_ZIP
85125f88   CONTENT_TYPE
85125f8c   CONTENT_LENGTH
85125f90   CRLF
85125f94   DEFAULT_NAME
85125f98   HTTP_VER
85125f9c   SPACE
85125fa0   PITCount
85125fa4   PITUsed
85125fa8   PITHigh
85126030   _IGMPForceVersion1
85126044   DebugLogSize
85126048   DebugCritError
85126054   _ICMPInErrors
85126058   _ICMPOutErrors
8512605c   _IPExecuting
8512606c   gFragQList
8512608c   tcp_iss
85126090   ptTimeFirst
85126094   pt6TimeFirst
85126098   tcp6_iss
851260b0   httpErrorResponseHook
851260bc   _IPReasmPtr
851260c4   gMLDNodeList
851260d8   qmssLObjIsValid
851260dc   IPV6_MAX_MULTICAST_SOLICIT
851260e0   IPV6_MAX_UNICAST_SOLICIT
851260e4   IPV6_RETRANS_TIME
851260e8   IPV6_DELAY_FIRST_PROBE_TIME
851260ec   IPV6_REACHABLE_TIME
851260f0   IPV6_MAX_RTR_SOLICITATION_DELAY
851260f4   IPV6_RTR_SOLICITATION_INTERVAL
851260f8   IPV6_MAX_RTR_SOLICITATIONS
851260fc   INFINITE_LT
85126100   ti_ndk_config_Global_rawPageSize
85126104   ti_ndk_config_Global_rawPageCount
85126108   ti_ndk_config_Global_smallest
8512610c   ti_ndk_config_Global_largest
85126110   ti_ndk_config_Global_numFrameBuf
85126114   ti_ndk_config_Global_sizeFrameBuf
85126118   __CIOBUF_
85126240   gGlobalFreeQHnd
85126248   gPassCpdmaTxChanHnd
85126270   gPassCpdmaRxChanHnd
851262d0   gPassCpdmaHnd
851262d4   gPAInstHnd
851262d8   gQPopErrorCounter
851262dc   gQPushErrorCounter
85127884   __TI_Handler_Table_Base
85127890   __TI_Handler_Table_Limit
851278fc   __TI_CINIT_Base
85127994   __TI_CINIT_Limit
ffffffff   __TI_pprof_out_hndl
ffffffff   __TI_prof_data_size
ffffffff   __TI_prof_data_start
ffffffff   __binit__
ffffffff   __c_args__
ffffffff   binit
UNDEFED    __TI_INITARRAY_Base
UNDEFED    __TI_INITARRAY_Limit

[1713 symbols]
