******************************************************************************
               TMS320C6x Linker PC v7.4.4                      
******************************************************************************
>> Linked Fri Apr 10 21:42:09 2026

OUTPUT FILE NAME:   <IFD_0409_RAM.out>
ENTRY POINT SYMBOL: "_c_int00"  address: 850a01e0


MEMORY CONFIGURATION

         name            origin    length      used     unused   attr    fill
----------------------  --------  ---------  --------  --------  ----  --------
  L2SRAM                00800000   00080000  00001000  0007f000  RW X
  MSMCSRAM              0c000000   00400000  0000061c  003ff9e4  RW X
  DDR3                  80000000   20000000  05123858  1aedc7a8  RWIX


SEGMENT ALLOCATION MAP

run origin  load origin   length   init length attrs members
----------  ----------- ---------- ----------- ----- -------
00800000    00800000    00001000   00000000    rw-
  00800000    00800000    00001000   00000000    rw- .stack
0c000000    0c000000    00000184   00000184    rw-
  0c000000    0c000000    00000184   00000184    rw- .shared_msmc
0c000200    0c000200    00000498   00000498    rw-
  0c000200    0c000200    00000498   00000498    rw- .nimu_eth_ll2
80000000    80000000    04de876c   00000000    rw-
  80000000    80000000    04000000   00000000    rw- systemHeap
  84000000    84000000    008d4000   00000000    rw- .filter_temp
  848d4000    848d4000    0051476c   00000000    rw- .filter_per_core
84de8770    84de8770    0025f37c   0025f37c    rw-
  84de8770    84de8770    0014f378   0014f378    rw- .far
  84f37ae8    84f37ae8    00110004   00110004    rw- .filter_const
85047af0    85047af0    00000010   00000010    r--
  85047af0    85047af0    00000010   00000010    r-- .const.1
85047b00    85047b00    00062600   00062600    r-x
  85047b00    85047b00    00062600   00062600    r-x .text
850aa100    850aa100    0005ecc0   00000000    rw-
  850aa100    850aa100    00052b00   00000000    rw- .far:NDK_PACKETMEM
  850fcc00    850fcc00    0000c1c0   00000000    rw- .far:NDK_MMBUFFER
85108dc0    85108dc0    0000abda   0000abda    r--
  85108dc0    85108dc0    0000abda   0000abda    r-- .const.2
851139a0    851139a0    00000060   00000060    rw-
  851139a0    851139a0    00000060   00000060    rw- .fardata.1
85113a00    85113a00    0000a400   00000000    rw-
  85113a00    85113a00    00008000   00000000    rw- .resmgr_memregion
  8511ba00    8511ba00    00002400   00000000    rw- .qmss
8511de00    8511de00    00001c8a   00001c8a    rw-
  8511de00    8511de00    00001c8a   00001c8a    rw- .fardata.2
8511fa90    8511fa90    00001488   00000000    rw-
  8511fa90    8511fa90    00001488   00000000    rw- .resmgr_pa
85120f20    85120f20    00000600   00000000    rw-
  85120f20    85120f20    00000600   00000000    rw- .far:NDK_OBJMEM
85121520    85121520    000002e0   000002e0    r--
  85121520    85121520    000002e0   000002e0    r-- .switch.1
85121800    85121800    000003b0   000003b0    r-x
  85121800    85121800    00000200   00000200    r-x .vecs
  85121a00    85121a00    000001b0   000001b0    r-- .switch.2
85121c00    85121c00    0000025c   00000000    rw-
  85121c00    85121c00    00000200   00000000    rw- .cppi
  85121e00    85121e00    0000005c   00000000    rw- .bss
85121e5c    85121e5c    0000017d   0000017d    rw-
  85121e5c    85121e5c    0000017d   0000017d    rw- .neardata
85121fdc    85121fdc    0000003c   0000003c    r--
  85121fdc    85121fdc    0000003c   0000003c    r-- .rodata
85122018    85122018    00000120   00000000    rw-
  85122018    85122018    00000120   00000000    rw- .cio
85122140    85122140    000000a0   00000000    rw-
  85122140    85122140    000000a0   00000000    rw- .resmgr_handles
851221e0    851221e0    000016ec   000016ec    r--
  851221e0    851221e0    000016ec   000016ec    r-- .cinit


SECTION ALLOCATION MAP

 output                                  attributes/
section   page    origin      length       input sections
--------  ----  ----------  ----------   ----------------
.init_array 
*          0    80000000    00000000     UNINITIALIZED

.stack     0    00800000    00001000     UNINITIALIZED
                  00800000    00000008     boot.ae66 : boot.oe66 (.stack)
                  00800008    00000ff8     --HOLE--

.shared_msmc 
*          0    0c000000    00000184     
                  0c000000    00000040     srio.obj (.shared_msmc:uninit) [fill = 0]
                  0c000040    00000010     protocol.obj (.shared_msmc)
                  0c000050    00000010     adaptive_filter.obj (.shared_msmc:uninit) [fill = 0]
                  0c000060    00000004     collect_result_task.obj (.shared_msmc:init)
                  0c000064    00000004     collect_result_task.obj (.shared_msmc:uninit) [fill = 0]
                  0c000068    00000018     --HOLE-- [fill = 0]
                  0c000080    00000018     adaptive_filter.obj (.shared_msmc:init)
                  0c000098    00000068     --HOLE-- [fill = 0]
                  0c000100    00000018     srio.obj (.shared_msmc:init)
                  0c000118    00000068     --HOLE-- [fill = 0]
                  0c000180    00000004     main.obj (.shared_msmc)

.nimu_eth_ll2 
*          0    0c000200    00000498     
                  0c000200    00000488     nimu_eth_c667x.obj (.nimu_eth_ll2:uninit) [fill = 0]
                  0c000688    00000010     nimu_eth_c667x.obj (.nimu_eth_ll2:init)

xdc.meta   0    80000000    000000f0     COPY SECTION
                  80000000    000000f0     IFD_pe66.oe66 (xdc.meta)

systemHeap 
*          0    80000000    04000000     UNINITIALIZED
                  80000000    04000000     IFD_pe66.oe66 (systemHeap)

.filter_temp 
*          0    84000000    008d4000     UNINITIALIZED
                  84000000    008d4000     adaptive_filter.obj (.filter_temp)

.filter_per_core 
*          0    848d4000    0051476c     UNINITIALIZED
                  848d4000    0051476c     adaptive_filter.obj (.filter_per_core)

.far       0    84de8770    0014f378     
                  84de8770    00140150     adaptive_filter.obj (.far) [fill = 0]
                  84f288c0    00006000     IFD_pe66.oe66 (.far:taskStackSection) [fill = 0]
                  84f2e8c0    00005848     net_init.obj (.far) [fill = 0]
                  84f34108    00001018     nand_op.obj (.far) [fill = 0]
                  84f35120    00000840     c66x_nand.obj (.far) [fill = 0]
                  84f35960    00000820     IFD_pe66.oe66 (.far) [fill = 0]
                  84f36180    000007f8     collect_result_task.obj (.far) [fill = 0]
                  84f36978    00000008     rts6600_elf.lib : trgdrv.obj (.far) [fill = 0]
                  84f36980    00000660     nettool.ae66 : daemon.oe66 (.far) [fill = 0]
                  84f36fe0    00000140     rts6600_elf.lib : defs.obj (.far) [fill = 0]
                  84f37120    00000120     ti.drv.qmss.ae66 : qmss_drv.oe66 (.far) [fill = 0]
                  84f37240    00000110     stk6_ppp_pppoe.ae66 : igmp.oe66 (.far) [fill = 0]
                  84f37350    00000100     c66x_uart.obj (.far) [fill = 0]
                  84f37450    000000d8     netctrl.ae66 : netsrv.oe66 (.far) [fill = 0]
                  84f37528    000000c8     stk6_ppp_pppoe.ae66 : ipv6.oe66 (.far) [fill = 0]
                  84f375f0    000000c4                         : tcp.oe66 (.far) [fill = 0]
                  84f376b4    000000b8                         : tcp6in.oe66 (.far) [fill = 0]
                  84f3776c    00000004     srio.obj (.far) [fill = 0]
                  84f37770    0000009c     stk6_ppp_pppoe.ae66 : icmp.oe66 (.far) [fill = 0]
                  84f3780c    00000004                         : rawethsock_pcb.oe66 (.far) [fill = 0]
                  84f37810    0000007c     os.ae66 : mem.oe66 (.far) [fill = 0]
                  84f3788c    00000068     stk6_ppp_pppoe.ae66 : ip.oe66 (.far) [fill = 0]
                  84f378f4    00000064                         : nimu.oe66 (.far) [fill = 0]
                  84f37958    00000048     nimu_eth_c667x.obj (.far) [fill = 0]
                  84f379a0    00000030     stk6_ppp_pppoe.ae66 : udp.oe66 (.far) [fill = 0]
                  84f379d0    00000028                         : vlan.oe66 (.far) [fill = 0]
                  84f379f8    00000024                         : udp6.oe66 (.far) [fill = 0]
                  84f37a1c    00000004     --HOLE--
                  84f37a20    00000020     resourcemgr.obj (.far) [fill = 0]
                  84f37a40    0000001c     os.ae66 : mem_data.oe66 (.far:NDK_MMBUFFER1)
                  84f37a5c    00000018     stk6_ppp_pppoe.ae66 : icmpv6.oe66 (.far) [fill = 0]
                  84f37a74    0000000c                         : pbm.oe66 (.far) [fill = 0]
                  84f37a80    00000014                         : rtc.oe66 (.far) [fill = 0]
                  84f37a94    00000010     netctrl.ae66 : netctrl.oe66 (.far) [fill = 0]
                  84f37aa4    00000004     --HOLE--
                  84f37aa8    00000010     protocol.obj (.far) [fill = 0]
                  84f37ab8    00000010     stk6_ppp_pppoe.ae66 : raw.oe66 (.far) [fill = 0]
                  84f37ac8    00000010                         : raw6.oe66 (.far) [fill = 0]
                  84f37ad8    00000010                         : raweth.oe66 (.far) [fill = 0]

.filter_const 
*          0    84f37ae8    00110004     
                  84f37ae8    00110000     adaptive_filter.obj (.filter_const:uninit) [fill = 0]
                  85047ae8    00000004     adaptive_filter.obj (.filter_const:init)

.const.1   0    85047af0    00000010     
                  85047af0    00000010     adaptive_filter.obj (.const:$P$T0$1)

.text      0    85047b00    00062600     
                  85047b00    00003220     nimu_eth_c667x.obj (.text)
                  8504ad20    00002400     adaptive_filter.obj (.text)
                  8504d120    00001d40     srio.obj (.text)
                  8504ee60    00001a20     net_init.obj (.text)
                  85050880    00001a00     stk6_ppp_pppoe.ae66 : tcpin.oe66 (.text:TcpInput)
                  85052280    000019a0                         : tcp6in.oe66 (.text:TCP6Input)
                  85053c20    00001520     protocol.obj (.text)
                  85055140    00001240     stk6_ppp_pppoe.ae66 : tcpout.oe66 (.text:TcpOutput)
                  85056380    00001180                         : tcp6out.oe66 (.text:TCP6Output)
                  85057500    00000fe0     c66x_nand.obj (.text)
                  850584e0    00000d00     resourcemgr.obj (.text)
                  850591e0    00000b80     stk6_ppp_pppoe.ae66 : ipin.oe66 (.text:IPRxPacket)
                  85059d60    00000aa0                         : md5.oe66 (.text:MD5Transform)
                  8505a800    000009c0                         : ipout.oe66 (.text:IPTxPacket)
                  8505b1c0    000009a0                         : lcp.oe66 (.text:lcpInput)
                  8505bb60    000009a0     ti.targets.rts6000.ae66 : System.oe66 (.text:xdc_runtime_System_doPrint__I)
                  8505c500    000008a0     nettool.ae66 : httpclie.oe66 (.text:httpClientProcess)
                  8505cda0    00000840     dsplib.ae66 : DSPF_sp_ifftSPxSP.obj (.text:optimized)
                  8505d5e0    000007e0     ti.drv.qmss.ae66 : qmss_drv.oe66 (.text:Qmss_insertMemoryRegion)
                  8505ddc0    000007e0     stk6_ppp_pppoe.ae66 : ipcp.oe66 (.text:ipcpInput)
                  8505e5a0    000007c0     nettool.ae66 : httpsend.oe66 (.text:SetContentType)
                  8505ed60    000007c0     stk6_ppp_pppoe.ae66 : sock.oe66 (.text:SockSet)
                  8505f520    000007c0     nand_op.obj (.text)
                  8505fce0    000007a0     stk6_ppp_pppoe.ae66 : fileuser.oe66 (.text:fdPoll)
                  85060480    000007a0     dsplib.ae66 : DSPF_sp_fftSPxSP.obj (.text:optimized)
                  85060c20    00000780     sysbios.lib : BIOS.obj (.text:ti_sysbios_family_c64p_Exception_handler__I)
                  850613a0    00000720     ti.drv.pa.ae66 : pa.oe66 (.text:Pa_addMac)
                  85061ac0    000006c0     nettool.ae66 : telnetd.oe66 (.text:telnet_netdata)
                  85062180    000006a0     stk6_ppp_pppoe.ae66 : sock.oe66 (.text:SockGet)
                  85062820    00000680                         : icmpv6_ndisc.oe66 (.text:ICMPv6RecvRA)
                  85062ea0    00000660     ti.drv.cppi.ae66 : cppi_drv.oe66 (.text:Cppi_configureRxFlow)
                  85063500    00000660     sysbios.lib : BIOS.obj (.text:ti_sysbios_heaps_HeapMem_free__E)
                  85063b60    00000640     collect_result_task.obj (.text)
                  850641a0    00000620     stk6_ppp_pppoe.ae66 : route6.oe66 (.text:Rt6Create)
                  850647c0    00000620     sysbios.lib : BIOS.obj (.text:ti_sysbios_heaps_HeapMem_alloc__E)
                  85064de0    000005c0     stk6_ppp_pppoe.ae66 : ipfrag.oe66 (.text:IPReasm)
                  850653a0    000005c0     rts6600_elf.lib : divd.obj (.text:__c6xabi_divd)
                  85065960    000005c0                     : _printfi.obj (.text:_getarg_diouxp)
                  85065f20    000005c0     sysbios.lib : BIOS.obj (.text:ti_sysbios_timers_timer64_Timer_Module_startup__F)
                  850664e0    000005a0     stk6_ppp_pppoe.ae66 : icmpin.oe66 (.text:ICMPInput)
                  85066a80    00000580                         : nimuppp.oe66 (.text:pppEvent)
                  85067000    00000560                         : ipv6.oe66 (.text:IPv6IPAddressToString)
                  85067560    00000520                         : sock.oe66 (.text:SockNew)
                  85067a80    00000520     sysbios.lib : BIOS.obj (.text:ti_sysbios_utils_Load_update__E)
                  85067fa0    00000500                 : BIOS.obj (.text:ti_sysbios_knl_Task_Instance_finalize__F)
                  850684a0    000004e0     stk6_ppp_pppoe.ae66 : udp.oe66 (.text:UdpInput)
                  85068980    000004e0                         : nimupppoe.oe66 (.text:pppoeInputS)
                  85068e60    000004c0     ti.drv.cppi.ae66 : cppi_drv.oe66 (.text:Cppi_txChannelOpen)
                  85069320    000004c0     stk6_ppp_pppoe.ae66 : sock6.oe66 (.text:Sock6Connect)
                  850697e0    000004c0                         : sock6.oe66 (.text:Sock6Set)
                  85069ca0    000004a0                         : bind6.oe66 (.text:Bind6New)
                  8506a140    000004a0                         : lliin.oe66 (.text:LLIRxPacket)
                  8506a5e0    000004a0                         : sock6.oe66 (.text:Sock6Recv)
                  8506aa80    000004a0                         : sock.oe66 (.text:SockRecv)
                  8506af20    00000480     sysbios.lib : BIOS.obj (.text:ti_sysbios_utils_Load_logLoads__I)
                  8506b3a0    00000460     rts6600_elf.lib : _printfi.obj (.text:_printfi)
                  8506b800    00000460                     : _printfi.obj (.text:_setfield)
                  8506bc60    00000460     stk6_ppp_pppoe.ae66 : nimuppp.oe66 (.text:pppNew)
                  8506c0c0    00000440     ti.drv.cppi.ae66 : cppi_drv.oe66 (.text:Cppi_rxChannelOpen)
                  8506c500    00000440     stk6_ppp_pppoe.ae66 : sock6.oe66 (.text:Sock6New)
                  8506c940    00000440                         : auth.oe66 (.text:chapInput)
                  8506cd80    00000440                         : fileuser.oe66 (.text:fdSelect)
                  8506d1c0    00000440                         : nimupppoe.oe66 (.text:pppoeInputC)
                  8506d600    00000420     c66x_uart.obj (.text)
                  8506da20    00000420     nettool.ae66 : daemon.oe66 (.text:daemon)
                  8506de40    00000420     ti.drv.pa.ae66 : pa.oe66 (.text:pa_conv_routing_info)
                  8506e260    00000400     stk6_ppp_pppoe.ae66 : sock6.oe66 (.text:Sock6Get)
                  8506e660    00000400                         : sock6.oe66 (.text:Sock6Send)
                  8506ea60    00000400     os.ae66 : efs.oe66 (.text:efs_filecheck)
                  8506ee60    00000400     sysbios.lib : BIOS.obj (.text:ti_sysbios_knl_Semaphore_pend__E)
                  8506f260    000003e0     stk6_ppp_pppoe.ae66 : ipv6_frag.oe66 (.text:IPv6TxFragPacket)
                  8506f640    000003e0     platform.obj (.text)
                  8506fa20    000003c0     ti.drv.cppi.ae66 : cppi_desc.oe66 (.text:Cppi_initDescriptor)
                  8506fde0    000003c0     stk6_ppp_pppoe.ae66 : ipv6out.oe66 (.text:IPv6TxPacket)
                  850701a0    000003c0                         : lli6.oe66 (.text:LLI6TimerCheck)
                  85070560    000003c0                         : sock.oe66 (.text:SockSend)
                  85070920    000003c0                         : tcp6.oe66 (.text:TCP6TimeoutCheck)
                  85070ce0    000003c0                         : tcp.oe66 (.text:TcpTimeoutCheck)
                  850710a0    000003c0     main.obj (.text)
                  85071460    000003c0     sysbios.lib : BIOS.obj (.text:ti_sysbios_knl_Task_Instance_init__F)
                  85071820    000003c0                 : BIOS.obj (.text:ti_sysbios_knl_Task_setPri__E)
                  85071be0    000003a0     stk6_ppp_pppoe.ae66 : nimu.oe66 (.text:NIMUIoctl)
                  85071f80    000003a0                         : route.oe66 (.text:RtCreate)
                  85072320    000003a0                         : sb.oe66 (.text:SBRead)
                  850726c0    000003a0     os.ae66 : mem.oe66 (.text:_mmCheck)
                  85072a60    000003a0     rts6600_elf.lib : fputs.obj (.text:fputs)
                  85072e00    000003a0     stk6_ppp_pppoe.ae66 : auth.oe66 (.text:papInput)
                  850731a0    00000380                         : icmpv6in.oe66 (.text:ICMPv6RxPacket)
                  85073520    00000380                         : igmp.oe66 (.text:IGMPInput)
                  850738a0    00000380                         : sock6int.oe66 (.text:Sock6Notify)
                  85073c20    00000380                         : sock.oe66 (.text:SockConnect)
                  85073fa0    00000380                         : sockint.oe66 (.text:SockNotify)
                  85074320    00000380     nettool.ae66 : dhcppkt.oe66 (.text:dhcpPacketProcess)
                  850746a0    00000360     stk6_ppp_pppoe.ae66 : icmpv6out.oe66 (.text:ICMPv6SendParameterProblem)
                  85074a00    00000360                         : ipv6_frag.oe66 (.text:IPv6FragReasm)
                  85074d60    00000360                         : lliout.oe66 (.text:LLITxIpPacket)
                  850750c0    00000360     IFD_pe66.oe66 (.text:xdc_runtime_System_printfExtend__I)
                  85075420    00000340     ti.drv.pa.ae66 : painit.oe66 (.text:Pa_create)
                  85075760    00000340     ti.drv.qmss.ae66 : qmss_drv.oe66 (.text:Qmss_init)
                  85075aa0    00000340     os.ae66 : mem.oe66 (.text:mmAlloc)
                  85075de0    00000340     stk6_ppp_pppoe.ae66 : nimupppoe.oe66 (.text:pppoeSI)
                  85076120    00000320     nettool.ae66 : config.oe66 (.text:CfgAddEntry)
                  85076440    00000320     stk6_ppp_pppoe.ae66 : icmpv6_ndisc.oe66 (.text:ICMPv6RecvRedirect)
                  85076760    00000320                         : nimupppoe.oe66 (.text:SendServerMsg)
                  85076a80    00000320     rts6600_elf.lib : _printfi.obj (.text:_pproc_fge)
                  85076da0    00000320     nettool.ae66 : telnetd.oe66 (.text:telnet_engine)
                  850770c0    00000300     stk6_ppp_pppoe.ae66 : icmpv6_ndisc.oe66 (.text:ICMPv6RecvNS)
                  850773c0    00000300                         : icmpv6out.oe66 (.text:ICMPv6SendDstUnreachable)
                  850776c0    00000300                         : icmpv6out.oe66 (.text:ICMPv6SendTimeExceeded)
                  850779c0    00000300     netctrl.ae66 : netctrl.oe66 (.text:NetScheduler)
                  85077cc0    00000300     stk6_ppp_pppoe.ae66 : sock6pcb.oe66 (.text:Sock6PcbBind)
                  85077fc0    00000300                         : udp6.oe66 (.text:Udp6Input)
                  850782c0    00000300     nettool.ae66 : inetaddr.oe66 (.text:inet_aton)
                  850785c0    00000300     platform_osal.obj (.text)
                  850788c0    00000300     sysbios.lib : BIOS.obj (.text:ti_sysbios_family_c64p_Hwi_dispatchC__I)
                  85078bc0    000002e0     stk6_ppp_pppoe.ae66 : ipv6_frag.oe66 (.text:IPv6FragQEnqueueFrag)
                  85078ea0    000002e0     ti.drv.pa.ae66 : pa.oe66 (.text:Pa_forwardResult)
                  85079180    000002e0     stk6_ppp_pppoe.ae66 : route6.oe66 (.text:Rt6Find)
                  85079460    000002e0                         : nimupppoe.oe66 (.text:SendClientMsg)
                  85079740    000002e0                         : udp.oe66 (.text:UdpOutput)
                  85079a20    000002e0     rts6600_elf.lib : _printfi.obj (.text:_pproc_fwp)
                  85079d00    000002e0     sysbios.lib : BIOS.obj (.text:ti_sysbios_knl_Task_Module_startup__F)
                  85079fe0    000002c0     stk6_ppp_pppoe.ae66 : bind.oe66 (.text:BindNew)
                  8507a2a0    000002c0                         : sb6.oe66 (.text:SB6Read)
                  8507a560    000002c0                         : sock6pcb.oe66 (.text:Sock6PcbResolve)
                  8507a820    000002c0                         : udp6.oe66 (.text:Udp6Output)
                  8507aae0    000002c0     rts6600_elf.lib : cos.obj (.text:cos)
                  8507ada0    000002c0     stk6_ppp_pppoe.ae66 : nimuppp.oe66 (.text:pppInput)
                  8507b060    000002a0                         : ipv6_exthdrs.oe66 (.text:IPv6ParseExtnHeaders)
                  8507b300    000002a0                         : node.oe66 (.text:NodeAdd)
                  8507b5a0    000002a0                         : route6.oe66 (.text:Rt6Free)
                  8507b840    000002a0                         : rtable.oe66 (.text:RtFind)
                  8507bae0    000002a0                         : sock6pcb.oe66 (.text:Sock6PcbFind)
                  8507bd80    000002a0                         : sock.oe66 (.text:SockClose)
                  8507c020    000002a0                         : tcp6prot.oe66 (.text:TCP6PrSetOption)
                  8507c2c0    000002a0                         : tcpprot.oe66 (.text:TcpPrSetOption)
                  8507c560    000002a0     rts6600_elf.lib : _printfi.obj (.text:fcvt)
                  8507c800    000002a0     sysbios.lib : BIOS.obj (.text:ti_sysbios_family_c66_tci66xx_CpIntc_Module_startup__F)
                  8507caa0    000002a0                 : BIOS.obj (.text:ti_sysbios_knl_Clock_workFunc__E)
                  8507cd40    000002a0                 : BIOS.obj (.text:ti_sysbios_knl_Task_sleep__E)
                  8507cfe0    00000280     nettool.ae66 : dhcpmain.oe66 (.text:DHCPOpen)
                  8507d260    00000280     stk6_ppp_pppoe.ae66 : icmp.oe66 (.text:ICMPGenPacket)
                  8507d4e0    00000280                         : icmpv6in.oe66 (.text:ICMPv6RecvEchoRequest)
                  8507d760    00000280                         : lli6.oe66 (.text:LLI6NeighUnreachStateMachine)
                  8507d9e0    00000280                         : sockpcb.oe66 (.text:SockPcbResolve)
                  8507dc60    00000280                         : tcp6out.oe66 (.text:TCP6GenPacket)
                  8507dee0    00000280     rts6600_elf.lib : divf.obj (.text:__c6xabi_divf)
                  8507e160    00000280     sysbios.lib : BIOS.obj (.text:deviceConfig$44)
                  8507e3e0    00000280     rts6600_elf.lib : _printfi.obj (.text:ecvt)
                  8507e660    00000280     stk6_ppp_pppoe.ae66 : ipcp.oe66 (.text:ipcpSendCfg)
                  8507e8e0    00000280                         : lcp.oe66 (.text:lcpSendCfg)
                  8507eb60    00000280     rts6600_elf.lib : sin.obj (.text:sin)
                  8507ede0    00000280     sysbios.lib : BIOS.obj (.text:ti_sysbios_knl_Clock_Instance_init__F)
                  8507f060    00000280                 : BIOS.obj (.text:ti_sysbios_knl_Task_exit__E)
                  8507f2e0    00000280     ti.targets.rts6000.ae66 : Core-mem.oe66 (.text:xdc_runtime_Core_createObject__I)
                  8507f560    00000280                             : Error.oe66 (.text:xdc_runtime_Error_raiseX__F)
                  8507f7e0    00000260     stk6_ppp_pppoe.ae66 : icmpv6_ndisc.oe66 (.text:ICMPv6SendNA)
                  8507fa40    00000260                         : icmpv6_ndisc.oe66 (.text:ICMPv6SendNS)
                  8507fca0    00000260                         : lli6.oe66 (.text:LLI6TxIPPacket)
                  8507ff00    00000260                         : nimu.oe66 (.text:NIMUReceivePacket)
                  85080160    00000260                         : rawethsock.oe66 (.text:RawEthSockSet)
                  850803c0    00000260                         : sb6.oe66 (.text:SB6Write)
                  85080620    00000260                         : sb.oe66 (.text:SBWrite)
                  85080880    00000260                         : sock6.oe66 (.text:Sock6Close)
                  85080ae0    00000260                         : sockpcb.oe66 (.text:SockPcbBind)
                  85080d40    00000260     nettool.ae66 : httppars.oe66 (.text:httpParseRecv)
                  85080fa0    00000260     ti.targets.rts6000.ae66 : Startup.oe66 (.text:xdc_runtime_Startup_startMods__I)
                  85081200    00000240     ti.drv.cppi.ae66 : cppi_drv.oe66 (.text:Cppi_open)
                  85081440    00000240     nettool.ae66 : daemon.oe66 (.text:DaemonNew)
                  85081680    00000240     ti.drv.pa.ae66 : pa.oe66 (.text:Pa_resetControl)
                  850818c0    00000240     stk6_ppp_pppoe.ae66 : pipe.oe66 (.text:PipeRecv)
                  85081b00    00000240                         : raw.oe66 (.text:RawInput)
                  85081d40    00000240     rts6600_elf.lib : imath64.obj (.text:__c6xabi_divull)
                  85081f80    00000240                     : _printfi.obj (.text:_pconv_e)
                  850821c0    00000240                     : _printfi.obj (.text:_pproc_diouxp)
                  85082400    00000240     nettool.ae66 : dhcpsm.oe66 (.text:dhcpIPAdd)
                  85082640    00000240                  : dhcpsm.oe66 (.text:dhcpState)
                  85082880    00000240     sysbios.lib : BIOS.obj (.text:ti_sysbios_family_c64p_Exception_internalHandler__I)
                  85082ac0    00000240                 : BIOS.obj (.text:ti_sysbios_knl_Semaphore_post__E)
                  85082d00    00000240                 : BIOS.obj (.text:ti_sysbios_utils_Load_taskDeleteHook__E)
                  85082f40    00000240     ti.targets.rts6000.ae66 : LoggerBuf.oe66 (.text:xdc_runtime_LoggerBuf_write8__F)
                  85083180    00000220     stk6_ppp_pppoe.ae66 : bind6.oe66 (.text:Bind6RunDAD)
                  850833a0    00000220                         : icmpv6_ndisc.oe66 (.text:ICMPv6RecvNA)
                  850835c0    00000220                         : igmp.oe66 (.text:IGMPJoinHostGroup)
                  850837e0    00000220                         : ipv6in.oe66 (.text:IPv6RxPacket)
                  85083a00    00000220                         : rawethsock.oe66 (.text:RawEthSockNew)
                  85083c20    00000220                         : sockpcb.oe66 (.text:SockPcbFind)
                  85083e40    00000220     rts6600_elf.lib : _printfi.obj (.text:_pproc_str)
                  85084060    00000220     nettool.ae66 : dhcppkt.oe66 (.text:dhcpVerifyMessage)
                  85084280    00000220     rts6600_elf.lib : fputc.obj (.text:fputc)
                  850844a0    00000220     nettool.ae66 : httpclie.oe66 (.text:httpGetAuthParams)
                  850846c0    00000220     sysbios.lib : BIOS.obj (.text:ti_sysbios_family_c64p_Hwi_reconfig__E)
                  850848e0    00000220                 : BIOS.obj (.text:ti_sysbios_knl_Swi_run__I)
                  85084b00    00000220                 : BIOS.obj (.text:ti_sysbios_knl_Task_schedule__I)
                  85084d20    00000220                 : BIOS.obj (.text:ti_sysbios_knl_Task_startup__E)
                  85084f40    00000200     stk6_ppp_pppoe.ae66 : ipv6_frag.oe66 (.text:IPv6ParseFragHdr)
                  85085140    00000200                         : lli6.oe66 (.text:LLI6New)
                  85085340    00000200     ti.drv.qmss.ae66 : qmss_drv.oe66 (.text:Qmss_internalQueueOpen)
                  85085540    00000200                      : qmss_acc.oe66 (.text:Qmss_programAccumulator)
                  85085740    00000200     stk6_ppp_pppoe.ae66 : rtc.oe66 (.text:RTCReport)
                  85085940    00000200                         : raw6.oe66 (.text:Raw6Output)
                  85085b40    00000200                         : rawethsock.oe66 (.text:RawEthSockGet)
                  85085d40    00000200     rts6600_elf.lib : _printfi.obj (.text:_pconv_g)
                  85085f40    00000200     sysbios.lib : c64p_Hwi_disp_always.obj (.text:_ti_sysbios_family_c64p_Hwi_dispatchAlways)
                  85086140    00000200     stk6_ppp_pppoe.ae66 : socket.oe66 (.text:accept)
                  85086340    00000200     sysbios.lib : BIOS.obj (.text:block$56)
                  85086540    00000200     ti.drv.cppi.ae66 : cppi_heap.oe66 (.text:cppi_internal_heap_add)
                  85086740    00000200     stk6_ppp_pppoe.ae66 : nimupppoe.oe66 (.text:pppoeCtrlMsg)
                  85086940    00000200     rts6600_elf.lib : setvbuf.obj (.text:setvbuf)
                  85086b40    000001e0     stk6_ppp_pppoe.ae66 : igmp.oe66 (.text:IGMPSendReply)
                  85086d20    000001e0                         : route6.oe66 (.text:Rt6Modify)
                  85086f00    000001e0                         : sock6pcb.oe66 (.text:Sock6PcbFindRaw)
                  850870e0    000001e0                         : tcpout.oe66 (.text:TcpGenPacket)
                  850872c0    000001e0                         : auth.oe66 (.text:chapSendMsg)
                  850874a0    000001e0     nettool.ae66 : dhcpsock.oe66 (.text:dhcpSocketOpen)
                  85087680    000001e0     dsplib.ae66 : DSPF_sp_iir.obj (.text:optimized)
                  85087860    000001e0     stk6_ppp_pppoe.ae66 : socket.oe66 (.text:sendto)
                  85087a40    000001e0     sysbios.lib : BIOS.obj (.text:ti_sysbios_knl_Task_postInit__I)
                  85087c20    000001e0                 : BIOS.obj (.text:ti_sysbios_timers_timer64_Timer_getFreq__E)
                  85087e00    000001e0                 : BIOS.obj (.text:ti_sysbios_utils_Load_idleFxn__E)
                  85087fe0    000001c0     nettool.ae66 : config.oe66 (.text:CfgExecute)
                  850881a0    000001c0     ti.drv.cppi.ae66 : cppi_drv.oe66 (.text:Cppi_channelClose)
                  85088360    000001c0                      : cppi_drv.oe66 (.text:Cppi_initCfg)
                  85088520    000001c0     stk6_ppp_pppoe.ae66 : ip.oe66 (.text:IPGetRoute)
                  850886e0    000001c0                         : ipv6_exthdrs.oe66 (.text:IPv6ParseHopOptions)
                  850888a0    000001c0                         : lliout.oe66 (.text:LLIGenArpPacket)
                  85088a60    000001c0     ti.drv.qmss.ae66 : qmss_drv.oe66 (.text:Qmss_internaldownloadFirmware)
                  85088c20    000001c0     netctrl.ae66 : netsrv.oe66 (.text:SPIpNet)
                  85088de0    000001c0     stk6_ppp_pppoe.ae66 : tcptime.oe66 (.text:TcpTimeoutRexmt)
                  85088fa0    000001c0                         : lli.oe66 (.text:_LLITimeoutCheck)
                  85089160    000001c0     rts6600_elf.lib : _printfi.obj (.text:_mcpy)
                  85089320    000001c0                     : atan.obj (.text:atan)
                  850894e0    000001c0     nettool.ae66 : dhcpbild.oe66 (.text:dhcpBuildHeader)
                  850896a0    000001c0     stk6_ppp_pppoe.ae66 : fileuser.oe66 (.text:fdClose)
                  85089860    000001c0                         : socket.oe66 (.text:recvfrom)
                  85089a20    000001c0     sysbios.lib : BIOS.obj (.text:ti_sysbios_knl_Task_checkStacks__E)
                  85089be0    000001c0                 : BIOS.obj (.text:ti_sysbios_timers_timer64_Timer_setPeriodMicroSecs__E)
                  85089da0    000001a0     stk6_ppp_pppoe.ae66 : bind6.oe66 (.text:Bind6Msg)
                  85089f40    000001a0     nettool.ae66 : config.oe66 (.text:CfgRemoveEntry)
                  8508a0e0    000001a0     rts6600_elf.lib : trgdrv.obj (.text:HOSTrename)
                  8508a280    000001a0     stk6_ppp_pppoe.ae66 : icmpin.oe66 (.text:ICMPRevSrcRoute)
                  8508a420    000001a0                         : ipv6_frag.oe66 (.text:IPv6FragMsg)
                  8508a5c0    000001a0                         : ipv6_exthdrs.oe66 (.text:IPv6ParseRoutingHdr)
                  8508a760    000001a0     netctrl.ae66 : netctrl.oe66 (.text:NC_NetStart)
                  8508a900    000001a0     stk6_ppp_pppoe.ae66 : node.oe66 (.text:NodeTreeFree)
                  8508aaa0    000001a0     ti.drv.pa.ae66 : pa.oe66 (.text:Pa_downloadImage)
                  8508ac40    000001a0     stk6_ppp_pppoe.ae66 : raw6.oe66 (.text:Raw6Input)
                  8508ade0    000001a0                         : route6.oe66 (.text:Route6LifetimeMgmt)
                  8508af80    000001a0                         : sockint.oe66 (.text:SockCreatePacket)
                  8508b120    000001a0     nettool.ae66 : dhcpsm.oe66 (.text:StateRenewRebind)
                  8508b2c0    000001a0     stk6_ppp_pppoe.ae66 : tcp6time.oe66 (.text:TCP6TimeoutRexmt)
                  8508b460    000001a0     rts6600_elf.lib : imath40.obj (.text:__c6xabi_divul)
                  8508b600    000001a0     nettool.ae66 : dhcptags.oe66 (.text:dhcpBuildOptions)
                  8508b7a0    000001a0     stk6_ppp_pppoe.ae66 : socket.oe66 (.text:getpeername)
                  8508b940    000001a0     nettool.ae66 : telnetd.oe66 (.text:telnet_termdata)
                  8508bae0    000001a0     sysbios.lib : BIOS.obj (.text:ti_sysbios_family_c66_tci66xx_CpIntc_dispatch__F)
                  8508bc80    000001a0                 : BIOS.obj (.text:ti_sysbios_gates_GateMutex_enter__E)
                  8508be20    000001a0                 : BIOS.obj (.text:ti_sysbios_timers_timer64_Timer_start__E)
                  8508bfc0    000001a0     ti.targets.rts6000.ae66 : LoggerBuf.oe66 (.text:xdc_runtime_LoggerBuf_write4__F)
                  8508c160    00000180     stk6_ppp_pppoe.ae66 : bind6.oe66 (.text:Bind6GetGlobalAddress)
                  8508c2e0    00000180                         : igmp.oe66 (.text:IGMPMsg)
                  8508c460    00000180                         : nimu.oe66 (.text:NIMURegister)
                  8508c5e0    00000180     netctrl.ae66 : netsrv.oe66 (.text:ServiceScan)
                  8508c760    00000180                  : netsrv.oe66 (.text:ServiceSpawn)
                  8508c8e0    00000180     nettool.ae66 : dhcpsm.oe66 (.text:StateBound)
                  8508ca60    00000180     rts6600_elf.lib : copy_decompress_rle.obj (.text:__TI_decompress_rle_core)
                  8508cbe0    00000180                     : atan2.obj (.text:atan2)
                  8508cd60    00000180     stk6_ppp_pppoe.ae66 : socket.oe66 (.text:bind)
                  8508cee0    00000180     nettool.ae66 : dhcpbild.oe66 (.text:dhcpBuildRequest)
                  8508d060    00000180     rts6600_elf.lib : frexp.obj (.text:frexp)
                  8508d1e0    00000180     os.ae66 : task.oe66 (.text:llEnter)
                  8508d360    00000180     stk6_ppp_pppoe.ae66 : auth.oe66 (.text:papSendCfg)
                  8508d4e0    00000180     sysbios.lib : c64p_Exception_asm.obj (.text)
                  8508d660    00000180                 : BIOS.obj (.text:ti_sysbios_heaps_HeapBuf_Module_startup__F)
                  8508d7e0    00000180                 : BIOS.obj (.text:ti_sysbios_heaps_HeapMem_Instance_init__F)
                  8508d960    00000180                 : BIOS.obj (.text:ti_sysbios_knl_Swi_schedule__I)
                  8508dae0    00000180                 : BIOS.obj (.text:ti_sysbios_knl_Task_unblockI__E)
                  8508dc60    00000180     ti.targets.rts6000.ae66 : Text.oe66 (.text:xdc_runtime_Text_putSite__F)
                  8508dde0    00000160     nettool.ae66 : config.oe66 (.text:CfgGetEntry)
                  8508df40    00000160                  : config.oe66 (.text:CfgGetNextEntry)
                  8508e0a0    00000160     os.ae66 : ossys.oe66 (.text:DbgPrintf)
                  8508e200    00000160     stk6_ppp_pppoe.ae66 : igmp.oe66 (.text:IGMPDoMCast)
                  8508e360    00000160                         : nimu.oe66 (.text:NIMUIoctlSpecialCmd)
                  8508e4c0    00000160                         : pbm.oe66 (.text:PBM_free)
                  8508e620    00000160                         : nimuppp.oe66 (.text:PPPStop)
                  8508e780    00000160                         : pipe.oe66 (.text:PipeSend)
                  8508e8e0    00000160                         : raw.oe66 (.text:RawOutput)
                  8508ea40    00000160                         : rtable.oe66 (.text:RtTimeoutCheck)
                  8508eba0    00000160                         : rtable.oe66 (.text:RtWalkNext)
                  8508ed00    00000160     netctrl.ae66 : netsrv.oe66 (.text:SPRoute)
                  8508ee60    00000160     stk6_ppp_pppoe.ae66 : sock6.oe66 (.text:Sock6Check)
                  8508efc0    00000160                         : sock6int.oe66 (.text:Sock6CreatePacket)
                  8508f120    00000160                         : sock6pcb.oe66 (.text:Sock6PcbConnect)
                  8508f280    00000160                         : sock.oe66 (.text:SockCheck)
                  8508f3e0    00000160                         : sockpcb.oe66 (.text:SockPcbConnect)
                  8508f540    00000160     nettool.ae66 : dhcpsm.oe66 (.text:StateRequesting)
                  8508f6a0    00000160     stk6_ppp_pppoe.ae66 : tcp6time.oe66 (.text:TCP6TimeoutKeep)
                  8508f800    00000160                         : tcptime.oe66 (.text:TcpTimeoutKeep)
                  8508f960    00000160                         : auth.oe66 (.text:authInit)
                  8508fac0    00000160                         : socket.oe66 (.text:getsockopt)
                  8508fc20    00000160     nettool.ae66 : httpclie.oe66 (.text:httpExtractTag)
                  8508fd80    00000160                  : httpsend.oe66 (.text:httpSendErrorHTML)
                  8508fee0    00000160     stk6_ppp_pppoe.ae66 : socket.oe66 (.text:setsockopt)
                  85090040    00000160     rts6600_elf.lib : sqrt.obj (.text:sqrt)
                  850901a0    00000160     nettool.ae66 : telnetd.oe66 (.text:telnetClientProcess)
                  85090300    00000160     sysbios.lib : BIOS.obj (.text:ti_sysbios_utils_Load_taskCreateHook__E)
                  85090460    00000140     stk6_ppp_pppoe.ae66 : bind6.oe66 (.text:Bind6DADCheck)
                  850905a0    00000140                         : bind6.oe66 (.text:Bind6Free)
                  850906e0    00000140     ti.csl.ae66 : csl_chip.oe66 (.text:CSL_chipReadReg)
                  85090820    00000140     stk6_ppp_pppoe.ae66 : exec.oe66 (.text:ExecOpen)
                  85090960    00000140                         : icmp.oe66 (.text:ICMPSendRtAdv)
                  85090aa0    00000140                         : igmp.oe66 (.text:IGMPJoin)
                  85090be0    00000140                         : ipv6.oe66 (.text:IPv6DisplayIPAddress)
                  85090d20    00000140                         : lli6.oe66 (.text:LLI6Find)
                  85090e60    00000140                         : lli.oe66 (.text:LLINew)
                  85090fa0    00000140                         : node.oe66 (.text:NodeFind)
                  850910e0    00000140                         : node.oe66 (.text:NodeWalk)
                  85091220    00000140                         : pbm.oe66 (.text:PBM_alloc)
                  85091360    00000140                         : rtable.oe66 (.text:RtFlush)
                  850914a0    00000140                         : sb6.oe66 (.text:SB6New)
                  850915e0    00000140     netctrl.ae66 : netsrv.oe66 (.text:ServiceKill)
                  85091720    00000140     stk6_ppp_pppoe.ae66 : sock6.oe66 (.text:Sock6Accept)
                  85091860    00000140                         : sock6.oe66 (.text:Sock6Listen)
                  850919a0    00000140                         : sock.oe66 (.text:SockAccept)
                  85091ae0    00000140                         : sock.oe66 (.text:SockListen)
                  85091c20    00000140                         : sockpcb.oe66 (.text:SockPcbCtlError)
                  85091d60    00000140                         : tcp6prot.oe66 (.text:TCP6PrGetOption)
                  85091ea0    00000140                         : tcpprot.oe66 (.text:TcpPrGetOption)
                  85091fe0    00000140     boot.ae66 : autoinit.oe66 (.text:_auto_init_elf)
                  85092120    00000140     rts6600_elf.lib : _printfi.obj (.text:_pproc_fflags)
                  85092260    00000140     stk6_ppp_pppoe.ae66 : auth.oe66 (.text:authGetPassword)
                  850923a0    00000140     nettool.ae66 : dhcptags.oe66 (.text:dhcpDecodeType)
                  850924e0    00000140     rts6600_elf.lib : lowlev.obj (.text:getdevice)
                  85092620    00000140     nettool.ae66 : httpsend.oe66 (.text:httpAuthenticationReq)
                  85092760    00000140     os.ae66 : mem.oe66 (.text:mmCopy)
                  850928a0    00000140     stk6_ppp_pppoe.ae66 : socket.oe66 (.text:recv)
                  850929e0    00000140                         : socket.oe66 (.text:send)
                  85092b20    00000140     sysbios.lib : BIOS.obj (.text:ti_sysbios_family_c64p_Hwi_Module_startup__F)
                  85092c60    00000140                 : BIOS.obj (.text:ti_sysbios_family_c66_Cache_Module_startup__F)
                  85092da0    00000140                 : BIOS.obj (.text:ti_sysbios_knl_Clock_Instance_finalize__F)
                  85092ee0    00000140                 : BIOS.obj (.text:ti_sysbios_knl_Semaphore_Instance_init__F)
                  85093020    00000140                 : BIOS.obj (.text:ti_sysbios_knl_Swi_post__E)
                  85093160    00000140                 : BIOS.obj (.text:ti_sysbios_knl_Task_blockI__E)
                  850932a0    00000140                 : BIOS.obj (.text:ti_sysbios_knl_Task_yield__E)
                  850933e0    00000140                 : BIOS.obj (.text:ti_sysbios_utils_Load_addTask__E)
                  85093520    00000120     stk6_ppp_pppoe.ae66 : bind6.oe66 (.text:Bind6LifetimeMgmt)
                  85093640    00000120                         : bind.oe66 (.text:BindFree)
                  85093760    00000120     nettool.ae66 : config.oe66 (.text:CfgFree)
                  85093880    00000120                  : daemon.oe66 (.text:DaemonFree)
                  850939a0    00000120     stk6_ppp_pppoe.ae66 : file.oe66 (.text:FdWaitEvent)
                  85093ac0    00000120                         : igmp.oe66 (.text:IGMPLeaveHostGroup)
                  85093be0    00000120                         : ip.oe66 (.text:IPMsg)
                  85093d00    00000120                         : ipin.oe66 (.text:IPRouteIP)
                  85093e20    00000120                         : ipv6_frag.oe66 (.text:IPv6CreateFragQ)
                  85093f40    00000120                         : ipv6.oe66 (.text:IPv6Init)
                  85094060    00000120                         : icmpv6out.oe66 (.text:IsICMPv6ErrorPkt)
                  85094180    00000120                         : md5.oe66 (.text:MD5Update)
                  850942a0    00000120                         : mld.oe66 (.text:MLDJoinGroup)
                  850943c0    00000120     netctrl.ae66 : netctrl.oe66 (.text:NC_SystemOpen)
                  850944e0    00000120     stk6_ppp_pppoe.ae66 : nimu.oe66 (.text:NIMUAddEthernetHeader)
                  85094600    00000120     ti.drv.qmss.ae66 : qmss_acc.oe66 (.text:Qmss_disableAccumulator)
                  85094720    00000120     stk6_ppp_pppoe.ae66 : raweth.oe66 (.text:RawEthRxPacket)
                  85094840    00000120                         : raweth.oe66 (.text:RawEthTxPacket)
                  85094960    00000120                         : sb.oe66 (.text:SBNew)
                  85094a80    00000120     netctrl.ae66 : netsrv.oe66 (.text:SPConfig)
                  85094ba0    00000120                  : netsrv.oe66 (.text:SPService)
                  85094cc0    00000120     stk6_ppp_pppoe.ae66 : sock6.oe66 (.text:Sock6Disconnect)
                  85094de0    00000120                         : sock6.oe66 (.text:Sock6Shutdown)
                  85094f00    00000120                         : sockpcb.oe66 (.text:SockPcbFindRaw)
                  85095020    00000120                         : sock.oe66 (.text:SockShutdown)
                  85095140    00000120                         : tcp6prot.oe66 (.text:TCP6PrAttach)
                  85095260    00000120                         : tcpprot.oe66 (.text:TcpPrAttach)
                  85095380    00000120     nettool.ae66 : telnetd.oe66 (.text:TelnetOpen)
                  850954a0    00000120     stk6_ppp_pppoe.ae66 : rtable.oe66 (.text:_RtNodeInsert)
                  850955c0    00000120     rts6600_elf.lib : fclose.obj (.text:_closefile)
                  850956e0    00000120                     : _printfi.obj (.text:_ltostr)
                  85095800    00000120     os.ae66 : mem.oe66 (.text:_mmInit)
                  85095920    00000120     nettool.ae66 : daemon.oe66 (.text:dchild)
                  85095a40    00000120     stk6_ppp_pppoe.ae66 : fileuser.oe66 (.text:fdOpenSession)
                  85095b60    00000120     rts6600_elf.lib : fseek.obj (.text:fseek)
                  85095c80    00000120     nettool.ae66 : http.oe66 (.text:httpOpen)
                  85095da0    00000120                  : httpsend.oe66 (.text:httpSendStatusLine)
                  85095ec0    00000120     stk6_ppp_pppoe.ae66 : lcp.oe66 (.text:lcpOpen)
                  85095fe0    00000120                         : lcp.oe66 (.text:lcpReject)
                  85096100    00000120     sysbios.lib : BIOS.obj (.text:rtsUnlock$0)
                  85096220    00000120     stk6_ppp_pppoe.ae66 : socket.oe66 (.text:socket)
                  85096340    00000120     rts6600_elf.lib : sqrtf.obj (.text:sqrtf)
                  85096460    00000120     sysbios.lib : BIOS.obj (.text:ti_sysbios_knl_Mailbox_Module_startup__F)
                  85096580    00000120     ti.targets.rts6000.ae66 : LoggerBuf.oe66 (.text:xdc_runtime_LoggerBuf_setFilterLevel__F)
                  850966a0    00000120                             : Text.oe66 (.text:xdc_runtime_Text_putLab__F)
                  850967c0    00000100     nettool.ae66 : config.oe66 (.text:CfgNew)
                  850968c0    00000100                  : config.oe66 (.text:CfgSetExecuteOrder)
                  850969c0    00000100     rts6600_elf.lib : trgdrv.obj (.text:HOSTlseek)
                  85096ac0    00000100     stk6_ppp_pppoe.ae66 : igmp.oe66 (.text:IGMPTimer)
                  85096bc0    00000100                         : ipv6.oe66 (.text:IPv6GetSubnetMaskFromBits)
                  85096cc0    00000100                         : ipv6_frag.oe66 (.text:IPv6ReasmTimeout)
                  85096dc0    00000100                         : rtc.oe66 (.text:RTCMsg)
                  85096ec0    00000100                         : rawethsock.oe66 (.text:RawEthSockCheck)
                  85096fc0    00000100                         : route.oe66 (.text:RtRedirect)
                  850970c0    00000100                         : sockint.oe66 (.text:SockValidateRoute)
                  850971c0    00000100     nettool.ae66 : dhcpsm.oe66 (.text:StateSelecting)
                  850972c0    00000100     stk6_ppp_pppoe.ae66 : tcp6prot.oe66 (.text:TCP6PrInherit)
                  850973c0    00000100                         : tcp6time.oe66 (.text:TCP6XmitTimer)
                  850974c0    00000100                         : tcpprot.oe66 (.text:TcpPrInherit)
                  850975c0    00000100                         : tcptime.oe66 (.text:TcpXmitTimer)
                  850976c0    00000100                         : rtable.oe66 (.text:_RtNodeRemove)
                  850977c0    00000100     rts6600_elf.lib : _io_perm.obj (.text:_wrt_ok)
                  850978c0    00000100     stk6_ppp_pppoe.ae66 : file.oe66 (.text:fdint_unlockfd)
                  850979c0    00000100     sysbios.lib : BIOS.obj (.text:initDevice$44)
                  85097ac0    00000100     stk6_ppp_pppoe.ae66 : socket.oe66 (.text:listen)
                  85097bc0    00000100     os.ae66 : mem.oe66 (.text:mmFree)
                  85097cc0    00000100     stk6_ppp_pppoe.ae66 : nimuppp.oe66 (.text:pppAddClient)
                  85097dc0    00000100     sysbios.lib : BIOS.obj (.text:ti_sysbios_family_c64p_EventCombiner_dispatch__F)
                  85097ec0    00000100                 : BIOS.obj (.text:ti_sysbios_knl_Clock_startI__E)
                  85097fc0    00000100                 : BIOS.obj (.text:ti_sysbios_knl_Swi_restoreHwi__E)
                  850980c0    00000100     stk6_ppp_pppoe.ae66 : lliin.oe66 (.text:updateRtTable)
                  850981c0    00000100     ti.targets.rts6000.ae66 : Core-mem.oe66 (.text:xdc_runtime_Core_deleteObject__I)
                  850982c0    00000100                             : LoggerBuf.oe66 (.text:xdc_runtime_LoggerBuf_getFilterLevel__F)
                  850983c0    00000100                             : Startup.oe66 (.text:xdc_runtime_Startup_exec__F)
                  850984c0    00000100                             : Text.oe66 (.text:xdc_runtime_Text_putMod__F)
                  850985c0    00000100                             : Text.oe66 (.text:xdc_runtime_Text_visitRope2__I)
                  850986c0    000000e0     stk6_ppp_pppoe.ae66 : bind6.oe66 (.text:Bind6GetLinkLocalAddress)
                  850987a0    000000e0     nettool.ae66 : config.oe66 (.text:CfgGetEntryCnt)
                  85098880    000000e0                  : dhcpmain.oe66 (.text:DHCPClose)
                  85098960    000000e0     rts6600_elf.lib : trgdrv.obj (.text:HOSTopen)
                  85098a40    000000e0     stk6_ppp_pppoe.ae66 : igmp.oe66 (.text:IGMPLeave)
                  85098b20    000000e0                         : ipv6_frag.oe66 (.text:IPv6FindFragQ)
                  85098c00    000000e0                         : lli6.oe66 (.text:LLI6Msg)
                  85098ce0    000000e0                         : lli6.oe66 (.text:LLI6Update)
                  85098dc0    000000e0                         : mld.oe66 (.text:MLDFindMulticastNode)
                  85098ea0    000000e0                         : nimu.oe66 (.text:NIMUAllocateIndex)
                  85098f80    000000e0                         : nimu.oe66 (.text:NIMUAllocateName)
                  85099060    000000e0                         : node.oe66 (.text:NodeDeRef)
                  85099140    000000e0                         : node.oe66 (.text:NodeNew)
                  85099220    000000e0                         : node.oe66 (.text:NodeTreeNew)
                  85099300    000000e0                         : pbm.oe66 (.text:PBMQ_enq)
                  850993e0    000000e0                         : pbm.oe66 (.text:PBM_copy)
                  850994c0    000000e0                         : rawethsock.oe66 (.text:RawEthSockNotify)
                  850995a0    000000e0                         : rawethsock_pcb.oe66 (.text:RawEthSockPcbAttach)
                  85099680    000000e0                         : rawethsock.oe66 (.text:RawEthSockSend)
                  85099760    000000e0                         : route6.oe66 (.text:Route6Msg)
                  85099840    000000e0                         : route.oe66 (.text:RtDeRef)
                  85099920    000000e0                         : route.oe66 (.text:RtRemove)
                  85099a00    000000e0                         : sb.oe66 (.text:SBSetMax)
                  85099ae0    000000e0                         : sock6int.oe66 (.text:Sock6SpawnAbort)
                  85099bc0    000000e0                         : sock6int.oe66 (.text:Sock6ValidateRoute)
                  85099ca0    000000e0                         : sock.oe66 (.text:SockDisconnect)
                  85099d80    000000e0                         : sockint.oe66 (.text:SockSpawnAbort)
                  85099e60    000000e0                         : tcp6prot.oe66 (.text:TCP6PrDetach)
                  85099f40    000000e0                         : tcp6prot.oe66 (.text:TCP6PrDisconnect)
                  8509a020    000000e0                         : tcp6prot.oe66 (.text:TCP6ValidateMetrics)
                  8509a100    000000e0                         : tcpprot.oe66 (.text:TcpPrDetach)
                  8509a1e0    000000e0                         : tcpprot.oe66 (.text:TcpPrDisconnect)
                  8509a2c0    000000e0                         : tcpprot.oe66 (.text:TcpValidateMetrics)
                  8509a3a0    000000e0                         : timer.oe66 (.text:TimerListInsert)
                  8509a480    000000e0                         : udp.oe66 (.text:UdpChecksum)
                  8509a560    000000e0                         : vlan.oe66 (.text:VLANDeinit)
                  8509a640    000000e0                         : vlan.oe66 (.text:VLANReceivePacket)
                  8509a720    000000e0     nettool.ae66 : config.oe66 (.text:_CfgEntryScan)
                  8509a800    000000e0     stk6_ppp_pppoe.ae66 : lli.oe66 (.text:_LLIExpListInsert)
                  8509a8e0    000000e0                         : rtable.oe66 (.text:_RtExpListInsert)
                  8509a9c0    000000e0     rts6600_elf.lib : divi.obj (.text:__divi)
                  8509aaa0    000000e0                     : _printfi.obj (.text:_div)
                  8509ab80    000000e0                     : atoi.obj (.text:atoi)
                  8509ac60    000000e0                     : lowlev.obj (.text:close)
                  8509ad40    000000e0                     : copy_zero_init.obj (.text:decompress:ZI:__TI_zero_init)
                  8509ae20    000000e0     os.ae66 : efs.oe66 (.text:efs_internal_remove)
                  8509af00    000000e0     stk6_ppp_pppoe.ae66 : file.oe66 (.text:fdint_lockfd)
                  8509afe0    000000e0     rts6600_elf.lib : fflush.obj (.text:fflush)
                  8509b0c0    000000e0     nettool.ae66 : httpclie.oe66 (.text:httpGetMimeBits)
                  8509b1a0    000000e0     os.ae66 : task.oe66 (.text:llExit)
                  8509b280    000000e0     rts6600_elf.lib : ltoa.obj (.text:ltoa)
                  8509b360    000000e0                     : memset.obj (.text:memset)
                  8509b440    000000e0     os.ae66 : mem.oe66 (.text:mmBulkAlloc)
                  8509b520    000000e0     stk6_ppp_pppoe.ae66 : nimuppp.oe66 (.text:pppFree)
                  8509b600    000000e0     rts6600_elf.lib : printf.obj (.text:printf)
                  8509b6e0    000000e0     sysbios.lib : BIOS.obj (.text:ti_sysbios_family_c64p_Hwi_Instance_finalize__F)
                  8509b7c0    000000e0                 : BIOS.obj (.text:ti_sysbios_family_c64p_Hwi_Instance_init__F)
                  8509b8a0    000000e0     IFD_pe66.oe66 (.text:ti_sysbios_family_c64p_Hwi_Object__create__S)
                  8509b980    000000e0     IFD_pe66.oe66 (.text:ti_sysbios_hal_Hwi_Object__create__S)
                  8509ba60    000000e0     sysbios.lib : BIOS.obj (.text:ti_sysbios_knl_Clock_start__E)
                  8509bb40    000000e0                 : BIOS.obj (.text:ti_sysbios_timers_timer64_Timer_startup__E)
                  8509bc20    000000e0     ti.targets.rts6000.ae66 : Error.oe66 (.text:xdc_runtime_Error_print__F)
                  8509bd00    000000e0                             : Memory.oe66 (.text:xdc_runtime_Memory_alloc__F)
                  8509bde0    000000c0     rts6600_elf.lib : trgdrv.obj (.text:HOSTread)
                  8509bea0    000000c0                     : trgdrv.obj (.text:HOSTunlink)
                  8509bf60    000000c0                     : trgdrv.obj (.text:HOSTwrite)
                  8509c020    000000c0     stk6_ppp_pppoe.ae66 : icmpv6in.oe66 (.text:ICMPv6RecvDstUnreachable)
                  8509c0e0    000000c0                         : icmpv6in.oe66 (.text:ICMPv6SocketErrorInterface)
                  8509c1a0    000000c0                         : ipv6.oe66 (.text:IPv6Layer4ComputeChecksum)
                  8509c260    000000c0                         : lli.oe66 (.text:LLIGetValidTime)
                  8509c320    000000c0                         : lli.oe66 (.text:LLIMsg)
                  8509c3e0    000000c0                         : mld.oe66 (.text:MLDCreateMulticastNode)
                  8509c4a0    000000c0                         : mld.oe66 (.text:MLDLeaveGroup)
                  8509c560    000000c0                         : nimu.oe66 (.text:NIMUFindByName)
                  8509c620    000000c0     netctrl.ae66 : netsrv.oe66 (.text:NS_BootTask)
                  8509c6e0    000000c0     stk6_ppp_pppoe.ae66 : node.oe66 (.text:NodeUpdatePL)
                  8509c7a0    000000c0     nettool.ae66 : ipaddr.oe66 (.text:NtIfIdx2Ip)
                  8509c860    000000c0     ti.drv.qmss.ae66 : qmss_drv.oe66 (.text:Qmss_setEoiVector)
                  8509c920    000000c0     stk6_ppp_pppoe.ae66 : route6.oe66 (.text:Rt6FindDefaultRouter)
                  8509c9e0    000000c0                         : rtable.oe66 (.text:RtWalkBegin)
                  8509caa0    000000c0                         : sb6.oe66 (.text:SB6Flush)
                  8509cb60    000000c0                         : sb6.oe66 (.text:SB6SetMax)
                  8509cc20    000000c0                         : sb.oe66 (.text:SBFlush)
                  8509cce0    000000c0                         : sock6.oe66 (.text:Sock6IntAbort)
                  8509cda0    000000c0                         : sock6pcb.oe66 (.text:Sock6PcbResolveChain)
                  8509ce60    000000c0                         : sock6pcb.oe66 (.text:Sock6PcbRtChange)
                  8509cf20    000000c0                         : sock.oe66 (.text:SockIntAbort)
                  8509cfe0    000000c0                         : sockpcb.oe66 (.text:SockPcbRtChange)
                  8509d0a0    000000c0                         : tcp6prot.oe66 (.text:TCP6Close)
                  8509d160    000000c0                         : tcp6time.oe66 (.text:TCP6TimeoutSackRexmt)
                  8509d220    000000c0     os.ae66 : task.oe66 (.text:TaskGetEnv)
                  8509d2e0    000000c0     stk6_ppp_pppoe.ae66 : tcp.oe66 (.text:TcpChecksum)
                  8509d3a0    000000c0                         : tcpprot.oe66 (.text:TcpClose)
                  8509d460    000000c0                         : tcptime.oe66 (.text:TcpTimeoutSackRexmt)
                  8509d520    000000c0                         : bind6.oe66 (.text:_Bind6FindByHostInList)
                  8509d5e0    000000c0                         : bind6.oe66 (.text:_Bind6FindByNetInList)
                  8509d6a0    000000c0     rts6600_elf.lib : dtor_list.obj (.text:_Z11__TI_atexitPFYvPvES_S_)
                  8509d760    000000c0                     : dtor_list.obj (.text:__cxa_finalize)
                  8509d820    000000c0                     : divu.obj (.text:__divu)
                  8509d8e0    000000c0                     : remi.obj (.text:__remi)
                  8509d9a0    000000c0                     : fflush.obj (.text:_doflush)
                  8509da60    000000c0     ti.drv.cppi.ae66 : cppi_listlib.oe66 (.text:cppi_list_remove_node)
                  8509db20    000000c0     nettool.ae66 : dhcptags.oe66 (.text:dhcpOptionsClear)
                  8509dbe0    000000c0     os.ae66 : efs.oe66 (.text:efs_fopen)
                  8509dca0    000000c0     rts6600_elf.lib : exit.obj (.text:exit)
                  8509dd60    000000c0     nettool.ae66 : httpsend.oe66 (.text:httpSendFullResponse)
                  8509de20    000000c0     os.ae66 : mem.oe66 (.text:mmZeroInit)
                  8509dee0    000000c0     stk6_ppp_pppoe.ae66 : nimuppp.oe66 (.text:pppAddIP)
                  8509dfa0    000000c0     sysbios.lib : BIOS.obj (.text:ti_sysbios_BIOS_errorRaiseHook__I)
                  8509e060    000000c0                 : BIOS.obj (.text:ti_sysbios_heaps_HeapMem_getStats__E)
                  8509e120    000000c0                 : BIOS.obj (.text:ti_sysbios_knl_Clock_logTick__E)
                  8509e1e0    000000c0     IFD_pe66.oe66 (.text:ti_sysbios_knl_Task_Object__create__S)
                  8509e2a0    000000c0     sysbios.lib : BIOS.obj (.text:ti_sysbios_timers_timer64_Timer_stop__E)
                  8509e360    000000c0                 : BIOS.obj (.text:ti_sysbios_utils_Load_taskSwitchHook__E)
                  8509e420    000000c0     ti.targets.rts6000.ae66 : LoggerBuf.oe66 (.text:xdc_runtime_LoggerBuf_Instance_init__F)
                  8509e4e0    000000c0     IFD_pe66.oe66 (.text:xdc_runtime_LoggerBuf_Object__create__S)
                  8509e5a0    000000c0     ti.targets.rts6000.ae66 : System.oe66 (.text:xdc_runtime_System_formatNum__I)
                  8509e660    000000a0     nettool.ae66 : config.oe66 (.text:CfgEntryDeRef)
                  8509e700    000000a0                  : config.oe66 (.text:CfgEntryGetData)
                  8509e7a0    000000a0                  : config.oe66 (.text:CfgGetImmediate)
                  8509e840    000000a0                  : telnetd.oe66 (.text:CmdWriteBytes)
                  8509e8e0    000000a0                  : telnetd.oe66 (.text:CmdWriteCmd)
                  8509e980    000000a0     ti.drv.cppi.ae66 : cppi_drv.oe66 (.text:Cppi_channelEnable)
                  8509ea20    000000a0     stk6_ppp_pppoe.ae66 : file.oe66 (.text:FdSignalEvent)
                  8509eac0    000000a0     rts6600_elf.lib : trgdrv.obj (.text:HOSTclose)
                  8509eb60    000000a0     stk6_ppp_pppoe.ae66 : ipfrag.oe66 (.text:IPReasmFree)
                  8509ec00    000000a0                         : ipfrag.oe66 (.text:IPReasmTimeout)
                  8509eca0    000000a0                         : ipv6.oe66 (.text:IPv6CompareAddress)
                  8509ed40    000000a0                         : lliin.oe66 (.text:LLIValidateRoute)
                  8509ede0    000000a0                         : md5.oe66 (.text:MD5Final)
                  8509ee80    000000a0                         : nimu.oe66 (.text:NIMUShutdown)
                  8509ef20    000000a0                         : nimu.oe66 (.text:NIMUUnregister)
                  8509efc0    000000a0     nettool.ae66 : ipaddr.oe66 (.text:NtAddNetwork)
                  8509f060    000000a0     stk6_ppp_pppoe.ae66 : pbm.oe66 (.text:PBM_open)
                  8509f100    000000a0                         : pipe.oe66 (.text:PipeCheck)
                  8509f1a0    000000a0     ti.drv.qmss.ae66 : qmss_drv.oe66 (.text:Qmss_queueClose)
                  8509f240    000000a0                      : qmss_drv.oe66 (.text:Qmss_startCfg)
                  8509f2e0    000000a0     stk6_ppp_pppoe.ae66 : rtable.oe66 (.text:RouteMsg)
                  8509f380    000000a0                         : route.oe66 (.text:RtNew)
                  8509f420    000000a0                         : sb6.oe66 (.text:SB6Free)
                  8509f4c0    000000a0                         : sb.oe66 (.text:SBFree)
                  8509f560    000000a0     os.ae66 : semaphore.oe66 (.text:SemCreate)
                  8509f600    000000a0     stk6_ppp_pppoe.ae66 : sock6pcb.oe66 (.text:Sock6CleanPcb)
                  8509f6a0    000000a0                         : sock6.oe66 (.text:Sock6GetName)
                  8509f740    000000a0                         : sock.oe66 (.text:SockBind)
                  8509f7e0    000000a0                         : sockpcb.oe66 (.text:SockCleanPcb)
                  8509f880    000000a0                         : sockpcb.oe66 (.text:SockPcbResolveChain)
                  8509f920    000000a0                         : tcp6prot.oe66 (.text:TCP6Drop)
                  8509f9c0    000000a0                         : tcp6prot.oe66 (.text:TCP6PrCtlError)
                  8509fa60    000000a0                         : tcp6prot.oe66 (.text:TCP6PrSend)
                  8509fb00    000000a0                         : tcp6prot.oe66 (.text:TCP6PrSendOOB)
                  8509fba0    000000a0     os.ae66 : task.oe66 (.text:TaskCreate)
                  8509fc40    000000a0     stk6_ppp_pppoe.ae66 : tcpprot.oe66 (.text:TcpDrop)
                  8509fce0    000000a0                         : tcpprot.oe66 (.text:TcpPrCtlError)
                  8509fd80    000000a0                         : tcpprot.oe66 (.text:TcpPrSend)
                  8509fe20    000000a0                         : tcpprot.oe66 (.text:TcpPrSendOOB)
                  8509fec0    000000a0                         : timer.oe66 (.text:TimerNew)
                  8509ff60    000000a0     nettool.ae66 : config.oe66 (.text:_CfgRelease)
                  850a0000    000000a0     stk6_ppp_pppoe.ae66 : lli.oe66 (.text:_LLITimeoutFlush)
                  850a00a0    000000a0     rts6600_elf.lib : round.obj (.text:__c6xabi_nround)
                  850a0140    000000a0                     : remu.obj (.text:__remu)
                  850a01e0    000000a0     boot.ae66 : boot.oe66 (.text:_c_int00)
                  850a0280    000000a0     rts6600_elf.lib : fopen.obj (.text:_cleanup)
                  850a0320    000000a0                     : _printfi.obj (.text:_ecpy)
                  850a03c0    000000a0                     : _printfi.obj (.text:_fcpy)
                  850a0460    000000a0                     : _printfi.obj (.text:_pconv_f)
                  850a0500    000000a0     sysbios.lib : c64p_Hwi_asm.obj (.text:_ti_sysbios_family_c64p_Hwi_plug__E)
                  850a05a0    000000a0     stk6_ppp_pppoe.ae66 : auth.oe66 (.text:authStart)
                  850a0640    000000a0     ti.drv.cppi.ae66 : cppi_heap.oe66 (.text:cppi_internal_heap_malloc)
                  850a06e0    000000a0                      : cppi_listlib.oe66 (.text:cppi_list_cat)
                  850a0780    000000a0     nettool.ae66 : dhcpbild.oe66 (.text:dhcpBuildDecline)
                  850a0820    000000a0                  : dhcpsm.oe66 (.text:dhcpIPRemove)
                  850a08c0    000000a0     os.ae66 : efs.oe66 (.text:efs_filesend)
                  850a0960    000000a0     stk6_ppp_pppoe.ae66 : fileuser.oe66 (.text:fdCloseSession)
                  850a0a00    000000a0     rts6600_elf.lib : lowlev.obj (.text:finddevice)
                  850a0aa0    000000a0     stk6_ppp_pppoe.ae66 : lcp.oe66 (.text:lcpInit)
                  850a0b40    000000a0                         : lcp.oe66 (.text:lcpSendTerm)
                  850a0be0    000000a0     hal_timer_bios.ae66 : lltimer.oe66 (.text:llTimerTick)
                  850a0c80    000000a0     rts6600_elf.lib : lowlev.obj (.text:lseek)
                  850a0d20    000000a0                     : memcpy64.obj (.text:memcpy)
                  850a0dc0    000000a0     os.ae66 : mem.oe66 (.text:mmBulkFree)
                  850a0e60    000000a0             : mem.oe66 (.text:mmInitPage)
                  850a0f00    000000a0     rts6600_elf.lib : modf.obj (.text:modf)
                  850a0fa0    000000a0     ti.drv.pa.ae66 : pa.oe66 (.text:pa_format_fcmd_header)
                  850a1040    000000a0                    : pa.oe66 (.text:pa_pdsp_run)
                  850a10e0    000000a0     rts6600_elf.lib : strerror.obj (.text:strerror)
                  850a1180    000000a0     os.ae66 : ossys.oe66 (.text:stricmp)
                  850a1220    000000a0     rts6600_elf.lib : strstr.obj (.text:strstr)
                  850a12c0    000000a0     sysbios.lib : BIOS.obj (.text:ti_sysbios_heaps_HeapMem_init__I)
                  850a1360    000000a0     rts6600_elf.lib : lowlev.obj (.text:write)
                  850a1400    000000a0     ti.targets.rts6000.ae66 : Assert.oe66 (.text:xdc_runtime_Assert_raise__I)
                  850a14a0    000000a0                             : LoggerBuf.oe66 (.text:xdc_runtime_LoggerBuf_Module_startup__F)
                  850a1540    000000a0     IFD_pe66.oe66 (.text:xdc_runtime_LoggerBuf_write8__E)
                  850a15e0    00000080     ti.drv.cppi.ae66 : cppi_drv.oe66 (.text:Cppi_setCpdmaLoopback)
                  850a1660    00000080     stk6_ppp_pppoe.ae66 : md5.oe66 (.text:Decode)
                  850a16e0    00000080                         : icmp.oe66 (.text:ICMPChecksum)
                  850a1760    00000080                         : icmpv6in.oe66 (.text:ICMPv6RecvParamProblem)
                  850a17e0    00000080                         : icmpv6_ndisc.oe66 (.text:ICMPv6RecvRS)
                  850a1860    00000080                         : icmpv6in.oe66 (.text:ICMPv6RecvTimeExceeded)
                  850a18e0    00000080                         : ipv6out.oe66 (.text:IPv6GetRoute)
                  850a1960    00000080                         : lli6.oe66 (.text:LLI6Free)
                  850a19e0    00000080                         : lli6.oe66 (.text:LLI6IsRouterStatMachine)
                  850a1a60    00000080     netctrl.ae66 : netctrl.oe66 (.text:NC_SystemClose)
                  850a1ae0    00000080     stk6_ppp_pppoe.ae66 : nimu.oe66 (.text:NIMUInit)
                  850a1b60    00000080                         : pbm.oe66 (.text:PBMQ_deq)
                  850a1be0    00000080                         : nimuppp.oe66 (.text:PPPSend)
                  850a1c60    00000080     ti.drv.pa.ae66 : painit.oe66 (.text:Pa_getBufferReq)
                  850a1ce0    00000080     stk6_ppp_pppoe.ae66 : pipe.oe66 (.text:PipeClose)
                  850a1d60    00000080     ti.drv.qmss.ae66 : qmss_drv.oe66 (.text:Qmss_getMemRegQueueHandle)
                  850a1de0    00000080                      : qmss_drv.oe66 (.text:Qmss_queueOpen)
                  850a1e60    00000080     stk6_ppp_pppoe.ae66 : rawethsock.oe66 (.text:RawEthSockClose)
                  850a1ee0    00000080                         : rawethsock_pcb.oe66 (.text:RawEthSockPcbDetach)
                  850a1f60    00000080                         : route6.oe66 (.text:Rt6Update)
                  850a1fe0    00000080                         : route.oe66 (.text:RtSetFailure)
                  850a2060    00000080                         : route.oe66 (.text:RtSetTimeout)
                  850a20e0    00000080                         : sock6.oe66 (.text:Sock6Bind)
                  850a2160    00000080                         : sock6pcb.oe66 (.text:Sock6PcbCleanup)
                  850a21e0    00000080                         : sock.oe66 (.text:SockGetName)
                  850a2260    00000080                         : sockpcb.oe66 (.text:SockPcbCleanup)
                  850a22e0    00000080                         : sockpcb.oe66 (.text:SockPcbDetach)
                  850a2360    00000080                         : tcp6prot.oe66 (.text:TCP6PrListen)
                  850a23e0    00000080     os.ae66 : task.oe66 (.text:TaskSetEnv)
                  850a2460    00000080     stk6_ppp_pppoe.ae66 : tcpprot.oe66 (.text:TcpPrListen)
                  850a24e0    00000080                         : timer.oe66 (.text:TimerHSTick)
                  850a2560    00000080                         : timer.oe66 (.text:TimerListRemove)
                  850a25e0    00000080     nettool.ae66 : config.oe66 (.text:_CfgAcquire)
                  850a2660    00000080     stk6_ppp_pppoe.ae66 : lli.oe66 (.text:_LLIExpListRemove)
                  850a26e0    00000080                         : rtc.oe66 (.text:_RTCSendRtAdv)
                  850a2760    00000080                         : rtable.oe66 (.text:_RtExpListRemove)
                  850a27e0    00000080     rts6600_elf.lib : fixfu.obj (.text:__c6xabi_fixfu)
                  850a2860    00000080                     : llshift.obj (.text:__c6xabi_llshl)
                  850a28e0    00000080     sysbios.lib : c62_TaskSupport_asm.obj (.text:_ti_sysbios_family_c62_TaskSupport_swap__E)
                  850a2960    00000080     ti.drv.cppi.ae66 : cppi_heap.oe66 (.text:cppi_internal_heap_cache_begin)
                  850a29e0    00000080                      : cppi_listlib.oe66 (.text:cppi_list_remove)
                  850a2a60    00000080     nettool.ae66 : dhcpsock.oe66 (.text:dhcpSocketClose)
                  850a2ae0    00000080     os.ae66 : efs.oe66 (.text:efs_fclose)
                  850a2b60    00000080             : efs.oe66 (.text:efs_findfile)
                  850a2be0    00000080     stk6_ppp_pppoe.ae66 : file.oe66 (.text:fdint_waitevent)
                  850a2c60    00000080     nettool.ae66 : httpsend.oe66 (.text:httpSendEntityLength)
                  850a2ce0    00000080                  : httpsend.oe66 (.text:httpSendErrorResponse)
                  850a2d60    00000080     hal_timer_bios.ae66 : lltimer.oe66 (.text:llTimerGetTime)
                  850a2de0    00000080     IFD_pe66.oe66 (.text:malloc)
                  850a2e60    00000080     ti.drv.pa.ae66 : pa.oe66 (.text:pa_uint8_match)
                  850a2ee0    00000080     rts6600_elf.lib : trgmsg.obj (.text:readmsg)
                  850a2f60    00000080     nettool.ae66 : httpsend.oe66 (.text:strcat)
                  850a2fe0    00000080     ti.drv.pa.ae66 : pa.oe66 (.text:swizFcmd)
                  850a3060    00000080     sysbios.lib : BIOS.obj (.text:ti_sysbios_family_c62_TaskSupport_start__E)
                  850a30e0    00000080                 : BIOS.obj (.text:ti_sysbios_family_c64p_Exception_Module_startup__F)
                  850a3160    00000080                 : BIOS.obj (.text:ti_sysbios_family_c64p_Hwi_eventMap__E)
                  850a31e0    00000080                 : BIOS.obj (.text:ti_sysbios_family_c66_Cache_invL1pAll__E)
                  850a3260    00000080                 : BIOS.obj (.text:ti_sysbios_family_c66_tci66xx_CpIntc_getEventId__F)
                  850a32e0    00000080                 : BIOS.obj (.text:ti_sysbios_family_c66_tci66xx_CpIntc_mapSysIntToHostInt__F)
                  850a3360    00000080     IFD_pe66.oe66 (.text:ti_sysbios_gates_GateHwi_Object__create__S)
                  850a33e0    00000080     IFD_pe66.oe66 (.text:ti_sysbios_gates_GateMutex_Object__create__S)
                  850a3460    00000080     sysbios.lib : BIOS.obj (.text:ti_sysbios_hal_Hwi_checkStack:ti_sysbios_hal_Hwi_checkStack)
                  850a34e0    00000080     IFD_pe66.oe66 (.text:ti_sysbios_heaps_HeapMem_Object__create__S)
                  850a3560    00000080     sysbios.lib : BIOS.obj (.text:ti_sysbios_knl_Clock_Module_startup__F)
                  850a35e0    00000080     IFD_pe66.oe66 (.text:ti_sysbios_knl_Clock_Object__create__S)
                  850a3660    00000080     sysbios.lib : BIOS.obj (.text:ti_sysbios_knl_Clock_getTicks__E)
                  850a36e0    00000080                 : BIOS.obj (.text:ti_sysbios_knl_Idle_loop__E)
                  850a3760    00000080     IFD_pe66.oe66 (.text:ti_sysbios_knl_Queue_Object__create__S)
                  850a37e0    00000080     IFD_pe66.oe66 (.text:ti_sysbios_knl_Semaphore_Object__create__S)
                  850a3860    00000080     sysbios.lib : BIOS.obj (.text:ti_sysbios_knl_Semaphore_pendTimeout__I)
                  850a38e0    00000080                 : BIOS.obj (.text:ti_sysbios_knl_Swi_startup__E)
                  850a3960    00000080                 : BIOS.obj (.text:ti_sysbios_knl_Task_deleteTerminatedTasksFunc__I)
                  850a39e0    00000080                 : BIOS.obj (.text:ti_sysbios_knl_Task_restore__E)
                  850a3a60    00000080                 : BIOS.obj (.text:ti_sysbios_timers_timer64_Timer_getCount__E)
                  850a3ae0    00000080                 : BIOS.obj (.text:ti_sysbios_timers_timer64_Timer_getPeriod__E)
                  850a3b60    00000080     rts6600_elf.lib : lowlev.obj (.text:unlink)
                  850a3be0    00000080     ti.targets.rts6000.ae66 : Core-label.oe66 (.text:xdc_runtime_Core_assignLabel__I)
                  850a3c60    00000080                             : Core-params.oe66 (.text:xdc_runtime_Core_assignParams__I)
                  850a3ce0    00000080                             : LoggerBuf.oe66 (.text:xdc_runtime_LoggerBuf_filterOutEvent__I)
                  850a3d60    00000080                             : System.oe66 (.text:xdc_runtime_System_atexit__F)
                  850a3de0    00000080                             : System.oe66 (.text:xdc_runtime_System_rtsExit__I)
                  850a3e60    00000080                             : Text.oe66 (.text:xdc_runtime_Text_printVisFxn__I)
                  850a3ee0    00000080                             : Text.oe66 (.text:xdc_runtime_Text_xprintf__I)
                  850a3f60    00000060     stk6_ppp_pppoe.ae66 : bind6.oe66 (.text:Bind6FindByIF)
                  850a3fc0    00000060                         : bind6.oe66 (.text:Bind6IF2IPHost)
                  850a4020    00000060                         : bind.oe66 (.text:BindFindByHost)
                  850a4080    00000060                         : bind.oe66 (.text:BindFindByIF)
                  850a40e0    00000060                         : bind.oe66 (.text:BindFindByNet)
                  850a4140    00000060                         : bind.oe66 (.text:BindGetIFByDBCast)
                  850a41a0    00000060                         : bind.oe66 (.text:BindIF2IPHost)
                  850a4200    00000060     nettool.ae66 : config.oe66 (.text:CfgEntryInfo)
                  850a4260    00000060                  : config.oe66 (.text:CfgSetService)
                  850a42c0    00000060     stk6_ppp_pppoe.ae66 : md5.oe66 (.text:Encode)
                  850a4320    00000060                         : exec.oe66 (.text:ExecBroadcast)
                  850a4380    00000060                         : igmp.oe66 (.text:IGMPTestGroup)
                  850a43e0    00000060                         : ip.oe66 (.text:IPChecksum)
                  850a4440    00000060                         : lli.oe66 (.text:LLIFree)
                  850a44a0    00000060                         : nimu.oe66 (.text:NIMUAddHeader)
                  850a4500    00000060                         : nimu.oe66 (.text:NIMUCreatePacket)
                  850a4560    00000060                         : nimu.oe66 (.text:NIMUFindByIndex)
                  850a45c0    00000060                         : nimu.oe66 (.text:NIMUPacketService)
                  850a4620    00000060                         : nimu.oe66 (.text:NIMUPacketServiceCheck)
[...]
851132a8   ti_sysbios_knl_Queue_Object__DESC__C
851132c8   ti_sysbios_knl_Semaphore_Object__DESC__C
851132e8   ti_sysbios_knl_Task_Object__DESC__C
85113308   xdc_runtime_LoggerBuf_Object__DESC__C
85113382   ti_sysbios_knl_Clock_Module__id__C
85113384   ti_sysbios_family_c62_TaskSupport_stackAlignment__C
85113388   ti_sysbios_family_c66_tci66xx_CpIntc_eventId__A
851133a2   ti_sysbios_knl_Clock_Module__loggerDefined__C
851133a4   ti_sysbios_family_c64p_EventCombiner_E_unpluggedEvent__C
851133a8   ti_sysbios_family_c66_tci66xx_CpIntc_hostIntToEventId_0__A
851133c2   ti_sysbios_knl_Semaphore_Module__id__C
851133c4   ti_sysbios_family_c64p_Exception_E_exceptionMin__C
851133c8   ti_sysbios_family_c66_tci66xx_CpIntc_hostIntToEventId_1__A
851133e2   ti_sysbios_knl_Semaphore_Module__loggerDefined__C
851133e4   ti_sysbios_family_c64p_Exception_exceptionHook__C
851133e8   ti_sysbios_family_c66_tci66xx_CpIntc_hostIntToEventId_2__A
85113402   ti_sysbios_knl_Swi_Module__id__C
85113404   ti_sysbios_family_c64p_Exception_externalHook__C
85113408   ti_sysbios_family_c66_tci66xx_CpIntc_hostIntToEventId_3__A
85113422   ti_sysbios_knl_Swi_Module__loggerDefined__C
85113424   ti_sysbios_family_c64p_Exception_internalHook__C
85113428   ti_sysbios_family_c66_tci66xx_CpIntc_hostIntToEventId_4__A
85113442   ti_sysbios_knl_Task_Module__id__C
85113444   ti_sysbios_family_c64p_Exception_nmiHook__C
85113448   ti_sysbios_family_c66_tci66xx_CpIntc_hostIntToEventId_5__A
85113462   ti_sysbios_knl_Task_Module__loggerDefined__C
85113464   ti_sysbios_family_c64p_Hwi_E_alreadyDefined__C
85113468   ti_sysbios_family_c66_tci66xx_CpIntc_hostIntToEventId_6__A
85113482   ti_sysbios_knl_Task_deleteTerminatedTasks__C
85113484   ti_sysbios_family_c64p_Hwi_E_handleNotFound__C
85113488   ti_sysbios_family_c66_tci66xx_CpIntc_hostIntToEventId_7__A
851134a2   ti_sysbios_knl_Task_initStackFlag__C
851134a4   ti_sysbios_family_c64p_Hwi_LD_end__C
851134f0   ti_sysbios_family_c64p_MemoryProtect_dmcCtrl__C
85113508   ti_sysbios_family_c64p_MemoryProtect_pmcCtrl__C
85113520   ti_sysbios_family_c64p_MemoryProtect_umcCtrl__C
85113538   ti_sysbios_gates_GateHwi_Object__PARAMS__C
85113550   ti_sysbios_gates_GateMutex_Object__PARAMS__C
85113568   ti_sysbios_knl_Queue_Object__PARAMS__C
85113602   ti_sysbios_timers_timer64_Timer_Module__id__C
85113604   ti_sysbios_family_c64p_Hwi_LM_begin__C
85113608   paMemAligns
85113618   CSR_LOCAL_DEVICEID_16BIT
8511361c   CSR_LOCAL_DEVICEID_8BIT
85113620   REMOTE_DEVICEID_16BIT
85113624   REMOTE_DEVICEID_8BIT
85113628   ti_sysbios_family_c64p_EventCombiner_EVTMASK__C
85113646   ti_sysbios_timers_timer64_Timer_startupNeeded__C
85113654   ti_sysbios_family_c66_Cache_initSize__C
85113660   ti_sysbios_knl_Idle_funcList__A
85113688   ti_sysbios_knl_Idle_funcList__C
85113690   ti_sysbios_knl_Task_hooks__C
85113698   xdc_runtime_Startup_firstFxns__A
851136a0   xdc_runtime_Startup_firstFxns__C
851136a8   xdc_runtime_Startup_lastFxns__C
851136b6   ti_sysbios_utils_Load_Module__id__C
851136be   ti_sysbios_utils_Load_Module__loggerDefined__C
851136c6   ti_sysbios_utils_Load_autoAddTasks__C
851136c8   ti_sysbios_family_c64p_Hwi_Module__diagsEnabled__C
851136cc   ti_sysbios_family_c64p_Hwi_Module__diagsIncluded__C
851136d0   ti_sysbios_family_c64p_Hwi_Module__diagsMask__C
851136d4   ti_sysbios_family_c64p_Hwi_Module__loggerFxn1__C
851136d8   ti_sysbios_family_c64p_Hwi_Module__loggerFxn8__C
851136dc   ti_sysbios_family_c64p_Hwi_Module__loggerObj__C
851136e0   ti_sysbios_family_c66_Cache_atomicBlockSize__C
851136e4   ti_sysbios_family_c66_tci66xx_CpIntc_E_unpluggedSysInt__C
851136e8   ti_sysbios_family_c66_tci66xx_CpIntc_eventId__C
851136ec   ti_sysbios_family_c66_tci66xx_CpIntc_hostIntToEventId__C
851136f0   ti_sysbios_family_c66_tci66xx_CpIntc_numEvents__C
851136f4   ti_sysbios_family_c66_tci66xx_CpIntc_numStatusRegs__C
851136f8   ti_sysbios_family_c66_tci66xx_CpIntc_numSysInts__C
851136fc   ti_sysbios_family_c66_tci66xx_CpIntc_sysIntToHostInt__C
85113700   ti_sysbios_gates_GateMutex_A_badContext__C
85113704   ti_sysbios_gates_GateMutex_Instance_State_sem__O
85113708   ti_sysbios_gates_GateMutex_Module__diagsEnabled__C
8511370c   ti_sysbios_gates_GateMutex_Module__diagsIncluded__C
85113710   ti_sysbios_gates_GateMutex_Module__diagsMask__C
85113714   ti_sysbios_hal_Hwi_E_stackOverflow__C
85113718   ti_sysbios_heaps_HeapBuf_Instance_State_freeList__O
8511371c   ti_sysbios_heaps_HeapBuf_Object__count__C
85113720   ti_sysbios_heaps_HeapBuf_Object__table__C
85113724   ti_sysbios_heaps_HeapBuf_numConstructedHeaps__C
85113728   ti_sysbios_heaps_HeapMem_A_align__C
8511372c   ti_sysbios_heaps_HeapMem_A_heapSize__C
85113730   ti_sysbios_heaps_HeapMem_A_invalidFree__C
85113734   ti_sysbios_heaps_HeapMem_A_zeroBlock__C
85113738   ti_sysbios_heaps_HeapMem_E_memory__C
8511373c   ti_sysbios_heaps_HeapMem_Module__diagsEnabled__C
85113740   ti_sysbios_heaps_HeapMem_Module__diagsIncluded__C
85113744   ti_sysbios_heaps_HeapMem_Module__diagsMask__C
85113748   ti_sysbios_heaps_HeapMem_Module__gateObj__C
8511374c   ti_sysbios_heaps_HeapMem_Object__count__C
85113750   ti_sysbios_heaps_HeapMem_Object__table__C
85113754   ti_sysbios_heaps_HeapMem_reqAlignMask__C
85113758   ti_sysbios_heaps_HeapMem_reqAlign__C
8511375c   ti_sysbios_knl_Clock_A_badThreadType__C
85113760   ti_sysbios_knl_Clock_LM_begin__C
85113764   ti_sysbios_knl_Clock_LM_tick__C
85113768   ti_sysbios_knl_Clock_LW_delayed__C
8511376c   ti_sysbios_knl_Clock_Module_State_clockQ__O
85113770   ti_sysbios_knl_Clock_Module__diagsEnabled__C
85113774   ti_sysbios_knl_Clock_Module__diagsIncluded__C
85113778   ti_sysbios_knl_Clock_Module__diagsMask__C
8511377c   ti_sysbios_knl_Clock_Module__loggerFxn1__C
85113780   ti_sysbios_knl_Clock_Module__loggerFxn2__C
85113784   ti_sysbios_knl_Clock_Module__loggerObj__C
85113788   ti_sysbios_knl_Clock_tickMode__C
8511378c   ti_sysbios_knl_Clock_tickSource__C
85113790   ti_sysbios_knl_Mailbox_Instance_State_freeQue__O
85113794   ti_sysbios_knl_Mailbox_Object__count__C
85113798   ti_sysbios_knl_Mailbox_Object__table__C
8511379c   ti_sysbios_knl_Queue_Object__count__C
851137a0   ti_sysbios_knl_Queue_Object__table__C
851137a4   ti_sysbios_knl_Semaphore_A_badContext__C
851137a8   ti_sysbios_knl_Semaphore_A_noEvents__C
851137ac   ti_sysbios_knl_Semaphore_A_overflow__C
851137b0   ti_sysbios_knl_Semaphore_Instance_State_pendQ__O
851137b4   ti_sysbios_knl_Semaphore_LM_pend__C
851137b8   ti_sysbios_knl_Semaphore_LM_post__C
851137bc   ti_sysbios_knl_Semaphore_Module__diagsEnabled__C
851137c0   ti_sysbios_knl_Semaphore_Module__diagsIncluded__C
851137c4   ti_sysbios_knl_Semaphore_Module__diagsMask__C
851137c8   ti_sysbios_knl_Semaphore_Module__loggerFxn2__C
851137cc   ti_sysbios_knl_Semaphore_Module__loggerFxn4__C
851137d0   ti_sysbios_knl_Semaphore_Module__loggerObj__C
851137d4   ti_sysbios_knl_Swi_LD_end__C
851137d8   ti_sysbios_knl_Swi_LM_begin__C
851137dc   ti_sysbios_knl_Swi_LM_post__C
851137e0   ti_sysbios_knl_Swi_Module__diagsEnabled__C
851137e4   ti_sysbios_knl_Swi_Module__diagsIncluded__C
851137e8   ti_sysbios_knl_Swi_Module__diagsMask__C
851137ec   ti_sysbios_knl_Swi_Module__loggerFxn1__C
851137f0   ti_sysbios_knl_Swi_Module__loggerFxn4__C
851137f4   ti_sysbios_knl_Swi_Module__loggerObj__C
851137f8   ti_sysbios_knl_Swi_Object__count__C
851137fc   ti_sysbios_knl_Swi_Object__table__C
85113800   ti_sysbios_knl_Task_A_badPriority__C
85113804   ti_sysbios_knl_Task_A_badTaskState__C
85113808   ti_sysbios_knl_Task_A_badThreadType__C
8511380c   ti_sysbios_knl_Task_A_badTimeout__C
85113810   ti_sysbios_knl_Task_A_noPendElem__C
85113814   ti_sysbios_knl_Task_E_spOutOfBounds__C
85113818   ti_sysbios_knl_Task_E_stackOverflow__C
8511381c   ti_sysbios_knl_Task_LD_block__C
85113820   ti_sysbios_knl_Task_LD_exit__C
85113824   ti_sysbios_knl_Task_LD_ready__C
85113828   ti_sysbios_knl_Task_LM_setPri__C
8511382c   ti_sysbios_knl_Task_LM_sleep__C
85113830   ti_sysbios_knl_Task_LM_switch__C
85113834   ti_sysbios_knl_Task_LM_yield__C
85113838   ti_sysbios_knl_Task_Module_State_inactiveQ__O
8511383c   ti_sysbios_knl_Task_Module_State_terminatedQ__O
85113840   ti_sysbios_knl_Task_Module__diagsEnabled__C
85113844   ti_sysbios_knl_Task_Module__diagsIncluded__C
85113848   ti_sysbios_knl_Task_Module__diagsMask__C
8511384c   ti_sysbios_knl_Task_Module__loggerFxn2__C
85113850   ti_sysbios_knl_Task_Module__loggerFxn4__C
85113854   ti_sysbios_knl_Task_Module__loggerObj__C
85113858   ti_sysbios_knl_Task_Object__count__C
8511385c   ti_sysbios_knl_Task_Object__heap__C
85113860   ti_sysbios_knl_Task_Object__table__C
85113864   ti_sysbios_knl_Task_allBlockedFunc__C
85113868   ti_sysbios_knl_Task_defaultStackHeap__C
8511386c   ti_sysbios_knl_Task_defaultStackSize__C
85113870   ti_sysbios_knl_Task_numConstructedTasks__C
85113874   ti_sysbios_knl_Task_numPriorities__C
85113878   ti_sysbios_timers_timer64_Timer_A_notAvailable__C
8511387c   ti_sysbios_timers_timer64_Timer_E_cannotSupport__C
85113880   ti_sysbios_timers_timer64_Timer_Module__diagsEnabled__C
85113884   ti_sysbios_timers_timer64_Timer_Module__diagsIncluded__C
85113888   ti_sysbios_timers_timer64_Timer_Module__diagsMask__C
8511388c   ti_sysbios_timers_timer64_Timer_anyMask__C
85113890   ti_sysbios_timers_timer64_Timer_freqDivisor__C
85113894   ti_sysbios_timers_timer64_Timer_numLocalTimers__C
85113898   ti_sysbios_timers_timer64_Timer_numTimerDevices__C
8511389c   ti_sysbios_utils_Load_LS_cpuLoad__C
851138a0   ti_sysbios_utils_Load_LS_hwiLoad__C
851138a4   ti_sysbios_utils_Load_LS_swiLoad__C
851138a8   ti_sysbios_utils_Load_LS_taskLoad__C
851138ac   ti_sysbios_utils_Load_Module_State_gate__O
851138b0   ti_sysbios_utils_Load_Module_State_taskList__O
851138b4   ti_sysbios_utils_Load_Module__diagsEnabled__C
851138b8   ti_sysbios_utils_Load_Module__diagsIncluded__C
851138bc   ti_sysbios_utils_Load_Module__diagsMask__C
851138c0   ti_sysbios_utils_Load_Module__loggerFxn1__C
851138c4   ti_sysbios_utils_Load_Module__loggerFxn2__C
851138c8   ti_sysbios_utils_Load_Module__loggerFxn4__C
851138cc   ti_sysbios_utils_Load_Module__loggerObj__C
851138d0   ti_sysbios_utils_Load_postUpdate__C
851138d4   ti_sysbios_utils_Load_windowInMs__C
851138d8   xdc_runtime_Assert_E_assertFailed__C
851138dc   xdc_runtime_Core_A_initializedParams__C
851138e0   xdc_runtime_Core_Module__diagsEnabled__C
851138e4   xdc_runtime_Core_Module__diagsIncluded__C
851138e8   xdc_runtime_Core_Module__diagsMask__C
851138ec   xdc_runtime_Error_E_generic__C
851138f0   xdc_runtime_Error_E_memory__C
851138f4   xdc_runtime_Error_Module__diagsEnabled__C
851138f8   xdc_runtime_Error_Module__diagsIncluded__C
851138fc   xdc_runtime_Error_Module__diagsMask__C
85113900   xdc_runtime_Error_Module__loggerFxn8__C
85113904   xdc_runtime_Error_Module__loggerObj__C
85113908   xdc_runtime_Error_policy__C
8511390c   xdc_runtime_Error_raiseHook__C
85113910   xdc_runtime_IFilterLogger_Interface__BASE__C
85113914   xdc_runtime_IGateProvider_Interface__BASE__C
85113918   xdc_runtime_IHeap_Interface__BASE__C
8511391c   xdc_runtime_ILogger_Interface__BASE__C
85113920   xdc_runtime_IModule_Interface__BASE__C
85113924   xdc_runtime_Log_L_error__C
85113928   xdc_runtime_LoggerBuf_E_badLevel__C
8511392c   xdc_runtime_LoggerBuf_Module__gateObj__C
85113930   xdc_runtime_LoggerBuf_Object__count__C
85113934   xdc_runtime_LoggerBuf_Object__table__C
85113938   xdc_runtime_LoggerBuf_statusLogger__C
8511393c   xdc_runtime_Memory_defaultHeapInstance__C
85113940   xdc_runtime_Startup_execImpl__C
85113944   xdc_runtime_Startup_maxPasses__C
85113948   xdc_runtime_Startup_lastFxns__A
8511394c   xdc_runtime_Startup_sfxnRts__C
85113950   xdc_runtime_Startup_sfxnTab__C
85113954   xdc_runtime_Startup_startModsFxn__C
85113958   xdc_runtime_System_Module__gateObj__C
8511395c   xdc_runtime_System_extendFxn__C
85113960   xdc_runtime_System_maxAtexitHandlers__C
85113964   xdc_runtime_Text_charTab__C
85113968   xdc_runtime_Text_nameEmpty__C
8511396c   xdc_runtime_Text_nameStatic__C
85113970   xdc_runtime_Text_nameUnknown__C
85113974   xdc_runtime_Text_nodeTab__C
85113978   xdc_runtime_Text_visitRopeFxn__C
8511397c   ti_sysbios_utils_Load_hwiEnabled__C
8511397e   ti_sysbios_utils_Load_swiEnabled__C
85113982   ti_sysbios_utils_Load_taskEnabled__C
85113984   ti_sysbios_utils_Load_updateInIdle__C
85113986   xdc_runtime_Core_Module__id__C
85113988   xdc_runtime_Error_Module__loggerDefined__C
8511398a   xdc_runtime_Error_maxDepth__C
8511398c   xdc_runtime_LoggerBuf_Module__id__C
8511398e   xdc_runtime_LoggerBuf_filterByLevel__C
85113990   xdc_runtime_Memory_Module__id__C
85113992   xdc_runtime_Text_charCnt__C
85113994   xdc_runtime_Text_isLoaded__C
85113996   xdc_runtime_Text_registryModsLastId__C
85113998   xdc_runtime_Text_unnamedModsLastId__C
851139f0   Qmss_lowEoiVector
85113a00   gHostDesc
8511ba00   queueFree
8511da00   qmssGObj
8511de00   ti_sdo_utils_MultiProc_Module__state__V
8511de04   ti_sdo_utils_NameServerRemoteNull_Module__root__V
8511de0c   ti_sysbios_BIOS_Module__state__V
8511de28   ti_sysbios_family_c64p_EventCombiner_Module__state__V
8511e228   ti_sysbios_family_c64p_Exception_Module__state__V
8511e254   ti_sysbios_family_c64p_Hwi_Module__root__V
8511e25c   ti_sysbios_family_c64p_Hwi_Module__state__V
8511e2c4   ti_sysbios_family_c64p_MemoryProtect_Module__state__V
8511e2c8   ti_sysbios_family_c66_tci66xx_CpIntc_Module__state__V
8511e2d8   ti_sysbios_gates_GateHwi_Module__root__V
8511e2e0   ti_sysbios_gates_GateMutex_Module__root__V
8511e2e8   ti_sysbios_hal_Hwi_Module__root__V
8511e2f0   ti_sysbios_hal_Timer_Module__root__V
8511e2f8   ti_sysbios_heaps_HeapBuf_Module__root__V
8511e300   ti_sysbios_heaps_HeapBuf_Module__state__V
8511e304   ti_sysbios_heaps_HeapMem_Module__root__V
8511e30c   ti_sysbios_knl_Clock_Module__root__V
8511e314   ti_sysbios_knl_Clock_Module__state__V
8511e340   ti_sysbios_knl_Event_Module__root__V
8511e348   ti_sysbios_knl_Mailbox_Module__root__V
8511e350   ti_sysbios_knl_Queue_Module__root__V
8511e358   ti_sysbios_knl_Semaphore_Module__root__V
8511e360   ti_sysbios_knl_Swi_Module__root__V
8511e368   ti_sysbios_knl_Swi_Module__state__V
8511e384   ti_sysbios_knl_Task_Module__root__V
8511e38c   ti_sysbios_knl_Task_Module__state__V
8511e3c0   ti_sysbios_timers_timer64_Timer_Module__root__V
8511e3c8   ti_sysbios_timers_timer64_Timer_Module__state__V
8511e3dc   ti_sysbios_utils_Load_Module__state__V
8511e478   xdc_runtime_Error_Module__state__V
8511e47c   xdc_runtime_LoggerBuf_Module__root__V
8511e484   xdc_runtime_LoggerBuf_Module__state__V
8511e48c   xdc_runtime_Memory_Module__state__V
8511e490   xdc_runtime_Registry_Module__state__V
8511e498   xdc_runtime_Startup_Module__state__V
8511e4a0   xdc_runtime_System_Module__state__V
8511e4ac   xdc_runtime_Text_Module__state__V
8511e4b4   __xdc__init__addr
8511e4b8   ti_sysbios_family_c66_tci66xx_CpIntc_Module_State_0_dispatchTab__A
8511e9b8   _ftable
8511eb98   ti_sysbios_timers_timer64_Timer_Module_State_0_device__A
8511ed18   qmssGblCfgParams
8511ee38   _ipcfg
8511ef90   ti_sysbios_knl_Task_Object__table__V
8511efd8   TSK_idle
8511f020   ti_sysbios_knl_Swi_Module_State_0_readyQ__A
8511f0a0   ti_sysbios_knl_Task_Module_State_0_readyQ__A
8511f120   ti_sysbios_timers_timer64_Timer_Module_State_0_gctrl__A
8511f1a0   ti_sysbios_timers_timer64_Timer_Module_State_0_handles__A
8511f220   ti_sysbios_timers_timer64_Timer_Module_State_0_intFreqs__A
8511f318   cppiGblCfgParams
8511f390   ti_sysbios_family_c64p_Hwi_Object__table__V
8511f460   ti_sysbios_family_c66_tci66xx_CpIntc_Module_State_0_hostIntToSysInt__A
8511f4ac   _ft_end
8511f4b0   ti_sysbios_timers_timer64_Timer_Object__table__V
8511f4fc   devParams
8511f540   isrCounter
8511f544   _cleanup_ptr
8511f548   _dtors_ptr
8511f54c   __TI_enable_exit_profile_output
8511f6d0   brev
8511f750   ti_sysbios_gates_GateMutex_Object__table__V
8511f790   axis_payload_len
8511f794   HostName
8511f798   LocalIPAddr
8511f79c   LocalIPMask
8511f7a0   GatewayIP
8511f7a4   DomainName
8511f7a8   DNSServer
8511f7ac   VerStr
8511f7b0   hEcho
8511f7b4   hEchoUdp
8511f808   newParams
8511f80c   __errno
8511f80c   errno
8511f844   cppiLObj
8511f848   ti_sysbios_knl_Swi_Object__table__V
8511f878   _oscfg
8511f89c   paLObj
8511f8a0   xdc_runtime_LoggerBuf_Object__table__V
8511f8e8   Qmss_highEoiVector
8511f908   _lock
8511f90c   _unlock
8511f910   pstrMsgName
8511f930   xdc_runtime_System_Module_State_0_atexitHandlers__A
8511f950   TaskName
8511f968   ReportStr
8511f980   StatusStr
8511f998   ti_sysbios_hal_Hwi_Object__table__V
8511f9b8   ti_sysbios_hal_Timer_Object__table__V
8511f9d8   ti_sysbios_family_c66_tci66xx_CpIntc_Module_State_0_initSIER__A
8511f9f0   ti_sysbios_heaps_HeapMem_Object__table__V
8511fa08   ti_sysbios_family_c64p_MemoryProtect_Module_State_0_controllers__A
8511fa18   ti_sysbios_family_c66_tci66xx_CpIntc_Module_State_0_controller__A
8511fa28   NIMUDeviceTable
8511fa34   factor
8511fa38   mad_result_counter
8511fa68   fft_result_counter
8511fa78   lms_result_counter
8511fa80   ti_sysbios_gates_GateHwi_Object__table__V
8511fa88   Qmss_cdmaEoiVector
8511fa90   gPAInst
8511fb90   gMemL2Ram
8511ff78   gMemL3Ram
85120f20   DebugLog
85121800   ti_sysbios_family_c64p_Hwi0
85121820   ti_sysbios_family_c64p_Hwi1
85121840   ti_sysbios_family_c64p_Hwi2
85121860   ti_sysbios_family_c64p_Hwi3
85121880   ti_sysbios_family_c64p_Hwi4
851218a0   ti_sysbios_family_c64p_Hwi5
851218c0   ti_sysbios_family_c64p_Hwi6
851218e0   ti_sysbios_family_c64p_Hwi7
85121900   ti_sysbios_family_c64p_Hwi8
85121920   ti_sysbios_family_c64p_Hwi9
85121940   ti_sysbios_family_c64p_Hwi10
85121960   ti_sysbios_family_c64p_Hwi11
85121980   ti_sysbios_family_c64p_Hwi12
851219a0   ti_sysbios_family_c64p_Hwi13
851219c0   ti_sysbios_family_c64p_Hwi14
851219e0   ti_sysbios_family_c64p_Hwi15
85121c00   cppiObject
85121e00   __TI_STATIC_BASE
85121e18   _IGMPInDiscard
85121e1c   _IGMPInQuery
85121e20   _IGMPInQueryGroup
85121e24   _IGMPInResponse
85121e28   _IGMPOutResponse
85121e5c   CONTENT_TYPE_APPLET
85121e60   CONTENT_TYPE_AU
85121e64   CONTENT_TYPE_CSS
85121e68   CONTENT_TYPE_DOC
85121e6c   CONTENT_TYPE_GIF
85121e70   CONTENT_TYPE_HTML
85121e74   CONTENT_TYPE_JPG
85121e78   CONTENT_TYPE_MPEG
85121e7c   CONTENT_TYPE_PDF
85121e80   CONTENT_TYPE_WAV
85121e84   CONTENT_TYPE_ZIP
85121e88   CONTENT_TYPE
85121e8c   CONTENT_LENGTH
85121e90   CRLF
85121e94   DEFAULT_NAME
85121e98   HTTP_VER
85121e9c   SPACE
85121ea0   PITCount
85121ea4   PITUsed
85121ea8   PITHigh
85121f30   _IGMPForceVersion1
85121f44   DebugLogSize
85121f48   DebugCritError
85121f54   _ICMPInErrors
85121f58   _ICMPOutErrors
85121f5c   _IPExecuting
85121f6c   gFragQList
85121f8c   tcp_iss
85121f90   ptTimeFirst
85121f94   pt6TimeFirst
85121f98   tcp6_iss
85121fb0   httpErrorResponseHook
85121fbc   _IPReasmPtr
85121fc4   gMLDNodeList
85121fd8   qmssLObjIsValid
85121fdc   IPV6_MAX_MULTICAST_SOLICIT
85121fe0   IPV6_MAX_UNICAST_SOLICIT
85121fe4   IPV6_RETRANS_TIME
85121fe8   IPV6_DELAY_FIRST_PROBE_TIME
85121fec   IPV6_REACHABLE_TIME
85121ff0   IPV6_MAX_RTR_SOLICITATION_DELAY
85121ff4   IPV6_RTR_SOLICITATION_INTERVAL
85121ff8   IPV6_MAX_RTR_SOLICITATIONS
85121ffc   INFINITE_LT
85122000   ti_ndk_config_Global_rawPageSize
85122004   ti_ndk_config_Global_rawPageCount
85122008   ti_ndk_config_Global_smallest
8512200c   ti_ndk_config_Global_largest
85122010   ti_ndk_config_Global_numFrameBuf
85122014   ti_ndk_config_Global_sizeFrameBuf
85122018   __CIOBUF_
85122140   gGlobalFreeQHnd
85122148   gPassCpdmaTxChanHnd
85122170   gPassCpdmaRxChanHnd
851221d0   gPassCpdmaHnd
851221d4   gPAInstHnd
851221d8   gQPopErrorCounter
851221dc   gQPushErrorCounter
851237bc   __TI_Handler_Table_Base
851237c8   __TI_Handler_Table_Limit
85123834   __TI_CINIT_Base
851238cc   __TI_CINIT_Limit
ffffffff   __TI_pprof_out_hndl
ffffffff   __TI_prof_data_size
ffffffff   __TI_prof_data_start
ffffffff   __binit__
ffffffff   __c_args__
ffffffff   binit
UNDEFED    __TI_INITARRAY_Base
UNDEFED    __TI_INITARRAY_Limit

[1754 symbols]
